--------- beginning of /dev/log/system
D/PerformBackupTask(  564): invokeAgentForBackup on android
I/PerformBackupTask(  564): Backup pass finished.
W/ProcessCpuTracker(  564): Skipping unknown process pid 23796
W/ProcessCpuTracker(  564): Skipping unknown process pid 23797
W/ProcessCpuTracker(  564): Skipping unknown process pid 23798
D/ConnectivityService(  564): handleInetConditionHoldEnd: net=1, condition=100, published condition=100
D/ConnectivityService(  564): Sampling interval elapsed, updating statistics ..
D/ConnectivityService(  564): Done.
D/ConnectivityService(  564): Setting timer for 720seconds
D/BackupManagerService(  564): Now staging backup of android
D/ConnectivityService(  564): Sampling interval elapsed, updating statistics ..
D/ConnectivityService(  564): Done.
D/ConnectivityService(  564): Setting timer for 720seconds
D/ConnectivityService(  564): handleInetConditionHoldEnd: net=1, condition=100, published condition=100
W/ProcessCpuTracker(  564): Skipping unknown process pid 24156
W/ProcessCpuTracker(  564): Skipping unknown process pid 24161
W/ProcessCpuTracker(  564): Skipping unknown process pid 24165
D/ConnectivityService(  564): Sampling interval elapsed, updating statistics ..
D/ConnectivityService(  564): Done.
D/ConnectivityService(  564): Setting timer for 720seconds
D/ConnectivityService(  564): handleInetConditionHoldEnd: net=1, condition=100, published condition=100
D/ConnectivityService(  564): Sampling interval elapsed, updating statistics ..
D/ConnectivityService(  564): Done.
D/ConnectivityService(  564): Setting timer for 720seconds
D/ConnectivityService(  564): handleInetConditionHoldEnd: net=1, condition=100, published condition=100
D/ConnectivityService(  564): Sampling interval elapsed, updating statistics ..
D/ConnectivityService(  564): Done.
D/ConnectivityService(  564): Setting timer for 720seconds
V/BackupManagerService(  564): Running a backup pass
V/BackupManagerService(  564): clearing pending backups
V/PerformBackupTask(  564): Beginning backup of 1 targets
D/PerformBackupTask(  564): invokeAgentForBackup on @pm@
I/PerformBackupTask(  564): no backup data written; not calling transport
D/PerformBackupTask(  564): starting agent for backup of BackupRequest{pkg=android}
D/BackupManagerService(  564): awaiting agent for ApplicationInfo{4206aac0 android}
D/BackupManagerService(  564): agentConnected pkg=android agent=android.app.backup.BackupAgent$BackupServiceBinder@429a8eb0
I/BackupManagerService(  564): got agent android.app.backup.BackupAgent$BackupServiceBinder@429a8eb0
D/PerformBackupTask(  564): invokeAgentForBackup on android
I/PerformBackupTask(  564): Backup pass finished.
W/ProcessCpuTracker(  564): Skipping unknown process pid 24645
W/ProcessCpuTracker(  564): Skipping unknown process pid 24646
W/ProcessCpuTracker(  564): Skipping unknown process pid 24647
W/ProcessCpuTracker(  564): Skipping unknown process pid 24648
D/ConnectivityService(  564): Sampling interval elapsed, updating statistics ..
D/ConnectivityService(  564): Done.
D/ConnectivityService(  564): Setting timer for 720seconds
D/ConnectivityService(  564): handleInetConditionHoldEnd: net=1, condition=100, published condition=100
W/ProcessCpuTracker(  564): Skipping unknown process pid 24724
W/ProcessCpuTracker(  564): Skipping unknown process pid 24726
W/ProcessCpuTracker(  564): Skipping unknown process pid 24727
W/ProcessCpuTracker(  564): Skipping unknown process pid 24729
W/ProcessCpuTracker(  564): Skipping unknown process pid 24730
W/ProcessCpuTracker(  564): Skipping unknown process pid 24732
D/BackupManagerService(  564): Now staging backup of android
D/ConnectivityService(  564): Sampling interval elapsed, updating statistics ..
D/ConnectivityService(  564): Done.
D/ConnectivityService(  564): Setting timer for 720seconds
D/ConnectivityService(  564): handleInetConditionHoldEnd: net=1, condition=100, published condition=100
I/PowerManagerService(  564): Waking up from sleep...
I/WindowManager(  564): Lock screen displayed!
D/DisplayPowerController(  564): Unblocked screen on after 45816059 ms
I/ActivityManager(  564): Start proc eu.chainfire.supersu for broadcast eu.chainfire.supersu/.UserPresentReceiver: pid=25015 uid=10075 gids={50075}
W/InputMethodManagerService(  564): Window already focused, ignoring focus gain of: com.android.internal.view.IInputMethodClient$Stub$Proxy@42927eb0 attribute=android.view.inputmethod.EditorInfo@42a3c118, token = android.os.BinderProxy@42a08128
I/ActivityManager(  564): START u0 {cmp=com.hexin.plat.android/.Hexin bnds=[96,852][988,980] (has extras)} from pid -1
W/ActivityManager(  564): startActivity called from non-Activity context; forcing Intent.FLAG_ACTIVITY_NEW_TASK for: Intent { cmp=com.hexin.plat.android/.Hexin bnds=[96,852][988,980] (has extras) }
I/ActivityManager(  564): Config changes=480 {1.0 302mcc?mnc zh_CN ldltr sw600dp w600dp h887dp 320dpi lrg port finger -keyb/v/h -nav/h s.11}
D/ConnectivityService(  564): handleInetConditionHoldEnd: net=1, condition=100, published condition=100
I/ActivityManager(  564): Start proc com.ths.uninstall.service for service com.hexin.plat.android/com.hexin.android.service.UninstallListenService: pid=25077 uid=10084 gids={50084, 3003, 1028, 1015}
D/ConnectivityService(  564): handleInetConditionHoldEnd: net=1, condition=100, published condition=100
W/WindowManager(  564): Window freeze timeout expired.
W/WindowManager(  564): Force clearing orientation change: Window{427a1de8 u0 Starting com.hexin.plat.android}
W/WindowManager(  564): Force clearing orientation change: Window{42795e88 u0 com.hexin.plat.android/com.hexin.plat.android.Hexin}
W/WindowManager(  564): Force clearing orientation change: Window{41f2cfd0 u0 com.android.systemui.ImageWallpaper}
D/ConnectivityService(  564): handleInetConditionHoldEnd: net=1, condition=100, published condition=100
I/WindowManager(  564): Screen frozen for +2s398ms due to Window{427a1de8 u0 Starting com.hexin.plat.android}
D/ConnectivityService(  564): handleInetConditionHoldEnd: net=1, condition=100, published condition=100
I/ActivityManager(  564): START u0 {act=android.intent.action.MAIN cat=[android.intent.category.HOME] flg=0x10200000 cmp=com.android.launcher/com.android.launcher2.Launcher} from pid 564
I/ActivityManager(  564): Start proc com.hexin.plat.android:remote for service com.hexin.plat.android/com.hexin.android.service.AppUpgradeService: pid=25297 uid=10084 gids={50084, 3003, 1028, 1015}
I/ActivityManager(  564): Process com.hexin.plat.android:remote (pid 25297) has died.
W/InputMethodManagerService(  564): Window already focused, ignoring focus gain of: com.android.internal.view.IInputMethodClient$Stub$Proxy@429b0348 attribute=null, token = android.os.BinderProxy@42bdfc18
I/ActivityManager(  564): START u0 {act=android.intent.action.MAIN cat=[android.intent.category.LAUNCHER] flg=0x10200000 pkg=com.supercell.clashofclans cmp=com.supercell.clashofclans/.GameApp bnds=[408,901][600,1093]} from pid 853
I/ActivityManager(  564): Config changes=480 {1.0 302mcc?mnc zh_CN ldltr sw600dp w960dp h527dp 320dpi lrg land finger -keyb/v/h -nav/h s.12}
I/WindowManager(  564): Screen frozen for +448ms due to Window{42767d78 u0 Starting com.supercell.clashofclans}
E/ActivityThread(21190): Failed to find provider info for com.supercell.clashofclans
D/ConnectivityService(  564): Sampling interval elapsed, updating statistics ..
D/ConnectivityService(  564): Done.
D/ConnectivityService(  564): Setting timer for 720seconds
I/ActivityManager(  564): Start proc com.hexin.plat.android:remote for service com.hexin.plat.android/com.hexin.android.service.AppUpgradeService: pid=25560 uid=10084 gids={50084, 3003, 1028, 1015}
I/ActivityManager(  564): Process com.hexin.plat.android (pid 2107) has died.
I/WindowState(  564): WIN DEATH: Window{42795e88 u0 com.hexin.plat.android/com.hexin.plat.android.Hexin}
F/ActivityManager(  564): Service ServiceRecord{426dd420 u0 com.hexin.plat.android/.CommunicationService} in process ProcessRecord{429b05e8 2107:com.hexin.plat.android/u0a84} not same as in map: null
I/WindowState(  564): WIN DEATH: Window{42a29d30 u0 com.hexin.plat.android/com.hexin.plat.android.Hexin}
I/ActivityManager(  564): Process com.hexin.plat.android:remote (pid 25560) has died.
I/ActivityManager(  564): Start proc com.hexin.plat.android for service com.hexin.plat.android/.CommunicationService: pid=25580 uid=10084 gids={50084, 3003, 1028, 1015}
I/PowerManagerService(  564): Going to sleep due to screen timeout...
I/PowerManagerService(  564): Waking up from sleep...
I/WindowManager(  564): Lock screen displayed!
D/DisplayPowerController(  564): Unblocked screen on after 46292070 ms
W/InputMethodManagerService(  564): Window already focused, ignoring focus gain of: com.android.internal.view.IInputMethodClient$Stub$Proxy@429c6168 attribute=android.view.inputmethod.EditorInfo@42bf0110, token = android.os.BinderProxy@41f2d930
I/ActivityManager(  564): Killing 19092:com.google.android.calendar/u0a33 (adj 15): empty for 1817s
I/ActivityManager(  564): Killing 19117:com.android.providers.calendar/u0a1 (adj 15): empty for 1818s
I/ActivityManager(  564): Killing 19055:com.google.android.keep/u0a53 (adj 15): empty for 1818s
I/ActivityManager(  564): Process com.supercell.clashofclans (pid 21190) has died.
I/WindowState(  564): WIN DEATH: Window{42983090 u0 com.supercell.clashofclans/com.supercell.clashofclans.GameApp}
W/WindowManager(  564): Force-removing child win Window{42a5f688 u0 SurfaceView} from container Window{42983090 u0 com.supercell.clashofclans/com.supercell.clashofclans.GameApp}
W/WindowManager(  564): Failed looking up window
W/WindowManager(  564): java.lang.IllegalArgumentException: Requested window android.os.BinderProxy@4285e2a0 does not exist
W/WindowManager(  564): 	at com.android.server.wm.WindowManagerService.windowForClientLocked(WindowManagerService.java:7939)
W/WindowManager(  564): 	at com.android.server.wm.WindowManagerService.windowForClientLocked(WindowManagerService.java:7930)
W/WindowManager(  564): 	at com.android.server.wm.WindowState$DeathRecipient.binderDied(WindowState.java:1047)
W/WindowManager(  564): 	at android.os.BinderProxy.sendDeathNotice(Binder.java:493)
W/WindowManager(  564): 	at dalvik.system.NativeStart.run(Native Method)
I/WindowState(  564): WIN DEATH: null
I/ActivityManager(  564): START u0 {act=android.intent.action.MAIN cat=[android.intent.category.LAUNCHER] flg=0x10200000 cmp=com.android.chrome/com.google.android.apps.chrome.Main bnds=[1766,950][1906,1090]} from pid 853
I/ActivityManager(  564): Start proc com.android.chrome:sandboxed_process5 for service com.android.chrome/org.chromium.content.app.SandboxedProcessService5: pid=25893 uid=99018 gids={}
W/FileUtils(25893): Failed to chmod(/data/data/com.android.chrome/app_lib): libcore.io.ErrnoException: chmod failed: ENOENT (No such file or directory)
D/ConnectivityService(  564): handleInetConditionHoldEnd: net=1, condition=100, published condition=100
I/ActivityManager(  564): Start proc com.android.chrome:sandboxed_process8 for service com.android.chrome/org.chromium.content.app.SandboxedProcessService8: pid=25930 uid=99019 gids={}
W/ActivityManager(  564): Exception when unbinding service com.android.chrome/org.chromium.content.app.SandboxedProcessService5
W/ActivityManager(  564): android.os.TransactionTooLargeException
W/ActivityManager(  564): 	at android.os.BinderProxy.transact(Native Method)
W/ActivityManager(  564): 	at android.app.ApplicationThreadProxy.scheduleUnbindService(ApplicationThreadNative.java:874)
W/ActivityManager(  564): 	at com.android.server.am.ActiveServices.removeConnectionLocked(ActiveServices.java:1713)
W/ActivityManager(  564): 	at com.android.server.am.ActiveServices.unbindServiceLocked(ActiveServices.java:860)
W/ActivityManager(  564): 	at com.android.server.am.ActivityManagerService.unbindService(ActivityManagerService.java:12776)
W/ActivityManager(  564): 	at android.app.ActivityManagerNative.onTransact(ActivityManagerNative.java:869)
W/ActivityManager(  564): 	at com.android.server.am.ActivityManagerService.onTransact(ActivityManagerService.java:2071)
W/ActivityManager(  564): 	at android.os.Binder.execTransact(Binder.java:404)
W/ActivityManager(  564): 	at dalvik.system.NativeStart.run(Native Method)
I/ActivityManager(  564): Process com.android.chrome:sandboxed_process5 (pid 25893) has died.
W/FileUtils(25930): Failed to chmod(/data/data/com.android.chrome/app_lib): libcore.io.ErrnoException: chmod failed: ENOENT (No such file or directory)
I/ActivityManager(  564): Start proc com.android.chrome:sandboxed_process9 for service com.android.chrome/org.chromium.content.app.SandboxedProcessService9: pid=25968 uid=99020 gids={}
W/FileUtils(25968): Failed to chmod(/data/data/com.android.chrome/app_lib): libcore.io.ErrnoException: chmod failed: ENOENT (No such file or directory)
I/ActivityManager(  564): Process com.android.chrome:sandboxed_process3 (pid 18817) has died.
W/ActivityManager(  564): Scheduling restart of crashed service com.android.chrome/org.chromium.content.app.SandboxedProcessService3 in 1000ms
I/ActivityManager(  564): Start proc com.android.chrome:sandboxed_process7 for service com.android.chrome/org.chromium.content.app.SandboxedProcessService7: pid=26011 uid=99021 gids={}
W/FileUtils(26011): Failed to chmod(/data/data/com.android.chrome/app_lib): libcore.io.ErrnoException: chmod failed: ENOENT (No such file or directory)
W/ActivityManager(  564): Exception when unbinding service com.android.chrome/org.chromium.content.app.SandboxedProcessService7
W/ActivityManager(  564): android.os.TransactionTooLargeException
W/ActivityManager(  564): 	at android.os.BinderProxy.transact(Native Method)
W/ActivityManager(  564): 	at android.app.ApplicationThreadProxy.scheduleUnbindService(ApplicationThreadNative.java:874)
W/ActivityManager(  564): 	at com.android.server.am.ActiveServices.removeConnectionLocked(ActiveServices.java:1713)
W/ActivityManager(  564): 	at com.android.server.am.ActiveServices.unbindServiceLocked(ActiveServices.java:860)
W/ActivityManager(  564): 	at com.android.server.am.ActivityManagerService.unbindService(ActivityManagerService.java:12776)
W/ActivityManager(  564): 	at android.app.ActivityManagerNative.onTransact(ActivityManagerNative.java:869)
W/ActivityManager(  564): 	at com.android.server.am.ActivityManagerService.onTransact(ActivityManagerService.java:2071)
W/ActivityManager(  564): 	at android.os.Binder.execTransact(Binder.java:404)
W/ActivityManager(  564): 	at dalvik.system.NativeStart.run(Native Method)
I/ActivityManager(  564): Process com.android.chrome:sandboxed_process7 (pid 26011) has died.
W/ProcessCpuTracker(  564): Skipping unknown process pid 26884
W/ProcessCpuTracker(  564): Skipping unknown process pid 26895
D/ConnectivityService(  564): Sampling interval elapsed, updating statistics ..
D/ConnectivityService(  564): Done.
D/ConnectivityService(  564): Setting timer for 720seconds
I/ActivityManager(  564): Killing 19485:android.process.acore/u0a3 (adj 15): empty for 1805s
I/ActivityManager(  564): Killing 21473:com.google.android.partnersetup/u0a11 (adj 15): empty for 1803s
I/ActivityManager(  564): Start proc com.android.chrome:sandboxed_process10 for service com.android.chrome/org.chromium.content.app.SandboxedProcessService10: pid=28002 uid=99022 gids={}
W/FileUtils(28002): Failed to chmod(/data/data/com.android.chrome/app_lib): libcore.io.ErrnoException: chmod failed: ENOENT (No such file or directory)
I/ActivityManager(  564): Killing 25968:com.android.chrome:sandboxed_process9/u0a37i20 (adj 9): isolated not needed
I/ActivityManager(  564): Killing 21692:com.github.mobile/u0a113 (adj 15): empty for 1818s
I/ProcessStatsService(  564): Prepared write state in 9ms
I/ProcessStatsService(  564): Prepared write state in 0ms
I/ProcessStatsService(  564): Pruning old procstats: /data/system/procstats/state-2014-06-28-20-06-05.bin
D/ConnectivityService(  564): Sampling interval elapsed, updating statistics ..
D/ConnectivityService(  564): Done.
D/ConnectivityService(  564): Setting timer for 720seconds
D/ConnectivityService(  564): handleInetConditionHoldEnd: net=1, condition=100, published condition=100
I/ActivityManager(  564): Process com.android.chrome:sandboxed_process10 (pid 28002) has died.
W/ActivityManager(  564): Scheduling restart of crashed service com.android.chrome/org.chromium.content.app.SandboxedProcessService10 in 1000ms
F/ProcessStats(  564): Starting service ServiceState{42bbb160 org.chromium.content.app.SandboxedProcessService10 pkg=com.android.chrome proc=42bbb160} without owner
I/PowerManagerService(  564): Going to sleep by user request...
W/ProcessCpuTracker(  564): Skipping unknown process pid 30174
W/ProcessCpuTracker(  564): Skipping unknown process pid 30177
W/ProcessCpuTracker(  564): Skipping unknown process pid 30178
I/PowerManagerService(  564): Waking up from sleep...
I/WindowManager(  564): Lock screen displayed!
D/DisplayPowerController(  564): Unblocked screen on after 47596086 ms
W/InputMethodManagerService(  564): Window already focused, ignoring focus gain of: com.android.internal.view.IInputMethodClient$Stub$Proxy@426fe090 attribute=android.view.inputmethod.EditorInfo@4208cd20, token = android.os.BinderProxy@42a08128
D/ConnectivityService(  564): handleInetConditionHoldEnd: net=1, condition=100, published condition=100
I/ActivityManager(  564): Start proc com.android.chrome:sandboxed_process12 for service com.android.chrome/org.chromium.content.app.SandboxedProcessService12: pid=30334 uid=99023 gids={}
W/FileUtils(30334): Failed to chmod(/data/data/com.android.chrome/app_lib): libcore.io.ErrnoException: chmod failed: ENOENT (No such file or directory)
I/ActivityManager(  564): Start proc com.android.chrome:sandboxed_process11 for service com.android.chrome/org.chromium.content.app.SandboxedProcessService11: pid=30379 uid=99024 gids={}
W/FileUtils(30379): Failed to chmod(/data/data/com.android.chrome/app_lib): libcore.io.ErrnoException: chmod failed: ENOENT (No such file or directory)
I/ActivityManager(  564): Process com.android.chrome:sandboxed_process12 (pid 30334) has died.
W/ActivityManager(  564): Scheduling restart of crashed service com.android.chrome/org.chromium.content.app.SandboxedProcessService12 in 1000ms
I/ActivityManager(  564): Start proc com.android.chrome:sandboxed_process0 for service com.android.chrome/org.chromium.content.app.SandboxedProcessService0: pid=30442 uid=99025 gids={}
W/FileUtils(30442): Failed to chmod(/data/data/com.android.chrome/app_lib): libcore.io.ErrnoException: chmod failed: ENOENT (No such file or directory)
I/ActivityManager(  564): Start proc com.android.chrome:sandboxed_process6 for service com.android.chrome/org.chromium.content.app.SandboxedProcessService6: pid=30468 uid=99026 gids={}
I/ActivityManager(  564): Process com.android.chrome:sandboxed_process0 (pid 30442) has died.
W/ActivityManager(  564): Scheduling restart of crashed service com.android.chrome/org.chromium.content.app.SandboxedProcessService0 in 1000ms
W/FileUtils(30468): Failed to chmod(/data/data/com.android.chrome/app_lib): libcore.io.ErrnoException: chmod failed: ENOENT (No such file or directory)
W/ActivityManager(  564): Exception when unbinding service com.android.chrome/org.chromium.content.app.SandboxedProcessService11
W/ActivityManager(  564): android.os.TransactionTooLargeException
W/ActivityManager(  564): 	at android.os.BinderProxy.transact(Native Method)
W/ActivityManager(  564): 	at android.app.ApplicationThreadProxy.scheduleUnbindService(ApplicationThreadNative.java:874)
W/ActivityManager(  564): 	at com.android.server.am.ActiveServices.removeConnectionLocked(ActiveServices.java:1713)
W/ActivityManager(  564): 	at com.android.server.am.ActiveServices.unbindServiceLocked(ActiveServices.java:860)
W/ActivityManager(  564): 	at com.android.server.am.ActivityManagerService.unbindService(ActivityManagerService.java:12776)
W/ActivityManager(  564): 	at android.app.ActivityManagerNative.onTransact(ActivityManagerNative.java:869)
W/ActivityManager(  564): 	at com.android.server.am.ActivityManagerService.onTransact(ActivityManagerService.java:2071)
W/ActivityManager(  564): 	at android.os.Binder.execTransact(Binder.java:404)
W/ActivityManager(  564): 	at dalvik.system.NativeStart.run(Native Method)
I/ActivityManager(  564): Process com.android.chrome:sandboxed_process11 (pid 30379) has died.
W/InputMethodManagerService(  564): Window already focused, ignoring focus gain of: com.android.internal.view.IInputMethodClient$Stub$Proxy@42d0f440 attribute=null, token = android.os.BinderProxy@42a08128
V/BackupManagerService(  564): Running a backup pass
V/BackupManagerService(  564): clearing pending backups
V/PerformBackupTask(  564): Beginning backup of 1 targets
D/PerformBackupTask(  564): invokeAgentForBackup on @pm@
I/PerformBackupTask(  564): no backup data written; not calling transport
D/PerformBackupTask(  564): starting agent for backup of BackupRequest{pkg=android}
D/BackupManagerService(  564): awaiting agent for ApplicationInfo{4206aac0 android}
D/BackupManagerService(  564): agentConnected pkg=android agent=android.app.backup.BackupAgent$BackupServiceBinder@42d2a460
I/BackupManagerService(  564): got agent android.app.backup.BackupAgent$BackupServiceBinder@42d2a460
D/PerformBackupTask(  564): invokeAgentForBackup on android
I/PerformBackupTask(  564): Backup pass finished.
I/ActivityManager(  564): Start proc com.android.chrome:sandboxed_process2 for service com.android.chrome/org.chromium.content.app.SandboxedProcessService2: pid=31672 uid=99027 gids={}
W/FileUtils(31672): Failed to chmod(/data/data/com.android.chrome/app_lib): libcore.io.ErrnoException: chmod failed: ENOENT (No such file or directory)
W/ActivityManager(  564): Exception when unbinding service com.android.chrome/org.chromium.content.app.SandboxedProcessService6
W/ActivityManager(  564): android.os.TransactionTooLargeException
W/ActivityManager(  564): 	at android.os.BinderProxy.transact(Native Method)
W/ActivityManager(  564): 	at android.app.ApplicationThreadProxy.scheduleUnbindService(ApplicationThreadNative.java:874)
W/ActivityManager(  564): 	at com.android.server.am.ActiveServices.removeConnectionLocked(ActiveServices.java:1713)
W/ActivityManager(  564): 	at com.android.server.am.ActiveServices.unbindServiceLocked(ActiveServices.java:860)
W/ActivityManager(  564): 	at com.android.server.am.ActivityManagerService.unbindService(ActivityManagerService.java:12776)
W/ActivityManager(  564): 	at android.app.ActivityManagerNative.onTransact(ActivityManagerNative.java:869)
W/ActivityManager(  564): 	at com.android.server.am.ActivityManagerService.onTransact(ActivityManagerService.java:2071)
W/ActivityManager(  564): 	at android.os.Binder.execTransact(Binder.java:404)
W/ActivityManager(  564): 	at dalvik.system.NativeStart.run(Native Method)
I/ActivityManager(  564): Process com.android.chrome:sandboxed_process6 (pid 30468) has died.
I/ActivityManager(  564): START u0 {act=android.intent.action.MAIN cat=[android.intent.category.HOME] flg=0x10200000 cmp=com.android.launcher/com.android.launcher2.Launcher} from pid 564
I/ActivityManager(  564): Process com.android.chrome:sandboxed_process2 (pid 31672) has died.
W/ActivityManager(  564): Scheduling restart of crashed service com.android.chrome/org.chromium.content.app.SandboxedProcessService2 in 1000ms
I/ActivityManager(  564): START u0 {act=android.intent.action.MAIN cat=[android.intent.category.LAUNCHER] flg=0x10200000 pkg=com.supercell.clashofclans cmp=com.supercell.clashofclans/.GameApp bnds=[740,577][916,753]} from pid 853
I/ActivityManager(  564): Start proc com.supercell.clashofclans for activity com.supercell.clashofclans/.GameApp: pid=32607 uid=10114 gids={50114, 3003}
D/ConnectivityService(  564): handleInetConditionHoldEnd: net=1, condition=100, published condition=100
I/WindowManager(  564): Screen frozen for +49ms due to Window{41f4fd90 u0 Keyguard}
I/WindowManager(  564): Screen frozen for +121ms due to Window{41f4fd90 u0 Keyguard}
E/ActivityThread(32607): Failed to find provider info for com.supercell.clashofclans
D/ConnectivityService(  564): Sampling interval elapsed, updating statistics ..
D/ConnectivityService(  564): Done.
D/ConnectivityService(  564): Setting timer for 720seconds
D/BackupManagerService(  564): Now staging backup of android
I/ActivityManager(  564): START u0 {act=android.intent.action.MAIN cat=[android.intent.category.LAUNCHER] flg=0x10200000 cmp=com.android.chrome/com.google.android.apps.chrome.Main bnds=[1766,950][1906,1090]} from pid 853
I/ActivityManager(  564): Process com.supercell.clashofclans (pid 32607) has died.
I/WindowState(  564): WIN DEATH: Window{42795e88 u0 com.supercell.clashofclans/com.supercell.clashofclans.GameApp}
W/WindowManager(  564): Force-removing child win Window{42906c78 u0 SurfaceView} from container Window{42795e88 u0 com.supercell.clashofclans/com.supercell.clashofclans.GameApp}
D/ConnectivityService(  564): handleInetConditionHoldEnd: net=1, condition=100, published condition=100
I/ActivityManager(  564): Start proc com.android.chrome:sandboxed_process1 for service com.android.chrome/org.chromium.content.app.SandboxedProcessService1: pid=474 uid=99028 gids={}
W/FileUtils(  474): Failed to chmod(/data/data/com.android.chrome/app_lib): libcore.io.ErrnoException: chmod failed: ENOENT (No such file or directory)
W/ActivityManager(  564): Exception when unbinding service com.android.chrome/org.chromium.content.app.SandboxedProcessService8
W/ActivityManager(  564): android.os.TransactionTooLargeException
W/ActivityManager(  564): 	at android.os.BinderProxy.transact(Native Method)
W/ActivityManager(  564): 	at android.app.ApplicationThreadProxy.scheduleUnbindService(ApplicationThreadNative.java:874)
W/ActivityManager(  564): 	at com.android.server.am.ActiveServices.removeConnectionLocked(ActiveServices.java:1713)
W/ActivityManager(  564): 	at com.android.server.am.ActiveServices.unbindServiceLocked(ActiveServices.java:860)
W/ActivityManager(  564): 	at com.android.server.am.ActivityManagerService.unbindService(ActivityManagerService.java:12776)
W/ActivityManager(  564): 	at android.app.ActivityManagerNative.onTransact(ActivityManagerNative.java:869)
W/ActivityManager(  564): 	at com.android.server.am.ActivityManagerService.onTransact(ActivityManagerService.java:2071)
W/ActivityManager(  564): 	at android.os.Binder.execTransact(Binder.java:404)
W/ActivityManager(  564): 	at dalvik.system.NativeStart.run(Native Method)
I/ActivityManager(  564): Process com.android.chrome:sandboxed_process8 (pid 25930) has died.
I/ActivityManager(  564): Start proc com.android.chrome:sandboxed_process4 for service com.android.chrome/org.chromium.content.app.SandboxedProcessService4: pid=680 uid=99029 gids={}
W/FileUtils(  680): Failed to chmod(/data/data/com.android.chrome/app_lib): libcore.io.ErrnoException: chmod failed: ENOENT (No such file or directory)
I/ActivityManager(  564): START u0 {act=android.intent.action.MAIN cat=[android.intent.category.HOME] flg=0x10200000 cmp=com.android.launcher/com.android.launcher2.Launcher} from pid 564
I/ActivityManager(  564): Process com.android.chrome:sandboxed_process4 (pid 680) has died.
W/ActivityManager(  564): Scheduling restart of crashed service com.android.chrome/org.chromium.content.app.SandboxedProcessService4 in 1000ms
I/ActivityManager(  564): Process com.android.chrome:sandboxed_process1 (pid 474) has died.
W/ActivityManager(  564): Scheduling restart of crashed service com.android.chrome/org.chromium.content.app.SandboxedProcessService1 in 10992ms
I/ActivityManager(  564): START u0 {act=android.intent.action.MAIN cat=[android.intent.category.LAUNCHER] flg=0x10200000 pkg=com.supercell.clashofclans cmp=com.supercell.clashofclans/.GameApp bnds=[740,577][916,753]} from pid 853
I/ActivityManager(  564): Start proc com.supercell.clashofclans for activity com.supercell.clashofclans/.GameApp: pid=758 uid=10114 gids={50114, 3003}
D/ConnectivityService(  564): handleInetConditionHoldEnd: net=1, condition=100, published condition=100
E/ActivityThread(  758): Failed to find provider info for com.supercell.clashofclans
D/ConnectivityService(  564): Sampling interval elapsed, updating statistics ..
D/ConnectivityService(  564): Done.
D/ConnectivityService(  564): Setting timer for 720seconds
I/ActivityManager(  564): START u0 {act=android.intent.action.MAIN cat=[android.intent.category.LAUNCHER] flg=0x10200000 cmp=com.android.chrome/com.google.android.apps.chrome.Main bnds=[1766,950][1906,1090]} from pid 853
I/ActivityManager(  564): Process com.supercell.clashofclans (pid 758) has died.
I/WindowState(  564): WIN DEATH: Window{4293b320 u0 com.supercell.clashofclans/com.supercell.clashofclans.GameApp}
W/WindowManager(  564): Force-removing child win Window{42cfd838 u0 SurfaceView} from container Window{4293b320 u0 com.supercell.clashofclans/com.supercell.clashofclans.GameApp}
W/WindowManager(  564): Failed looking up window
W/WindowManager(  564): java.lang.IllegalArgumentException: Requested window android.os.BinderProxy@41f6b400 does not exist
W/WindowManager(  564): 	at com.android.server.wm.WindowManagerService.windowForClientLocked(WindowManagerService.java:7939)
W/WindowManager(  564): 	at com.android.server.wm.WindowManagerService.windowForClientLocked(WindowManagerService.java:7930)
W/WindowManager(  564): 	at com.android.server.wm.WindowState$DeathRecipient.binderDied(WindowState.java:1047)
W/WindowManager(  564): 	at android.os.BinderProxy.sendDeathNotice(Binder.java:493)
W/WindowManager(  564): 	at dalvik.system.NativeStart.run(Native Method)
I/WindowState(  564): WIN DEATH: null
I/ActivityManager(  564): START u0 {act=android.intent.action.MAIN cat=[android.intent.category.HOME] flg=0x10200000 cmp=com.android.launcher/com.android.launcher2.Launcher} from pid 564
I/ActivityManager(  564): START u0 {act=android.intent.action.MAIN cat=[android.intent.category.LAUNCHER] flg=0x10200000 pkg=com.facebook.katana cmp=com.facebook.katana/.LoginActivity bnds=[740,577][916,753]} from pid 853
I/ActivityManager(  564): Start proc com.facebook.katana:nodex for activity com.facebook.katana/.LoginActivity: pid=1222 uid=10089 gids={50089, 1028, 1015, 3003}
I/ActivityManager(  564): START u0 {flg=0x4000000 cmp=com.facebook.katana/.ProtectedLoginActivity} from pid 1222
I/ActivityManager(  564): START u0 {flg=0x4000000 cmp=com.facebook.katana/.FacebookLoginActivity} from pid 10884
I/ActivityManager(  564): START u0 {cmp=com.facebook.katana/.activity.FbMainTabFrameworkActivity} from pid 10884
I/ActivityManager(  564): Delay finish: com.android.chrome/com.google.android.apps.chrome.snapshot.gcm.GcmReceiver$Receiver
I/ActivityManager(  564): Resuming delayed broadcast
D/ConnectivityService(  564): handleInetConditionHoldEnd: net=1, condition=100, published condition=100
I/ActivityManager(  564): START u0 {flg=0x24000000 cmp=com.supercell.clashofclans/.GameApp bnds=[96,292][988,420]} from pid -1
W/ActivityManager(  564): startActivity called from non-Activity context; forcing Intent.FLAG_ACTIVITY_NEW_TASK for: Intent { flg=0x24000000 cmp=com.supercell.clashofclans/.GameApp bnds=[96,292][988,420] }
I/ActivityManager(  564): Start proc com.supercell.clashofclans for activity com.supercell.clashofclans/.GameApp: pid=1444 uid=10114 gids={50114, 3003}
E/ActivityThread( 1444): Failed to find provider info for com.supercell.clashofclans
I/EntropyMixer(  564): Writing entropy...
I/ProcessStatsService(  564): Prepared write state in 5ms
I/ActivityManager(  564): Killing 21676:com.github.mobile:repos/u0a113 (adj 15): empty for 4280s
I/WindowState(  564): WIN DEATH: Window{42817b28 u0 com.supercell.clashofclans/com.supercell.clashofclans.GameApp}
W/WindowManager(  564): Force-removing child win Window{428b1208 u0 SurfaceView} from container Window{42817b28 u0 com.supercell.clashofclans/com.supercell.clashofclans.GameApp}
I/ActivityManager(  564): Process com.supercell.clashofclans (pid 1444) has died.
W/WindowManager(  564): Failed looking up window
W/WindowManager(  564): java.lang.IllegalArgumentException: Requested window android.os.BinderProxy@427cc508 does not exist
W/WindowManager(  564): 	at com.android.server.wm.WindowManagerService.windowForClientLocked(WindowManagerService.java:7939)
W/WindowManager(  564): 	at com.android.server.wm.WindowManagerService.windowForClientLocked(WindowManagerService.java:7930)
W/WindowManager(  564): 	at com.android.server.wm.WindowState$DeathRecipient.binderDied(WindowState.java:1047)
W/WindowManager(  564): 	at android.os.BinderProxy.sendDeathNotice(Binder.java:493)
W/WindowManager(  564): 	at dalvik.system.NativeStart.run(Native Method)
I/WindowState(  564): WIN DEATH: null
I/PowerManagerService(  564): Going to sleep by user request...
D/ConnectivityService(  564): Sampling interval elapsed, updating statistics ..
D/ConnectivityService(  564): Done.
D/ConnectivityService(  564): Setting timer for 720seconds
I/ActivityManager(  564): Delay finish: com.android.chrome/com.google.ipc.invalidation.ticl.android2.AndroidInternalScheduler$AlarmReceiver
I/ActivityManager(  564): Resuming delayed broadcast
D/ConnectivityService(  564): handleInetConditionHoldEnd: net=1, condition=100, published condition=100
I/PowerManagerService(  564): Waking up from sleep...
I/EntropyMixer(  564): Writing entropy...
I/ActivityManager(  564): Start proc com.google.android.gallery3d for broadcast com.google.android.gallery3d/com.google.android.picasasync.BatteryReceiver: pid=1856 uid=10045 gids={50045, 3003, 1028, 1015}
I/WindowManager(  564): Lock screen displayed!
D/DisplayPowerController(  564): Unblocked screen on after 49860840 ms
I/ActivityManager(  564): Start proc com.microsoft.skydrive for broadcast com.microsoft.skydrive/.upload.BatteryConnectivityPowerReceiver: pid=1921 uid=10095 gids={50095, 3003, 1028, 1015}
I/PowerManagerService(  564): Going to sleep due to screen timeout...
I/ActivityManager(  564): Waited long enough for: ServiceRecord{42ce4830 u0 com.google.android.googlequicksearchbox/com.google.android.search.core.service.SearchService}
D/ConnectivityService(  564): Sampling interval elapsed, updating statistics ..
D/ConnectivityService(  564): Done.
D/ConnectivityService(  564): Setting timer for 720seconds
D/ConnectivityService(  564): handleInetConditionHoldEnd: net=1, condition=100, published condition=100
I/ActivityManager(  564): Start proc com.google.android.partnersetup for content provider com.google.android.partnersetup/.RlzAppProvider: pid=2522 uid=10011 gids={50011, 3003}
D/ConnectivityService(  564): Sampling interval elapsed, updating statistics ..
D/ConnectivityService(  564): Done.
D/ConnectivityService(  564): Setting timer for 720seconds
I/ProcessStatsService(  564): Prepared write state in 26ms
V/BackupManagerService(  564): Running a backup pass
V/BackupManagerService(  564): clearing pending backups
V/PerformBackupTask(  564): Beginning backup of 1 targets
D/PerformBackupTask(  564): invokeAgentForBackup on @pm@
I/PerformBackupTask(  564): no backup data written; not calling transport
D/PerformBackupTask(  564): starting agent for backup of BackupRequest{pkg=android}
D/BackupManagerService(  564): awaiting agent for ApplicationInfo{4206aac0 android}
D/BackupManagerService(  564): agentConnected pkg=android agent=android.app.backup.BackupAgent$BackupServiceBinder@42667dd0
I/BackupManagerService(  564): got agent android.app.backup.BackupAgent$BackupServiceBinder@42667dd0
D/PerformBackupTask(  564): invokeAgentForBackup on android
I/PerformBackupTask(  564): Backup pass finished.
D/ConnectivityService(  564): handleInetConditionHoldEnd: net=1, condition=100, published condition=100
D/ConnectivityService(  564): Sampling interval elapsed, updating statistics ..
D/ConnectivityService(  564): Done.
D/ConnectivityService(  564): Setting timer for 720seconds
I/PowerManagerService(  564): Waking up from sleep...
I/WindowManager(  564): Lock screen displayed!
D/DisplayPowerController(  564): Unblocked screen on after 51883353 ms
I/PowerManagerService(  564): Going to sleep due to screen timeout...
I/PowerManagerService(  564): Waking up from sleep...
I/WindowManager(  564): Lock screen displayed!
D/DisplayPowerController(  564): Unblocked screen on after 51900430 ms
I/ActivityManager(  564): Config changes=480 {1.0 302mcc?mnc zh_CN ldltr sw600dp w600dp h887dp 320dpi lrg port finger -keyb/v/h -nav/h s.13}
I/ActivityManager(  564): Killing 25015:eu.chainfire.supersu/u0a75 (adj 15): empty for 3960s
I/ActivityManager(  564): Config changes=480 {1.0 302mcc?mnc zh_CN ldltr sw600dp w960dp h527dp 320dpi lrg land finger -keyb/v/h -nav/h s.14}
I/WindowManager(  564): Screen frozen for +1s296ms due to AppWindowToken{428dd150 token=Token{428325a0 ActivityRecord{42832328 u0 com.android.launcher/com.android.launcher2.Launcher t1}}}
I/ActivityManager(  564): Start proc eu.chainfire.supersu for broadcast eu.chainfire.supersu/.UserPresentReceiver: pid=2981 uid=10075 gids={50075}
I/ActivityManager(  564): Killing 1222:com.facebook.katana:nodex/u0a89 (adj 15): empty for 2649s
I/ActivityManager(  564): START u0 {act=android.intent.action.MAIN cat=[android.intent.category.LAUNCHER] flg=0x10200000 cmp=com.tencent.minihd.qq/com.tencent.qq.SplashActivity bnds=[1220,225][1396,401]} from pid 853
I/ActivityManager(  564): Config changes=480 {1.0 302mcc?mnc zh_CN ldltr sw600dp w600dp h887dp 320dpi lrg port finger -keyb/v/h -nav/h s.15}
I/ActivityManager(  564): START u0 {flg=0x40000 cmp=com.tencent.minihd.qq/com.tencent.padqq.activity.InitialActivity} from pid 12049
I/ActivityManager(  564): Config changes=480 {1.0 302mcc?mnc zh_CN ldltr sw600dp w960dp h527dp 320dpi lrg land finger -keyb/v/h -nav/h s.16}
I/ActivityManager(  564): Config changes=480 {1.0 302mcc?mnc zh_CN ldltr sw600dp w600dp h887dp 320dpi lrg port finger -keyb/v/h -nav/h s.17}
I/ActivityManager(  564): START u0 {flg=0x34040000 cmp=com.tencent.minihd.qq/com.tencent.padqq.activity.PadQQHomeActivity (has extras)} from pid 12049
I/WindowManager(  564): Screen frozen for +568ms due to Window{41f2c820 u0 StatusBar}
I/ActivityManager(  564): START u0 {act=android.intent.action.MAIN cat=[android.intent.category.HOME] flg=0x10200000 cmp=com.android.launcher/com.android.launcher2.Launcher} from pid 564
I/ActivityManager(  564): Config changes=480 {1.0 302mcc?mnc zh_CN ldltr sw600dp w960dp h527dp 320dpi lrg land finger -keyb/v/h -nav/h s.18}
I/WindowManager(  564): Screen frozen for +614ms due to Window{42a52ae0 u0 com.android.launcher/com.android.launcher2.Launcher}
I/ActivityManager(  564): START u0 {act=android.intent.action.MAIN cat=[android.intent.category.LAUNCHER] flg=0x10200000 pkg=com.supercell.clashofclans cmp=com.supercell.clashofclans/.GameApp bnds=[740,577][916,753]} from pid 853
I/ActivityManager(  564): Start proc com.supercell.clashofclans for activity com.supercell.clashofclans/.GameApp: pid=3154 uid=10114 gids={50114, 3003}
D/BackupManagerService(  564): Now staging backup of android
E/ActivityThread( 3154): Failed to find provider info for com.supercell.clashofclans
I/ActivityManager(  564): Killing 1921:com.microsoft.skydrive/u0a95 (adj 15): empty for 2241s
I/ActivityManager(  564): Process com.supercell.clashofclans (pid 3154) has died.
I/WindowState(  564): WIN DEATH: Window{42be2ae0 u0 com.supercell.clashofclans/com.supercell.clashofclans.GameApp}
W/WindowManager(  564): Force-removing child win Window{4271c438 u0 SurfaceView} from container Window{42be2ae0 u0 com.supercell.clashofclans/com.supercell.clashofclans.GameApp}
W/WindowManager(  564): Failed looking up window
W/WindowManager(  564): java.lang.IllegalArgumentException: Requested window android.os.BinderProxy@426c6f10 does not exist
W/WindowManager(  564): 	at com.android.server.wm.WindowManagerService.windowForClientLocked(WindowManagerService.java:7939)
W/WindowManager(  564): 	at com.android.server.wm.WindowManagerService.windowForClientLocked(WindowManagerService.java:7930)
W/WindowManager(  564): 	at com.android.server.wm.WindowState$DeathRecipient.binderDied(WindowState.java:1047)
W/WindowManager(  564): 	at android.os.BinderProxy.sendDeathNotice(Binder.java:493)
W/WindowManager(  564): 	at dalvik.system.NativeStart.run(Native Method)
I/WindowState(  564): WIN DEATH: null
I/ActivityManager(  564): START u0 {act=android.intent.action.MAIN cat=[android.intent.category.LAUNCHER] flg=0x10200000 cmp=com.android.chrome/com.google.android.apps.chrome.Main bnds=[1766,950][1906,1090]} from pid 853
I/ActivityManager(  564): Start proc com.android.chrome:sandboxed_process5 for service com.android.chrome/org.chromium.content.app.SandboxedProcessService5: pid=3399 uid=99030 gids={}
W/FileUtils( 3399): Failed to chmod(/data/data/com.android.chrome/app_lib): libcore.io.ErrnoException: chmod failed: ENOENT (No such file or directory)
D/ConnectivityService(  564): handleInetConditionHoldEnd: net=1, condition=100, published condition=100
I/ActivityManager(  564): Start proc com.android.chrome:sandboxed_process3 for service com.android.chrome/org.chromium.content.app.SandboxedProcessService3: pid=3612 uid=99031 gids={}
W/FileUtils( 3612): Failed to chmod(/data/data/com.android.chrome/app_lib): libcore.io.ErrnoException: chmod failed: ENOENT (No such file or directory)
I/ActivityManager(  564): Start proc com.android.chrome:sandboxed_process7 for service com.android.chrome/org.chromium.content.app.SandboxedProcessService7: pid=3692 uid=99032 gids={}
W/FileUtils( 3692): Failed to chmod(/data/data/com.android.chrome/app_lib): libcore.io.ErrnoException: chmod failed: ENOENT (No such file or directory)
I/ActivityManager(  564): Process com.android.chrome:sandboxed_process5 (pid 3399) has died.
W/ActivityManager(  564): Scheduling restart of crashed service com.android.chrome/org.chromium.content.app.SandboxedProcessService5 in 1000ms
I/ActivityManager(  564): Start proc com.android.chrome:sandboxed_process9 for service com.android.chrome/org.chromium.content.app.SandboxedProcessService9: pid=3791 uid=99033 gids={}
W/FileUtils( 3791): Failed to chmod(/data/data/com.android.chrome/app_lib): libcore.io.ErrnoException: chmod failed: ENOENT (No such file or directory)
I/ActivityManager(  564): Process com.android.chrome:sandboxed_process9 (pid 3791) has died.
W/ActivityManager(  564): Scheduling restart of crashed service com.android.chrome/org.chromium.content.app.SandboxedProcessService9 in 1000ms
W/ProcessCpuTracker(  564): Skipping unknown process pid 3933
W/ProcessCpuTracker(  564): Skipping unknown process pid 3939
W/ProcessCpuTracker(  564): Skipping unknown process pid 3942
D/ConnectivityService(  564): Sampling interval elapsed, updating statistics ..
D/ConnectivityService(  564): Done.
D/ConnectivityService(  564): Setting timer for 720seconds
W/ProcessCpuTracker(  564): Skipping unknown process pid 7417
W/ProcessCpuTracker(  564): Skipping unknown process pid 7422
W/ProcessCpuTracker(  564): Skipping unknown process pid 7426
I/ActivityManager(  564): Start proc com.android.chrome:sandboxed_process10 for service com.android.chrome/org.chromium.content.app.SandboxedProcessService10: pid=7597 uid=99034 gids={}
W/FileUtils( 7597): Failed to chmod(/data/data/com.android.chrome/app_lib): libcore.io.ErrnoException: chmod failed: ENOENT (No such file or directory)
I/ActivityManager(  564): Start proc com.android.chrome:sandboxed_process12 for service com.android.chrome/org.chromium.content.app.SandboxedProcessService12: pid=7627 uid=99035 gids={}
W/ActivityManager(  564): Exception when unbinding service com.android.chrome/org.chromium.content.app.SandboxedProcessService10
W/ActivityManager(  564): android.os.TransactionTooLargeException
W/ActivityManager(  564): 	at android.os.BinderProxy.transact(Native Method)
W/ActivityManager(  564): 	at android.app.ApplicationThreadProxy.scheduleUnbindService(ApplicationThreadNative.java:874)
W/ActivityManager(  564): 	at com.android.server.am.ActiveServices.removeConnectionLocked(ActiveServices.java:1713)
W/ActivityManager(  564): 	at com.android.server.am.ActiveServices.unbindServiceLocked(ActiveServices.java:860)
W/ActivityManager(  564): 	at com.android.server.am.ActivityManagerService.unbindService(ActivityManagerService.java:12776)
W/ActivityManager(  564): 	at android.app.ActivityManagerNative.onTransact(ActivityManagerNative.java:869)
W/ActivityManager(  564): 	at com.android.server.am.ActivityManagerService.onTransact(ActivityManagerService.java:2071)
W/ActivityManager(  564): 	at android.os.Binder.execTransact(Binder.java:404)
W/ActivityManager(  564): 	at dalvik.system.NativeStart.run(Native Method)
I/ActivityManager(  564): Process com.android.chrome:sandboxed_process10 (pid 7597) has died.
W/FileUtils( 7627): Failed to chmod(/data/data/com.android.chrome/app_lib): libcore.io.ErrnoException: chmod failed: ENOENT (No such file or directory)
I/ActivityManager(  564): Killing 3692:com.android.chrome:sandboxed_process7/u0a37i32 (adj 9): isolated not needed
D/ConnectivityService(  564): handleInetConditionHoldEnd: net=1, condition=100, published condition=100
I/ProcessStatsService(  564): Prepared write state in 17ms
I/ProcessStatsService(  564): Prepared write state in 30ms
W/ProcessCpuTracker(  564): Skipping unknown process pid 8364
W/ProcessCpuTracker(  564): Skipping unknown process pid 8366
I/ActivityManager(  564): Config changes=480 {1.0 302mcc?mnc zh_CN ldltr sw600dp w600dp h887dp 320dpi lrg port finger -keyb/v/h -nav/h s.19}
I/WindowManager(  564): Screen frozen for +195ms due to Window{41f2c820 u0 StatusBar}
I/EntropyMixer(  564): Writing entropy...
I/ActivityManager(  564): Start proc com.microsoft.skydrive for broadcast com.microsoft.skydrive/.upload.BatteryConnectivityPowerReceiver: pid=8563 uid=10095 gids={50095, 3003, 1028, 1015}
I/ActivityManager(  564): Config changes=480 {1.0 302mcc?mnc zh_CN ldltr sw600dp w960dp h527dp 320dpi lrg land finger -keyb/v/h -nav/h s.20}
I/WindowManager(  564): Screen frozen for +254ms due to Window{4257d8d0 u0 NavigationBar}
D/ConnectivityService(  564): Sampling interval elapsed, updating statistics ..
I/ActivityManager(  564): Start proc com.supercell.clashofclans for broadcast com.supercell.clashofclans/.TimeAlarm: pid=8701 uid=10114 gids={50114, 3003}
D/ConnectivityService(  564): Done.
D/ConnectivityService(  564): Setting timer for 720seconds
I/ActivityManager(  564): START u0 {flg=0x24000000 cmp=com.supercell.clashofclans/.GameApp bnds=[96,432][988,560]} from pid -1
W/ActivityManager(  564): startActivity called from non-Activity context; forcing Intent.FLAG_ACTIVITY_NEW_TASK for: Intent { flg=0x24000000 cmp=com.supercell.clashofclans/.GameApp bnds=[96,432][988,560] }
D/ConnectivityService(  564): handleInetConditionHoldEnd: net=1, condition=100, published condition=100
W/InputMethodManagerService(  564): Window already focused, ignoring focus gain of: com.android.internal.view.IInputMethodClient$Stub$Proxy@4289a178 attribute=null, token = android.os.BinderProxy@427c1ce8
E/ActivityThread( 8701): Failed to find provider info for com.supercell.clashofclans
I/ActivityManager(  564): Delay finish: com.android.chrome/com.google.android.apps.chrome.snapshot.gcm.GcmReceiver$Receiver
I/ActivityManager(  564): Resuming delayed broadcast
D/ConnectivityService(  564): handleInetConditionHoldEnd: net=1, condition=100, published condition=100
D/UsbDebuggingManager(  564): Received public key: QAAAAFtIjmMtWLofDvltTKF0+i2+XZkl3xIadOmjrNnMey9oieIUnVj/L3EVUzc3BDXeWBW3FYFTu7aEVdoyecYjWrJj/F4el3rgarb1N8AavdG5ApkU8eQn0TLCogIg6ZjaGZ0x9Bk0Iwf7L6h3lIGVQL0cABeyaW8FoeWSYW3KspuLsV4HP9Xgtef7wdwMZfZigFbN0bUpH5qDUV8NQd0Z9GwwXsJ2BFuYZE3h5YtfpNKn1PQWGVYJ9JbDAe7VOryJfVvW5KMoqXtbrPBs9VmctVRqhRKB3+AzOZ2bccNE6E6Iqqz9YIN5I4Dx0dN0yQKrjcgAxUpXJ1oyDVyD7VGhEXIt76TMowvB0h3WW+FxhAERKFBkzSaUrEt/D4FbaADiw6co+PTUNhTyEbW7rLwr3Z0dDKGF7j/iQVR4Xbybz+m1yr6YZWnC3pHOfu8nYA4KDZpODUjpHz0MfwotzRJ2ipkVVgMfF/lNVjOPXVeIpyK4bRulq2xNlzGZGckTB+XwUyAf+IrJFCp9wPCf/MljSHSoXs+tTJftqLIr+ebu3dTOr3kJQReTSs5pM83XBmnRWiovF7VhDSyoffYxeOoc0ydXPAMYr3NK6QO7vRz1O6ePwVUsN0CQm9zECn3827jeifhQ9yoHoav/TaWF5DRk8HgqFhFqwsSdOZq6CBGYdtIWiY2FMAEAAQA= unknown@unknown
W/ContextImpl(  564): Calling a method in the system process without a qualified user: android.app.ContextImpl.startActivity:1028 com.android.server.usb.UsbDebuggingManager.showConfirmationDialog:255 com.android.server.usb.UsbDebuggingManager.access$900:45 com.android.server.usb.UsbDebuggingManager$UsbDebuggingHandler.handleMessage:211 android.os.Handler.dispatchMessage:102 
W/ContextImpl(  564): Calling a method in the system process without a qualified user: android.app.ContextImpl.startActivity:1040 android.app.ContextImpl.startActivity:1029 com.android.server.usb.UsbDebuggingManager.showConfirmationDialog:255 com.android.server.usb.UsbDebuggingManager.access$900:45 com.android.server.usb.UsbDebuggingManager$UsbDebuggingHandler.handleMessage:211 
I/ActivityManager(  564): START u0 {flg=0x10000000 cmp=com.android.systemui/.usb.UsbDebuggingActivity (has extras)} from pid 564
W/InputMethodManagerService(  564): Window already focused, ignoring focus gain of: com.android.internal.view.IInputMethodClient$Stub$Proxy@42d1b530 attribute=null, token = android.os.BinderProxy@427c1ce8
I/WindowManager(  564): Screen frozen for +52ms due to Window{4257d8d0 u0 NavigationBar}
