I/GCoreUlr(  943): WorldUpdater received intent Intent { act=com.google.android.location.reporting.ACTION_UPDATE_WORLD cmp=com.google.android.gms/com.google.android.location.reporting.service.DispatchingService (has extras) } with receiverAction com.google.gservices.intent.action.GSERVICES_CHANGED
D/GCoreUlr(  943): Throttling analytics event: db, clear_old:attempt, 1
I/SystemUpdateService( 1003): network: NetworkInfo: type: WIFI[], state: CONNECTED/CONNECTED, reason: (unspecified), extra: "Barbarian", roaming: false, failover: false, isAvailable: true, isConnectedToProvisioningNetwork: false; metered: false; mobile allowed: true
I/SystemUpdateService( 1003): now status is 0 (complete)
I/SystemUpdateService( 1003): processDownloadedFile /cache/86e0364f260bbcf45ae6bcefce1ab8fca2e13acf.signed-razor-KTU84P-from-KTU84L.86e0364f.zip
I/SystemUpdateService( 1003): file has been verified
I/SystemUpdateService( 1003): OTA package size = 2494996
I/ContactAccountLoggerTas(14087): canRun() : Opted Out
D/GCoreUlr(  943): Throttling analytics event: db, clear_old:attempt, 1
I/Velvet.VelvetFactory(14087): refreshing search history.
W/GAV2    (14087): Thread[Thread-594,5,main]: dispatch call queued.  Need to call GAServiceManager.getInstance().initialize().
I/SystemUpdateService( 1003): showing system update notification
I/ContactAccountLoggerTas(14087): canRun() : Opted Out
I/Search.GservicesUpdateTask(14087): Updating Gservices keys
I/ActivityManager(  564): Delay finish: com.google.android.apps.plus/com.google.android.apps.moviemaker.app.ApplicationEnabler$Receiver
I/SystemUpdateService( 1003): releasing wakelock
I/ActivityManager(  564): Resuming delayed broadcast
D/GCoreUlr(  943): Throttling analytics event: db, clear_old:attempt, 1
W/GLSUser (  801): GoogleAccountDataService.getToken()
I/ContactAccountLoggerTas(14087): canRun() : Opted Out
I/ContactAccountLoggerTas(14087): canRun() : Opted Out
I/ContactAccountLoggerTas(14087): canRun() : Opted Out
D/dalvikvm(  801): GC_CONCURRENT freed 355K, 6% free 10106K/10640K, paused 2ms+3ms, total 19ms
D/dalvikvm(14087): GC_CONCURRENT freed 791K, 9% free 11709K/12736K, paused 1ms+3ms, total 19ms
D/dalvikvm(14087): WAIT_FOR_CONCURRENT_GC blocked 17ms
D/dalvikvm(19329): GC_CONCURRENT freed 365K, 4% free 10047K/10448K, paused 1ms+1ms, total 16ms
D/dalvikvm(  564): GC_EXPLICIT freed 1158K, 19% free 25750K/31624K, paused 4ms+7ms, total 99ms
W/GLSUser (  801): GoogleAccountDataService.getToken()
I/DownloadManager(19329): Download 684 starting
W/GLSUser (  801): GoogleAccountDataService.getToken()
I/DownloadManager(19329): Download 685 starting
I/DownloadManager(19329): Download 686 starting
D/dalvikvm(  943): GC_CONCURRENT freed 437K, 32% free 10638K/15528K, paused 2ms+2ms, total 21ms
D/dalvikvm(14087): GC_CONCURRENT freed 886K, 9% free 11700K/12736K, paused 3ms+2ms, total 30ms
E/GCoreUlr(  943): Error deleting /data/data/com.google.android.gms/files/flog
D/dalvikvm(19329): GC_CONCURRENT freed 449K, 6% free 10046K/10592K, paused 2ms+1ms, total 21ms
D/dalvikvm(19329): WAIT_FOR_CONCURRENT_GC blocked 12ms
D/dalvikvm(19329): WAIT_FOR_CONCURRENT_GC blocked 9ms
D/dalvikvm(19329): WAIT_FOR_CONCURRENT_GC blocked 13ms
W/GLSUser (  801): GoogleAccountDataService.getToken()
W/GLSUser (  801): GoogleAccountDataService.getToken()
E/GCoreUlr(  943): Error deleting /data/data/com.google.android.gms/files/flog
D/dalvikvm(19329): GC_FOR_ALLOC freed 234K, 6% free 10020K/10592K, paused 16ms, total 16ms
I/DownloadManager(19329): Ignoring Content-Length since Transfer-Encoding is also defined
I/DownloadManager(19329): Ignoring Content-Length since Transfer-Encoding is also defined
I/DownloadManager(19329): Ignoring Content-Length since Transfer-Encoding is also defined
D/dalvikvm(  801): GC_CONCURRENT freed 418K, 6% free 10078K/10640K, paused 1ms+2ms, total 19ms
D/GCoreUlr(  943): Throttling analytics event: db, restrict_to:attempt, 1
D/GCoreUlr(  943): Throttling analytics event: db, restrict_to:attempt, 1
D/GCoreUlr(  943): Throttling analytics event: db, restrict_to:attempt, 1
D/dalvikvm(  801): GC_CONCURRENT freed 431K, 6% free 10062K/10688K, paused 1ms+1ms, total 16ms
D/dalvikvm(  801): WAIT_FOR_CONCURRENT_GC blocked 11ms
I/GCoreUlr(  943): Ensuring that reporting is active for [account#10#, account#15#]
D/dalvikvm(19329): GC_CONCURRENT freed 391K, 6% free 10048K/10592K, paused 3ms+2ms, total 18ms
I/DownloadManager(19329): Download 685 finished with status SUCCESS
I/ContactAccountLoggerTas(14087): canRun() : Opted Out
I/GCoreUlr(  943): Starting service, intent=Intent { act=com.google.android.location.reporting.ACTION_LOCATION_STATUS cmp=com.google.android.gms/com.google.android.location.reporting.service.DispatchingService (has extras) }, extras=Bundle[{status=LocationStatus[cell status: STATUS_SUCCESSFUL, wifi status: STATUS_SUCCESSFUL, elapsed realtime ns: 84895308894870]}]
D/GCoreUlr(  943): Throttling analytics event: entity, ApiMetadataStore:save_attempt, 1
I/DownloadManager(19329): Download 686 finished with status SUCCESS
D/GCoreUlr(  943): Throttling analytics event: entity, ApiMetadataStore:saved, 1
W/ContextImpl( 1996): Implicit intents with startService are not safe: Intent { act=com.google.android.configupdater.SmsShortCodes.NEW_METADATA (has extras) } android.content.ContextWrapper.startService:494 android.content.ContextWrapper.startService:494 com.google.android.configupdater.UpdateRequestReceiver.handleMetadataDownload:244 
D/GCoreUlr(  943): Throttling analytics event: entity, ApiMetadataStore:save_attempt, 1
I/ActivityManager(  564): Delay finish: com.google.android.configupdater/.SmsShortCodes.SmsShortCodesUpdateRequestReceiver
D/dalvikvm(19329): GC_CONCURRENT freed 448K, 6% free 10055K/10592K, paused 1ms+2ms, total 17ms
I/DownloadManager(19329): Download 684 finished with status SUCCESS
D/GCoreUlr(  943): Throttling analytics event: entity, ApiMetadataStore:saved, 1
W/GLSUser (  801): [asb][asb] Permission for com.google.android.googlequicksearchbox to access mobilepersonalfeeds will be managed locally.
D/DownloadManager(19329): Download 684 already finished; skipping
I/ActivityManager(  564): Resuming delayed broadcast
D/dalvikvm(  801): GC_FOR_ALLOC freed 166K, 6% free 10085K/10688K, paused 18ms, total 18ms
D/dalvikvm( 1996): GC_CONCURRENT freed 428K, 5% free 9128K/9592K, paused 1ms+1ms, total 16ms
W/ContextImpl( 1996): Implicit intents with startService are not safe: Intent { act=com.google.android.configupdater.TZInfo.NEW_METADATA (has extras) } android.content.ContextWrapper.startService:494 android.content.ContextWrapper.startService:494 com.google.android.configupdater.UpdateRequestReceiver.handleMetadataDownload:244 
I/ActivityManager(  564): Delay finish: com.google.android.configupdater/.TZInfo.TZInfoUpdateRequestReceiver
W/GLSUser (  801): [asb][asb] Permission for com.google.android.googlequicksearchbox to access mobilepersonalfeeds will be managed locally.
W/GLSUser (  801): GoogleAccountDataService.getToken()
W/GLSUser (  801): GoogleAccountDataService.getToken()
I/ActivityManager(  564): Resuming delayed broadcast
I/DownloadManager(19329): Download 687 starting
D/dalvikvm(19329): GC_CONCURRENT freed 465K, 5% free 10072K/10592K, paused 2ms+3ms, total 18ms
W/ContextImpl( 1996): Implicit intents with startService are not safe: Intent { act=com.google.android.configupdater.CertPin.NEW_METADATA (has extras) } android.content.ContextWrapper.startService:494 android.content.ContextWrapper.startService:494 com.google.android.configupdater.UpdateRequestReceiver.handleMetadataDownload:244 
I/DownloadManager(19329): Ignoring Content-Length since Transfer-Encoding is also defined
I/ActivityManager(  564): Delay finish: com.google.android.configupdater/.CertPin.CertPinUpdateRequestReceiver
W/GLSUser (  801): GoogleAccountDataService.getToken()
W/GLSUser (  801): GoogleAccountDataService.getToken()
I/ActivityManager(  564): Resuming delayed broadcast
D/dalvikvm(  801): GC_CONCURRENT freed 489K, 6% free 10071K/10688K, paused 1ms+1ms, total 21ms
I/DownloadManager(19329): Download 688 starting
I/DownloadManager(19329): Ignoring Content-Length since Transfer-Encoding is also defined
I/DownloadManager(19329): Download 687 finished with status SUCCESS
I/DownloadManager(19329): Download 689 starting
W/ContextImpl( 1996): Implicit intents with startService are not safe: Intent { act=com.google.android.configupdater.SmsShortCodes.NEW_CONTENT (has extras) } android.content.ContextWrapper.startService:494 android.content.ContextWrapper.startService:494 com.google.android.configupdater.UpdateRequestReceiver.handleContentDownload:231 
I/ActivityManager(  564): Delay finish: com.google.android.configupdater/.SmsShortCodes.SmsShortCodesUpdateRequestReceiver
D/dalvikvm(19329): GC_CONCURRENT freed 447K, 5% free 10099K/10592K, paused 1ms+2ms, total 22ms
I/UpdateFetcherService( 1996): Update downloaded, starting installation
I/UpdateFetcherService( 1996): Started installation
D/dalvikvm( 1996): GC_CONCURRENT freed 368K, 5% free 9162K/9592K, paused 1ms+1ms, total 11ms
I/DownloadManager(19329): Ignoring Content-Length since Transfer-Encoding is also defined
W/GLSUser (  801): [asb][asb] Permission for com.google.android.googlequicksearchbox to access oauth2:https://www.googleapis.com/auth/googlenow will be managed locally.
W/GLSUser (  801): [asb][asb] Permission for com.google.android.googlequicksearchbox to access oauth2:https://www.googleapis.com/auth/googlenow will be managed locally.
I/ActivityManager(  564): Resuming delayed broadcast
I/ConfigUpdateInstallReceiver(  564): Not installing, new version is <= current version
I/ContactAccountLoggerTas(14087): canRun() : Opted Out
D/dalvikvm(19329): GC_CONCURRENT freed 429K, 5% free 10070K/10592K, paused 1ms+1ms, total 17ms
I/DownloadManager(19329): Download 688 finished with status SUCCESS
I/DownloadManager(19329): Download 689 finished with status SUCCESS
D/DownloadManager(19329): Download 688 already finished; skipping
W/ContextImpl( 1996): Implicit intents with startService are not safe: Intent { act=com.google.android.configupdater.TZInfo.NEW_CONTENT (has extras) } android.content.ContextWrapper.startService:494 android.content.ContextWrapper.startService:494 com.google.android.configupdater.UpdateRequestReceiver.handleContentDownload:231 
I/UpdateFetcherService( 1996): Update downloaded, starting installation
I/UpdateFetcherService( 1996): Started installation
D/dalvikvm(19329): GC_CONCURRENT freed 461K, 5% free 10066K/10592K, paused 2ms+1ms, total 18ms
W/ContextImpl( 1996): Implicit intents with startService are not safe: Intent { act=com.google.android.configupdater.CertPin.NEW_CONTENT (has extras) } android.content.ContextWrapper.startService:494 android.content.ContextWrapper.startService:494 com.google.android.configupdater.UpdateRequestReceiver.handleContentDownload:231 
I/UpdateFetcherService( 1996): Update downloaded, starting installation
I/UpdateFetcherService( 1996): Started installation
I/ConfigUpdateInstallReceiver(  564): Not installing, new version is <= current version
I/ConfigUpdateInstallReceiver(  564): Not installing, new version is <= current version
D/dalvikvm(19329): GC_CONCURRENT freed 255K, 4% free 10245K/10592K, paused 1ms+4ms, total 22ms
D/dalvikvm(19329): GC_CONCURRENT freed 311K, 4% free 10391K/10740K, paused 2ms+4ms, total 25ms
D/dalvikvm( 1003): GC_FOR_ALLOC freed 97K, 8% free 10917K/11752K, paused 31ms, total 33ms
D/dalvikvm(  564): GC_EXPLICIT freed 3717K, 19% free 25863K/31624K, paused 5ms+7ms, total 114ms
D/GCoreUlr(  943): Throttling analytics event: entity, activity_received, 2
D/GCoreUlr(  943): Throttling analytics event: entity, DetectedActivityStore:save_attempt, 1
D/GCoreUlr(  943): Throttling analytics event: entity, DetectedActivityStore:saved, 1
D/GCoreUlr(  943): Throttling analytics event: entity, DetectedActivityStore:save_attempt, 1
D/GCoreUlr(  943): Throttling analytics event: entity, DetectedActivityStore:saved, 1
D/dalvikvm( 2245): GC_FOR_ALLOC freed 469K, 11% free 11232K/12500K, paused 57ms, total 58ms
D/dalvikvm( 2245): GC_CONCURRENT freed 654K, 11% free 11244K/12500K, paused 1ms+2ms, total 29ms
D/dalvikvm( 2245): GC_CONCURRENT freed 492K, 9% free 11466K/12500K, paused 1ms+1ms, total 24ms
D/dalvikvm( 3272): GC_CONCURRENT freed 492K, 6% free 9530K/10088K, paused 1ms+2ms, total 12ms
D/dalvikvm( 3272): WAIT_FOR_CONCURRENT_GC blocked 5ms
I/PowerManagerService(  564): Going to sleep due to screen timeout...
D/SurfaceFlinger(  179): Screen released, type=0 flinger=0xb835c450
D/SurfaceControl(  564): Excessive delay in blankDisplay() while turning screen off: 257ms
D/NfcService(  839): NFC-C OFF
D/MoPub   (23595): Screen sleep but ad in background; refresh should already be disabled
V/KeyguardHostView(  631): Initial transport state: 1, pbstate=0
V/KeyguardHostView(  631): music state changed: 0
W/View    (  631): requestLayout() improperly called by android.widget.TextClock{432eb670 V.ED.... ......ID 157,0-671,375 #7f0a0047 app:id/clock_view} during layout: running second layout pass
W/View    (  631): requestLayout() improperly called by android.widget.TextClock{43306f40 V.ED.... ......ID 327,0-500,43 #7f0a004c app:id/date_view} during layout: running second layout pass
D/PhoneStatusBar(  631): disable: < expand icons alerts ticker system_info BACK* HOME* RECENT* CLOCK* search >
I/libboot (10618): #####encodeRequest begin#####
I/libboot (10618): Sign State = 1
I/libboot (10618): ssodata init 36769245 
I/libboot (10618): ssodata set Simple true
I/libboot (10618): A2 Simple true
I/libboot (10618): IMEI Simple true
I/libboot (10618): Ksid Simple true
I/libboot (10618): uin = 36769245, servicecmd = StatSvc.get lower = statsvc.get
I/libboot (10618): Account size = 1
I/libboot (10618): Account uin: 36769245
I/libboot (10618): encyped by key
I/libboot (10618): #####encode end#######
I/libboot (10618): ParseRecvData begin
I/libboot (10618): totalsize = 190
I/libboot (10618): m_RetCode: 0
I/libboot (10618): ssoData deserialize done
I/libboot (10618): uin = 36769245, cmd = StatSvc.get, recvSize = 190
I/libboot (10618): Parse Other Resp
I/libboot (10618): onResponse done
I/libboot (10618): buffer size is 0, end!
I/libboot (10618): ParseRecvData end
D/GCoreUlr(  943): Throttling analytics event: entity, activity_received, 2
D/GCoreUlr(  943): Throttling analytics event: entity, DetectedActivityStore:save_attempt, 1
D/GCoreUlr(  943): Throttling analytics event: entity, DetectedActivityStore:saved, 1
D/GCoreUlr(  943): Throttling analytics event: entity, DetectedActivityStore:save_attempt, 1
D/GCoreUlr(  943): Throttling analytics event: entity, DetectedActivityStore:saved, 1
D/AndroidRuntime( 2220): 
D/AndroidRuntime( 2220): >>>>>> AndroidRuntime START com.android.internal.os.RuntimeInit <<<<<<
D/AndroidRuntime( 2220): CheckJNI is OFF
D/dalvikvm( 2220): Trying to load lib libjavacore.so 0x0
D/dalvikvm( 2220): Added shared lib libjavacore.so 0x0
D/dalvikvm( 2220): Trying to load lib libnativehelper.so 0x0
D/dalvikvm( 2220): Added shared lib libnativehelper.so 0x0
D/dalvikvm( 2220): No JNI_OnLoad found in libnativehelper.so 0x0, skipping init
D/dalvikvm( 2220): Note: class Landroid/app/ActivityManagerNative; has 179 unimplemented (abstract) methods
D/AndroidRuntime( 2220): Calling main entry com.android.commands.pm.Pm
I/ActivityManager(  564): Start proc com.android.defcontainer for service com.android.defcontainer/.DefaultContainerService: pid=2235 uid=10005 gids={50005, 1028, 1015, 1023, 2001, 1035}
D/Finsky  ( 1892): [1] PackageVerificationReceiver.onReceive: Verification requested, id = 10
D/Finsky  ( 1892): [1] WorkerTask.onPreExecute: Verification Requested for id = 10, data=file:///data/local/tmp/MathBrush-debug.apk flags=114 fromVerificationActivity=false
W/ActivityManager(  564): No content provider found for permission revoke: file:///data/local/tmp/MathBrush-debug.apk
I/qtaguid ( 1892): Failed write_ctrl(u 81) res=-1 errno=22
I/qtaguid ( 1892): Untagging socket 81 failed errno=-22
W/NetworkManagementSocketTagger( 1892): untagSocket(81) failed with errno -22
I/ElegantRequestDirector( 1892): I/O exception (org.apache.http.NoHttpResponseException) caught when processing request: The target server failed to respond
I/ElegantRequestDirector( 1892): Retrying request
D/Finsky  ( 1892): [1] 2.onResponse: Verification id=10 response=0
D/Finsky  ( 1892): [1] PackageVerificationReceiver.onReceive: Verification requested, id = 10
W/ActivityManager(  564): No content provider found for permission revoke: file:///data/local/tmp/MathBrush-debug.apk
I/PackageManager(  564): Copying native libraries to /data/app-lib/vmdl-2128347277
I/ActivityManager(  564): Force stopping com.mathbrush appid=10121 user=-1: uninstall pkg
I/PackageManager(  564): Package com.mathbrush codePath changed from /data/app/com.mathbrush-2.apk to /data/app/com.mathbrush-1.apk; Retaining data and using new
I/PackageManager(  564): Running dexopt on: com.mathbrush
D/dalvikvm( 2265): DexOpt: load 53ms, verify+opt 152ms, 1053708 bytes
W/PackageManager(  564): Code path for pkg : com.mathbrush changing from /data/app/com.mathbrush-2.apk to /data/app/com.mathbrush-1.apk
W/PackageManager(  564): Resource path for pkg : com.mathbrush changing from /data/app/com.mathbrush-2.apk to /data/app/com.mathbrush-1.apk
I/ActivityManager(  564): Force stopping com.mathbrush appid=10121 user=-1: update pkg
I/ActivityManager(  564): Force stopping com.mathbrush appid=10121 user=0: pkg removed
D/dalvikvm(  853): GC_EXPLICIT freed 8420K, 33% free 27099K/39876K, paused 2ms+6ms, total 39ms
D/dalvikvm( 1892): GC_EXPLICIT freed 1730K, 16% free 21351K/25408K, paused 2ms+4ms, total 56ms
D/dalvikvm(14087): GC_EXPLICIT freed 337K, 8% free 11681K/12684K, paused 2ms+2ms, total 70ms
I/InputReader(  564): Reconfiguring input devices.  changes=0x00000010
I/ActivityManager(  564): Killing 884:com.android.keychain/1000 (adj 15): empty #17
I/InputReader(  564): Reconfiguring input devices.  changes=0x00000010
I/Launcher(  853): Deferring update until onResume
I/Launcher(  853): Deferring update until onResume
I/InputReader(  564): Reconfiguring input devices.  changes=0x00000010
D/dalvikvm(  839): GC_CONCURRENT freed 413K, 6% free 9366K/9928K, paused 2ms+1ms, total 14ms
D/PackageBroadcastService( 1003): Received broadcast action=android.intent.action.PACKAGE_REMOVED and uri=com.mathbrush
D/dalvikvm( 3272): GC_CONCURRENT freed 407K, 6% free 9508K/10088K, paused 1ms+1ms, total 18ms
D/dalvikvm(  564): GC_EXPLICIT freed 2359K, 18% free 25980K/31624K, paused 3ms+11ms, total 139ms
D/dalvikvm(  564): WAIT_FOR_CONCURRENT_GC blocked 66ms
D/dalvikvm(27033): GC_CONCURRENT freed 399K, 5% free 9146K/9588K, paused 1ms+2ms, total 16ms
I/ActivityManager(  564): Delay finish: com.android.musicfx/.Compatibility$Receiver
I/ActivityManager(  564): Resuming delayed broadcast
D/PackageBroadcastService( 1003): Received broadcast action=android.intent.action.PACKAGE_ADDED and uri=com.mathbrush
W/System.err(27033): java.io.FileNotFoundException: /data/data/eu.chainfire.supersu/files/supersu.cfg: open failed: EACCES (Permission denied)
W/System.err(27033): 	at libcore.io.IoBridge.open(IoBridge.java:409)
W/System.err(27033): 	at java.io.FileOutputStream.<init>(FileOutputStream.java:88)
W/System.err(27033): 	at android.app.ContextImpl.openFileOutput(ContextImpl.java:809)
W/System.err(27033): 	at android.content.ContextWrapper.openFileOutput(ContextWrapper.java:185)
W/System.err(27033): 	at eu.chainfire.supersu.Settings.b(Unknown Source)
W/System.err(27033): 	at eu.chainfire.supersu.SuperUserIntentService.a(Unknown Source)
I/ActivityManager(  564): Delay finish: com.android.vending/com.google.android.finsky.receivers.PackageMonitorReceiver$RegisteredReceiver
W/System.err(27033): 	at eu.chainfire.supersu.SuperUserIntentService.onHandleIntent(Unknown Source)
W/System.err(27033): 	at android.app.IntentService$ServiceHandler.handleMessage(IntentService.java:65)
W/System.err(27033): 	at android.os.Handler.dispatchMessage(Handler.java:102)
W/System.err(27033): 	at android.os.Looper.loop(Looper.java:136)
W/System.err(27033): 	at android.os.HandlerThread.run(HandlerThread.java:61)
W/System.err(27033): Caused by: libcore.io.ErrnoException: open failed: EACCES (Permission denied)
W/System.err(27033): 	at libcore.io.Posix.open(Native Method)
W/System.err(27033): 	at libcore.io.BlockGuardOs.open(BlockGuardOs.java:110)
W/System.err(27033): 	at libcore.io.IoBridge.open(IoBridge.java:393)
W/System.err(27033): 	... 10 more
D/dalvikvm( 1133): GC_CONCURRENT freed 287K, 4% free 9146K/9468K, paused 2ms+3ms, total 35ms
I/PeopleContactsSync( 1003): CP2 sync disabled
I/ActivityManager(  564): Resuming delayed broadcast
I/InternalIcingCorporaPro(14087): Updating corpora: APPS=com.mathbrush, CONTACTS=MAYBE
I/ActivityManager(  564): Delay finish: com.google.android.apps.plus/.service.PackagesMediaMonitor
I/InternalIcingCorporaPro(14087): UpdateCorporaTask done [took 31 ms] updated apps [took 31 ms] 
I/ActivityManager(  564): Resuming delayed broadcast
D/dalvikvm(28156): GC_FOR_ALLOC freed 62K, 46% free 18955K/34492K, paused 19ms, total 20ms
D/dalvikvm(  564): GC_EXPLICIT freed 340K, 19% free 25843K/31624K, paused 3ms+11ms, total 173ms
I/dalvikvm( 3272): Jit: resizing JitTable from 4096 to 8192
D/AndroidRuntime( 2220): Shutting down VM
D/dalvikvm( 2220): GC_CONCURRENT freed 95K, 16% free 560K/660K, paused 1ms+0ms, total 3ms
D/PackageBroadcastService( 1003): Received broadcast action=android.intent.action.PACKAGE_REPLACED and uri=com.mathbrush
I/PeopleContactsSync( 1003): CP2 sync disabled
I/ActivityManager(  564): Delay finish: com.yahoo.mobile.client.android.flickr/com.aviary.android.feather.receivers.FeatherSystemReceiver
I/ActivityManager(  564): Resuming delayed broadcast
D/BackupManagerService(  564): Received broadcast Intent { act=android.intent.action.PACKAGE_REMOVED dat=package:com.mathbrush flg=0x4000010 (has extras) }
D/BackupManagerService(  564): Received broadcast Intent { act=android.intent.action.PACKAGE_ADDED dat=package:com.mathbrush flg=0x4000010 (has extras) }
V/BackupManagerService(  564): removePackageParticipantsLocked: uid=10121 #1
V/BackupManagerService(  564): addPackageParticipantsLocked: #1
D/Finsky  ( 1892): [1] 5.onFinished: Installation state replication succeeded.
V/KeyguardServiceDelegate(  564): onScreenTurnedOn(showListener = com.android.internal.policy.impl.PhoneWindowManager$17@428b2ac8)
I/PowerManagerService(  564): Waking up from sleep...
V/KeyguardServiceDelegate(  564): **** SHOWN CALLED ****
I/WindowManager(  564): Lock screen displayed!
D/DisplayPowerController(  564): Unblocked screen on after 87536144 ms
D/SurfaceFlinger(  179): Screen acquired, type=0 flinger=0xb835c450
D/SurfaceControl(  564): Excessive delay in unblankDisplay() while turning screen on: 233ms
D/dalvikvm(  631): GC_FOR_ALLOC freed 1445K, 22% free 30144K/38564K, paused 21ms, total 21ms
D/MoPub   (23595): Screen wake but ad in background; don't enable refresh
D/NfcService(  839): NFC-C ON
I/USERIAL_LINUX(  839): USERIAL_Open(): enter
I/USERIAL_LINUX(  839): USERIAL_Open() device: /dev/bcm2079x-i2c port=5, uart_port=0 WAKE_DELAY(20) WRITE_DELAY(20) POWER_ON_DELAY(0) PRE_POWER_OFF_DELAY(10) POST_POWER_OFF_DELAY(0)
D/PhoneStatusBar(  631): disable: < expand icons alerts ticker system_info back* home* recent* clock* search >
V/Nextpeer( 5110): Nextpeer push service requires internet connection. Your AndroidManifest.xml file should include 'android.permission.RECEIVE_BOOT_COMPLETED' permission
I/USERIAL_LINUX(  839): USERIAL_Open(): exit
W/InputMethodManagerService(  564): Window already focused, ignoring focus gain of: com.android.internal.view.IInputMethodClient$Stub$Proxy@42951380 attribute=android.view.inputmethod.EditorInfo@41f33780, token = android.os.BinderProxy@41f3f398
I/ActivityManager(  564): START u0 {act=android.intent.action.MAIN cat=[android.intent.category.LAUNCHER] flg=0x10200000 cmp=com.mathbrush/.MathBrush bnds=[740,753][916,929]} from pid 853
D/audio_hw_primary(  182): select_devices: out_snd_device(3: speaker-reverse) in_snd_device(0: )
D/ACDB-LOADER(  182): ACDB -> send_afe_cal
D/dalvikvm( 2384): Late-enabling CheckJNI
D/dalvikvm(  180): GC_EXPLICIT freed 42K, 1% free 9044K/9120K, paused 1ms+2ms, total 20ms
I/ActivityManager(  564): Start proc com.mathbrush for activity com.mathbrush/.MathBrush: pid=2384 uid=10121 gids={50121, 1028, 1015}
D/dalvikvm(  180): GC_EXPLICIT freed <1K, 1% free 9044K/9120K, paused 1ms+2ms, total 18ms
D/dalvikvm(  180): GC_EXPLICIT freed <1K, 1% free 9044K/9120K, paused 1ms+2ms, total 18ms
I/Adreno-EGL( 2384): <qeglDrvAPI_eglInitialize:320>: EGL 1.4 QUALCOMM Build: I0404c4692afb8623f95c43aeb6d5e13ed4b30ddbDate: 11/06/13
D/OpenGLRenderer( 2384): Enabling debug mode 0
I/ActivityManager(  564): Displayed com.mathbrush/.MathBrush: +270ms
D/dalvikvm( 2384): Trying to load lib /data/app-lib/com.mathbrush-1/libwrappers.so 0x41f18da0
D/dalvikvm( 2384): Added shared lib /data/app-lib/com.mathbrush-1/libwrappers.so 0x41f18da0
D/dalvikvm( 2384): No JNI_OnLoad found in /data/app-lib/com.mathbrush-1/libwrappers.so 0x41f18da0, skipping init
D/dalvikvm( 2384): Trying to load lib /data/app-lib/com.mathbrush-1/libwrappers.so 0x41f18da0
D/dalvikvm( 2384): Shared lib '/data/app-lib/com.mathbrush-1/libwrappers.so' already loaded in same CL 0x41f18da0
D/pan     ( 2384): ADevice-createFont: times 60.0
D/pan     ( 2384): 1988172784
D/dalvikvm( 2384): GC_FOR_ALLOC freed 154K, 2% free 9207K/9392K, paused 13ms, total 13ms
I/dalvikvm-heap( 2384): Grow heap (frag case) to 15.919MB for 7234576-byte allocation
D/dalvikvm( 2384): GC_FOR_ALLOC freed 6K, 2% free 16265K/16460K, paused 13ms, total 13ms
D/dalvikvm( 2384): GC_CONCURRENT freed <1K, 2% free 17516K/17712K, paused 2ms+1ms, total 13ms
W/ProcessCpuTracker(  564): Skipping unknown process pid 2362
W/ProcessCpuTracker(  564): Skipping unknown process pid 2364
D/pan     ( 2384): ANDROID DETECTED
D/pan     ( 2384): exprTree2001941320
D/pan     ( 2384): CSymbolFence::createBox 0 0
D/pan     ( 2384): CSymbolBasic::createBox 0 0
D/pan     ( 2384): CONVERTING (
D/pan     ( 2384): 28
D/pan     ( 2384): ADevice-getStringBox: (
D/pan     ( 2384): ADevice-getStringBox-return: 16 54
D/pan     ( 2384): CSymbolBasic::createBox 18 0
D/pan     ( 2384): CONVERTING  
D/pan     ( 2384): 20
D/pan     ( 2384): ADevice-getStringBox:  
D/pan     ( 2384): ADevice-getStringBox-return: 0 0
D/pan     ( 2384): CSymbolBasic::createBox 22 0
D/pan     ( 2384): CONVERTING 
D/pan     ( 2384): ADevice-getStringBox: 
D/pan     ( 2384): ADevice-getStringBox-return: 0 0
D/pan     ( 2384): CSymbolFence:createBox 2068: 0 0
F/libc    ( 2384): Fatal signal 8 (SIGFPE) at 0x00000950 (code=-6), thread 2384 (com.mathbrush)
I/DEBUG   (  178): *** *** *** *** *** *** *** *** *** *** *** *** *** *** *** ***
I/DEBUG   (  178): Build fingerprint: 'google/razor/flo:4.4.3/KTU84L/1148727:user/release-keys'
I/DEBUG   (  178): Revision: '0'
I/DEBUG   (  178): pid: 2384, tid: 2384, name: com.mathbrush  >>> com.mathbrush <<<
I/DEBUG   (  178): signal 8 (SIGFPE), code -6 (SI_TKILL), fault addr 00000950
I/DEBUG   (  178):     r0 00000000  r1 00000950  r2 00000008  r3 00000000
I/DEBUG   (  178):     r4 00000008  r5 0000000b  r6 00000950  r7 0000010c
I/DEBUG   (  178):     r8 beb054e0  r9 6d4ddd4c  sl 41573418  fp beb05484
I/DEBUG   (  178):     ip 6d4ddd5c  sp beb053f8  lr 40134fe5  pc 40143f90  cpsr 00070010
I/DEBUG   (  178):     d0  426574616572633a  d1  3a3836303220786f
I/DEBUG   (  178):     d2  0000000000000079  d3  000000000000006d
I/DEBUG   (  178):     d4  000000003f371759  d5  3f0000003d93dd98
I/DEBUG   (  178):     d6  0000000000000000  d7  0000000000000000
I/DEBUG   (  178):     d8  0000000000000000  d9  0000000000000000
I/DEBUG   (  178):     d10 0000000000000000  d11 0000000000000000
I/DEBUG   (  178):     d12 0000000000000000  d13 0000000000000000
I/DEBUG   (  178):     d14 0000000000000000  d15 0000000000000000
I/DEBUG   (  178):     d16 3eeffffffdcd0cd0  d17 4130000000000000
I/DEBUG   (  178):     d18 4028000000000000  d19 4057249200000000
I/DEBUG   (  178):     d20 4032000000000000  d21 4042000000000000
I/DEBUG   (  178):     d22 4060124900000000  d23 4077a36400000000
I/DEBUG   (  178):     d24 4032000000000000  d25 4042000000000000
I/DEBUG   (  178):     d26 0000000000000000  d27 0000000000000000
I/DEBUG   (  178):     d28 3ff0000000000000  d29 0000000000000000
I/DEBUG   (  178):     d30 0020002000200020  d31 0000000000000000
I/DEBUG   (  178):     scr 20000012
I/DEBUG   (  178): 
I/DEBUG   (  178): backtrace:
I/DEBUG   (  178):     #00  pc 00021f90  /system/lib/libc.so (tgkill+12)
I/DEBUG   (  178):     #01  pc 00012fe1  /system/lib/libc.so (pthread_kill+48)
I/DEBUG   (  178):     #02  pc 000131f5  /system/lib/libc.so (raise+10)
I/DEBUG   (  178):     #03  pc 002e768c  /data/app-lib/com.mathbrush-1/libwrappers.so (__aeabi_idiv0+8)
I/DEBUG   (  178):     #04  pc 0027e994  /data/app-lib/com.mathbrush-1/libwrappers.so (SCGRenderer::CSymbolFence::createBox(int, int, SCGRenderer::CDevice*)+652)
I/DEBUG   (  178): 
I/DEBUG   (  178): stack:
I/DEBUG   (  178):          beb053b8  76811bf0  [anon:libc_malloc]
I/DEBUG   (  178):          beb053bc  beb05410  [stack]
I/DEBUG   (  178):          beb053c0  6d4ddd5c  
I/DEBUG   (  178):          beb053c4  28700035  
I/DEBUG   (  178):          beb053c8  23500039  
I/DEBUG   (  178):          beb053cc  6d832440  /dev/ashmem/dalvik-LinearAlloc (deleted)
I/DEBUG   (  178):          beb053d0  1e30003d  
I/DEBUG   (  178):          beb053d4  41f1bc90  /dev/ashmem/dalvik-heap (deleted)
I/DEBUG   (  178):          beb053d8  00000000  
I/DEBUG   (  178):          beb053dc  00000000  
I/DEBUG   (  178):          beb053e0  77546e54  /data/app-lib/com.mathbrush-1/libwrappers.so
I/DEBUG   (  178):          beb053e4  beb05410  [stack]
I/DEBUG   (  178):          beb053e8  beb0542c  [stack]
I/DEBUG   (  178):          beb053ec  77481980  /data/app-lib/com.mathbrush-1/libwrappers.so (SCGRenderer::CSymbolBasic::createBox(int, int, SCGRenderer::CDevice*)+404)
I/DEBUG   (  178):          beb053f0  00000000  
I/DEBUG   (  178):          beb053f4  00000010  
I/DEBUG   (  178):     #00  beb053f8  00000008  
I/DEBUG   (  178):          beb053fc  0000000b  
I/DEBUG   (  178):          beb05400  00000950  
I/DEBUG   (  178):          beb05404  6d4ddd5c  
I/DEBUG   (  178):          beb05408  6d4ddd5c  
I/DEBUG   (  178):          beb0540c  40134fe5  /system/lib/libc.so (pthread_kill+52)
I/DEBUG   (  178):     #01  beb05410  00000008  
I/DEBUG   (  178):          beb05414  78454650  [anon:libc_malloc]
I/DEBUG   (  178):          beb05418  3f000000  
I/DEBUG   (  178):          beb0541c  401351f9  /system/lib/libc.so (raise+14)
I/DEBUG   (  178):     #02  beb05420  77546e54  /data/app-lib/com.mathbrush-1/libwrappers.so
I/DEBUG   (  178):          beb05424  774f5690  /data/app-lib/com.mathbrush-1/libwrappers.so (__aeabi_idiv0+12)
I/DEBUG   (  178): 
I/DEBUG   (  178): memory near r8:
I/DEBUG   (  178):     beb054c0 784d56d8 00000000 54000019 41571f68  
I/DEBUG   (  178):     beb054d0 beb054f4 41591bd0 00000032 00000032  
I/DEBUG   (  178):     beb054e0 6d4ddd48 00000001 00000000 41f541f8  
I/DEBUG   (  178):     beb054f0 41f13f54 415c2127 6d4ddd48 7509fbbc  
I/DEBUG   (  178):     beb05500 773448ec 41573418 784526d1 7844afd0  
I/DEBUG   (  178):     beb05510 00000000 00000000 78452710 40170384  
I/DEBUG   (  178):     beb05520 773448ec 40133257 4016c000 784526a8  
I/DEBUG   (  178):     beb05530 00000000 78452710 00000000 4012fc0d  
I/DEBUG   (  178):     beb05540 759ed24c 415c3d53 beb055cc 00000000  
I/DEBUG   (  178):     beb05550 41573408 6d4dddb8 415ddbf5 beb055a8  
I/DEBUG   (  178):     beb05560 41f53b68 beb055a8 3f8534c7 41573b90  
I/DEBUG   (  178):     beb05570 733f0640 415b9237 415ddbf5 4161ec74  
I/DEBUG   (  178):     beb05580 416231f0 00000000 3f8534c7 4161ec74  
I/DEBUG   (  178):     beb05590 41f53b68 416231f0 00000000 415ddcc3  
I/DEBUG   (  178):     beb055a0 00000000 40133257 7509be4d 41f18da0  
I/DEBUG   (  178):     beb055b0 4162a0e0 7506cfba 41f18da0 41573408  
I/DEBUG   (  178): 
I/DEBUG   (  178): memory near r9:
I/DEBUG   (  178):     6d4ddd2c 00000000 00000000 6d4ddd70 7506d956  
I/DEBUG   (  178):     6d4ddd3c 6d832f68 00000006 00000000 54000019  
I/DEBUG   (  178):     6d4ddd4c 784d56d8 00000000 00000032 00000032  
I/DEBUG   (  178):     6d4ddd5c 6d4ddd98 7506cfca 6d8322f0 7506d956  
I/DEBUG   (  178):     6d4ddd6c 00000000 41f541f8 00000032 41f53d20  
I/DEBUG   (  178):     6d4ddd7c 784d56d8 00000000 6d4dddc0 7506d448  
I/DEBUG   (  178):     6d4ddd8c 6d82f710 7506cfca 00000000 41f53d20  
I/DEBUG   (  178):     6d4ddd9c 784d56d8 00000000 41f19ea8 41f13cc0  
I/DEBUG   (  178):     6d4dddac 6d4ddde0 7506d42c 6d8331c0 7506d448  
I/DEBUG   (  178):     6d4dddbc 00000000 41f19ea8 41f1a2e8 41f13cc0  
I/DEBUG   (  178):     6d4dddcc 6d4dddfc 6edccb64 6d833188 7506d42c  
I/DEBUG   (  178):     6d4ddddc 00000000 41f1a2e8 41f13cc0 6d4dde1c  
I/DEBUG   (  178):     6d4dddec 6edccb14 6d623658 6edccb64 00000000  
I/DEBUG   (  178):     6d4dddfc 00000000 41f1a2e8 41f13cc0 6d4dde38  
I/DEBUG   (  178):     6d4dde0c 6ef3cb9e 6d6235e8 6edccb14 00000000  
I/DEBUG   (  178):     6d4dde1c 41f1a2e8 41f13cc0 6d4dde64 6ed4ff04  
I/DEBUG   (  178): 
I/DEBUG   (  178): memory near sl:
I/DEBUG   (  178):     415733f8 00000000 00000000 00000000 0000045b  
I/DEBUG   (  178):     41573408 6efec1ac 6d4ddd48 6d8322f0 75012000  
I/DEBUG   (  178):     41573418 00000000 00000000 beb05638 00000000  
I/DEBUG   (  178):     41573428 beb0568c 00000001 00000000 41591d40  
I/DEBUG   (  178):     41573438 00000000 00000000 6c8a7b70 6d4d8300  
I/DEBUG   (  178):     41573448 00000000 00000000 00000001 00006000  
I/DEBUG   (  178):     41573458 00000000 4010d154 41591d40 41596c00  
I/DEBUG   (  178):     41573468 00000000 4159acfc 4159ad70 4159ac20  
I/DEBUG   (  178):     41573478 4159ac40 4159ac9c 00000000 00000000  
I/DEBUG   (  178):     41573488 76810cb0 00000028 00000000 00000000  
I/DEBUG   (  178):     41573498 00000000 00000006 00002000 4162391c  
I/DEBUG   (  178):     415734a8 00000000 00000000 00000010 7146c600  
I/DEBUG   (  178):     415734b8 00000001 00000080 00000200 00000000  
I/DEBUG   (  178):     415734c8 00000001 6ef5c362 6ef5c362 00000001  
I/DEBUG   (  178):     415734d8 6ef5c3be 6d5b3828 445ca893 c3a4b578  
I/DEBUG   (  178):     415734e8 a2cc7ef7 53e028c5 60f0a07a 35c65e1a  
I/DEBUG   (  178): 
I/DEBUG   (  178): memory near fp:
I/DEBUG   (  178):     beb05464 00000001 00000001 77546e54 7748c708  
I/DEBUG   (  178):     beb05474 3f000000 6d4ddd5c beb054e0 beb054b4  
I/DEBUG   (  178):     beb05484 77472f4c 00000000 01b284e0 76811bf0  
I/DEBUG   (  178):     beb05494 784d56d8 00000000 764a2290 6d832f68  
I/DEBUG   (  178):     beb054a4 6d832f68 41573408 00000007 beb054d4  
I/DEBUG   (  178):     beb054b4 773449c4 784d56d8 00000000 784d56d8  
I/DEBUG   (  178):     beb054c4 00000000 54000019 41571f68 beb054f4  
I/DEBUG   (  178):     beb054d4 41591bd0 00000032 00000032 6d4ddd48  
I/DEBUG   (  178):     beb054e4 00000001 00000000 41f541f8 41f13f54  
I/DEBUG   (  178):     beb054f4 415c2127 6d4ddd48 7509fbbc 773448ec  
I/DEBUG   (  178):     beb05504 41573418 784526d1 7844afd0 00000000  
I/DEBUG   (  178):     beb05514 00000000 78452710 40170384 773448ec  
I/DEBUG   (  178):     beb05524 40133257 4016c000 784526a8 00000000  
I/DEBUG   (  178):     beb05534 78452710 00000000 4012fc0d 759ed24c  
I/DEBUG   (  178):     beb05544 415c3d53 beb055cc 00000000 41573408  
I/DEBUG   (  178):     beb05554 6d4dddb8 415ddbf5 beb055a8 41f53b68  
I/DEBUG   (  178): 
I/DEBUG   (  178): memory near ip:
I/DEBUG   (  178):     6d4ddd3c 6d832f68 00000006 00000000 54000019  
I/DEBUG   (  178):     6d4ddd4c 784d56d8 00000000 00000032 00000032  
I/DEBUG   (  178):     6d4ddd5c 6d4ddd98 7506cfca 6d8322f0 7506d956  
I/DEBUG   (  178):     6d4ddd6c 00000000 41f541f8 00000032 41f53d20  
I/DEBUG   (  178):     6d4ddd7c 784d56d8 00000000 6d4dddc0 7506d448  
I/DEBUG   (  178):     6d4ddd8c 6d82f710 7506cfca 00000000 41f53d20  
I/DEBUG   (  178):     6d4ddd9c 784d56d8 00000000 41f19ea8 41f13cc0  
I/DEBUG   (  178):     6d4dddac 6d4ddde0 7506d42c 6d8331c0 7506d448  
I/DEBUG   (  178):     6d4dddbc 00000000 41f19ea8 41f1a2e8 41f13cc0  
I/DEBUG   (  178):     6d4dddcc 6d4dddfc 6edccb64 6d833188 7506d42c  
I/DEBUG   (  178):     6d4ddddc 00000000 41f1a2e8 41f13cc0 6d4dde1c  
I/DEBUG   (  178):     6d4dddec 6edccb14 6d623658 6edccb64 00000000  
I/DEBUG   (  178):     6d4dddfc 00000000 41f1a2e8 41f13cc0 6d4dde38  
I/DEBUG   (  178):     6d4dde0c 6ef3cb9e 6d6235e8 6edccb14 00000000  
I/DEBUG   (  178):     6d4dde1c 41f1a2e8 41f13cc0 6d4dde64 6ed4ff04  
I/DEBUG   (  178):     6d4dde2c 6d6e6f40 6ef3cb9e 00000000 41f13990  
I/DEBUG   (  178): 
I/DEBUG   (  178): memory near sp:
I/DEBUG   (  178):     beb053d8 00000000 00000000 77546e54 beb05410  
I/DEBUG   (  178):     beb053e8 beb0542c 77481980 00000000 00000010  
I/DEBUG   (  178):     beb053f8 00000008 0000000b 00000950 6d4ddd5c  
I/DEBUG   (  178):     beb05408 6d4ddd5c 40134fe5 00000008 78454650  
I/DEBUG   (  178):     beb05418 3f000000 401351f9 77546e54 774f5690  
I/DEBUG   (  178):     beb05428 00000000 7748c998 00000000 401dc3d3  
I/DEBUG   (  178):     beb05438 76811bf0 00000000 00000000 764a2290  
I/DEBUG   (  178):     beb05448 7843f280 00000000 00000000 00000001  
I/DEBUG   (  178):     beb05458 3f800000 78454650 7843eb68 00000001  
I/DEBUG   (  178):     beb05468 00000001 77546e54 7748c708 3f000000  
I/DEBUG   (  178):     beb05478 6d4ddd5c beb054e0 beb054b4 77472f4c  
I/DEBUG   (  178):     beb05488 00000000 01b284e0 76811bf0 784d56d8  
I/DEBUG   (  178):     beb05498 00000000 764a2290 6d832f68 6d832f68  
I/DEBUG   (  178):     beb054a8 41573408 00000007 beb054d4 773449c4  
I/DEBUG   (  178):     beb054b8 784d56d8 00000000 784d56d8 00000000  
I/DEBUG   (  178):     beb054c8 54000019 41571f68 beb054f4 41591bd0  
I/DEBUG   (  178): 
I/DEBUG   (  178): code around pc:
I/DEBUG   (  178):     40143f70 e8bd00f0 e3700a01 912fff1e e2600000  
I/DEBUG   (  178):     40143f80 ea006d81 e92d50f0 e3a07f43 ef000000  
I/DEBUG   (  178):     40143f90 e8bd50f0 e3700a01 912fff1e e2600000  
I/DEBUG   (  178):     40143fa0 ea006d79 e92d50f0 e3a070ee ef000000  
I/DEBUG   (  178):     40143fb0 e8bd50f0 e3700a01 912fff1e e2600000  
I/DEBUG   (  178):     40143fc0 ea006d71 f200429a bf008069 f040f891  
I/DEBUG   (  178):     40143fd0 4001e92d d3412a10 0300f1c0 030ff013  
I/DEBUG   (  178):     40143fe0 eba2d01d ea5f0203 bf447cc3 eb01f811  
I/DEBUG   (  178):     40143ff0 eb01f800 f811bf21 f811cb01 f800eb01  
I/DEBUG   (  178):     40144000 f800cb01 ea5feb01 da037c43 030df9a1  
I/DEBUG   (  178):     40144010 031df980 f921d303 f900070d 3a40071d  
I/DEBUG   (  178):     40144020 f921d30b f921020d f891420d 3a40f100  
I/DEBUG   (  178):     40144030 022df900 422df900 3220d2f3 f921d305  
I/DEBUG   (  178):     40144040 f1a2020d f9000220 f102022d f0120220  
I/DEBUG   (  178):     40144050 d0030f10 0a0df921 0a2df900 7c42ea5f  
I/DEBUG   (  178):     40144060 f921d303 f900070d da03070d 030df9a1  
I/DEBUG   (  178): 
I/DEBUG   (  178): code around lr:
I/DEBUG   (  178):     40134fc4 447b4b13 42b3e010 6a1ed10e 44784811  
I/DEBUG   (  178):     40134fd4 ec84f7fb ea0ef00d 46224631 efd0f00e  
I/DEBUG   (  178):     40134fe4 d00a3001 e00b2400 2b00681b 480ad1eb  
I/DEBUG   (  178):     40134ff4 44782403 ec72f7fb f001e002 6804fa23  
I/DEBUG   (  178):     40135004 fa20f001 46206005 bf00bd70 0003b3de  
I/DEBUG   (  178):     40135014 0003b3d2 0003b3ca 0003b3a6 bf7ef7ff  
I/DEBUG   (  178):     40135024 4a3e4b3d e92d447b b08b43f0 4606589c  
I/DEBUG   (  178):     40135034 6823460d 930946a1 fa04f001 8000f8d0  
I/DEBUG   (  178):     40135044 d0482d00 f00f4628 280fff9b d8444604  
I/DEBUG   (  178):     40135054 ffe4f7ff d1064286 4629200f e8d8f00d  
I/DEBUG   (  178):     40135064 d03c2800 482ee02e f7fb4478 482debb6  
I/DEBUG   (  178):     40135074 e0154478 d11342b0 482b6a06 f7fb4478  
I/DEBUG   (  178):     40135084 4a2aec2e 46332120 a801447a f83af013  
I/DEBUG   (  178):     40135094 a8012101 fb54f01a 46061c42 e011d104  
I/DEBUG   (  178):     401350a4 28006800 e02cd1e6 46294630 f00d4622  
I/DEBUG   (  178):     401350b4 1c43e914 d11e4607 f9c4f001 29046801  
D/pan     ( 2384): 1988172784
D/pan     ( 2384): ADevice-setBackColor: 255 255 255 255
D/pan     ( 2384): ADevice-setTextColor: 255 0 0 0
D/pan     ( 2384): ADevice-setPenColor: 255 0 0 0
D/pan     ( 2384): CONVERTING (
D/pan     ( 2384): 28
D/pan     ( 2384): ADevice-drawText: ( 50.0 50.0
D/pan     ( 2384): ADevice-setBackColor: 255 255 255 255
D/pan     ( 2384): ADevice-setTextColor: 255 0 0 0
D/pan     ( 2384): ADevice-setPenColor: 255 0 0 0
D/pan     ( 2384): CONVERTING 
D/pan     ( 2384): ADevice-drawText:  74.0 50.0
D/pan     ( 2384): ADevice-setBackColor: 255 255 255 255
D/pan     ( 2384): ADevice-setTextColor: 255 0 0 0
D/pan     ( 2384): ADevice-setPenColor: 255 0 0 0
D/pan     ( 2384): CONVERTING  
D/pan     ( 2384): 20
D/pan     ( 2384): ADevice-drawText:   68.0 50.0
I/BootReceiver(  564): Copying /data/tombstones/tombstone_07 to DropBox (SYSTEM_TOMBSTONE)
W/ActivityManager(  564):   Force finishing activity com.mathbrush/.MathBrush
D/dalvikvm(  564): GC_FOR_ALLOC freed 1774K, 15% free 26886K/31624K, paused 79ms, total 79ms
I/ActivityManager(  564): Killing 1023:com.yahoo.mobile.client.android.flickr/u0a93 (adj 15): empty #17
D/audio_hw_primary(  182): select_devices: out_snd_device(3: speaker-reverse) in_snd_device(0: )
D/ACDB-LOADER(  182): ACDB -> send_afe_cal
