D/pan     ( 1257): ADevice-getStringBox:  
D/pan     ( 1257): ADevice-getStringBox-return: 0 0
D/pan     ( 1257): CSymbolBasic::createBox 22 0
D/pan     ( 1257): CONVERTING 
D/pan     ( 1257): ADevice-getStringBox: 
D/pan     ( 1257): ADevice-getStringBox-return: 0 0
F/libc    ( 1257): Fatal signal 8 (SIGFPE) at 0x000004e9 (code=-6), thread 1257 (com.mathbrush)
I/DEBUG   (  178): *** *** *** *** *** *** *** *** *** *** *** *** *** *** *** ***
I/DEBUG   (  178): Build fingerprint: 'google/razor/flo:4.4.3/KTU84L/1148727:user/release-keys'
I/DEBUG   (  178): Revision: '0'
I/DEBUG   (  178): pid: 1257, tid: 1257, name: com.mathbrush  >>> com.mathbrush <<<
I/DEBUG   (  178): signal 8 (SIGFPE), code -6 (SI_TKILL), fault addr 000004e9
I/DEBUG   (  178):     r0 00000000  r1 000004e9  r2 00000008  r3 00000000
I/DEBUG   (  178):     r4 00000008  r5 0000000b  r6 000004e9  r7 0000010c
I/DEBUG   (  178):     r8 beb054e0  r9 6d4ddd4c  sl 41573418  fp beb05484
I/DEBUG   (  178):     ip 6d4ddd5c  sp beb053f8  lr 40134fe5  pc 40143f90  cpsr 00070010
I/DEBUG   (  178):     d0  0000000000000000  d1  0000000000000000
I/DEBUG   (  178):     d2  0000000000000000  d3  0000000000000000
I/DEBUG   (  178):     d4  000000003f371759  d5  3f0000003d93dd98
I/DEBUG   (  178):     d6  0000000000000000  d7  0000000000000000
I/DEBUG   (  178):     d8  0000000000000000  d9  0000000000000000
I/DEBUG   (  178):     d10 0000000000000000  d11 0000000000000000
I/DEBUG   (  178):     d12 0000000000000000  d13 0000000000000000
I/DEBUG   (  178):     d14 0000000000000000  d15 0000000000000000
I/DEBUG   (  178):     d16 3eeffffffdcd0cd0  d17 4130000000000000
I/DEBUG   (  178):     d18 4028000000000000  d19 4059e0bb00000000
I/DEBUG   (  178):     d20 4032000000000000  d21 4042000000000000
I/DEBUG   (  178):     d22 4061705d80000000  d23 407cd74ac0000000
I/DEBUG   (  178):     d24 4032000000000000  d25 4042000000000000
I/DEBUG   (  178):     d26 0000000000000000  d27 0000000000000000
I/DEBUG   (  178):     d28 3ff0000000000000  d29 0000000000000000
I/DEBUG   (  178):     d30 0020002000200020  d31 0000000000000000
I/DEBUG   (  178):     scr 20000012
I/DEBUG   (  178): 
I/DEBUG   (  178): backtrace:
I/DEBUG   (  178):     #00  pc 00021f90  /system/lib/libc.so (tgkill+12)
I/DEBUG   (  178):     #01  pc 00012fe1  /system/lib/libc.so (pthread_kill+48)
I/DEBUG   (  178):     #02  pc 000131f5  /system/lib/libc.so (raise+10)
I/DEBUG   (  178):     #03  pc 002e763c  /data/app-lib/com.mathbrush-2/libwrappers.so (__aeabi_idiv0+8)
I/DEBUG   (  178):     #04  pc 0027e950  /data/app-lib/com.mathbrush-2/libwrappers.so (SCGRenderer::CSymbolFence::createBox(int, int, SCGRenderer::CDevice*)+584)
I/DEBUG   (  178): 
I/DEBUG   (  178): stack:
I/DEBUG   (  178):          beb053b8  75680868  [anon:libc_malloc]
I/DEBUG   (  178):          beb053bc  beb05410  [stack]
I/DEBUG   (  178):          beb053c0  6d4ddd5c  
I/DEBUG   (  178):          beb053c4  28700035  
I/DEBUG   (  178):          beb053c8  23500039  
I/DEBUG   (  178):          beb053cc  6d832440  /dev/ashmem/dalvik-LinearAlloc (deleted)
I/DEBUG   (  178):          beb053d0  1e30003d  
I/DEBUG   (  178):          beb053d4  41f170b8  /dev/ashmem/dalvik-heap (deleted)
I/DEBUG   (  178):          beb053d8  00000000  
I/DEBUG   (  178):          beb053dc  00000000  
I/DEBUG   (  178):          beb053e0  77488e54  /data/app-lib/com.mathbrush-2/libwrappers.so
I/DEBUG   (  178):          beb053e4  beb05410  [stack]
I/DEBUG   (  178):          beb053e8  beb0542c  [stack]
I/DEBUG   (  178):          beb053ec  773c3980  /data/app-lib/com.mathbrush-2/libwrappers.so (SCGRenderer::CSymbolBasic::createBox(int, int, SCGRenderer::CDevice*)+404)
I/DEBUG   (  178):          beb053f0  00000000  
I/DEBUG   (  178):          beb053f4  00000010  
I/DEBUG   (  178):     #00  beb053f8  00000008  
I/DEBUG   (  178):          beb053fc  0000000b  
I/DEBUG   (  178):          beb05400  000004e9  
I/DEBUG   (  178):          beb05404  6d4ddd5c  
I/DEBUG   (  178):          beb05408  6d4ddd5c  
I/DEBUG   (  178):          beb0540c  40134fe5  /system/lib/libc.so (pthread_kill+52)
I/DEBUG   (  178):     #01  beb05410  00000008  
I/DEBUG   (  178):          beb05414  78350998  [anon:libc_malloc]
I/DEBUG   (  178):          beb05418  3f000000  
I/DEBUG   (  178):          beb0541c  401351f9  /system/lib/libc.so (raise+14)
I/DEBUG   (  178):     #02  beb05420  77488e54  /data/app-lib/com.mathbrush-2/libwrappers.so
I/DEBUG   (  178):          beb05424  77437640  /data/app-lib/com.mathbrush-2/libwrappers.so (__aeabi_idiv0+12)
I/DEBUG   (  178): 
I/DEBUG   (  178): memory near r8:
I/DEBUG   (  178):     beb054c0 783509f8 00000000 54e00019 41571f68  
I/DEBUG   (  178):     beb054d0 beb054f4 41591bd0 00000032 00000032  
I/DEBUG   (  178):     beb054e0 6d4ddd48 00000001 00000000 41f4f3d8  
I/DEBUG   (  178):     beb054f0 41f0f15c 415c2127 6d4ddd48 7509fbbc  
I/DEBUG   (  178):     beb05500 772868ec 41573418 7834f749 78345c50  
I/DEBUG   (  178):     beb05510 00000000 00000000 7834fbc0 40170384  
I/DEBUG   (  178):     beb05520 772868ec 40133257 4016c000 7834f720  
I/DEBUG   (  178):     beb05530 00000000 7834fbc0 00000000 4012fc0d  
I/DEBUG   (  178):     beb05540 75a7e24c 415c3d53 beb055cc 00000000  
I/DEBUG   (  178):     beb05550 41573408 6d4dddb8 415ddbf5 beb055a8  
I/DEBUG   (  178):     beb05560 41f4ed48 beb055a8 3f8534c7 41573b90  
I/DEBUG   (  178):     beb05570 733f0640 415b9237 415ddbf5 4161ec74  
I/DEBUG   (  178):     beb05580 416231f0 00000000 3f8534c7 4161ec74  
I/DEBUG   (  178):     beb05590 41f4ed48 416231f0 00000000 415ddcc3  
I/DEBUG   (  178):     beb055a0 00000000 40133257 7509be4d 41f14188  
I/DEBUG   (  178):     beb055b0 4162a0e0 7506cfba 41f14188 41573408  
I/DEBUG   (  178): 
I/DEBUG   (  178): memory near r9:
I/DEBUG   (  178):     6d4ddd2c 00000000 00000000 6d4ddd70 7506d956  
I/DEBUG   (  178):     6d4ddd3c 6d832f68 00000006 00000000 54e00019  
I/DEBUG   (  178):     6d4ddd4c 783509f8 00000000 00000032 00000032  
I/DEBUG   (  178):     6d4ddd5c 6d4ddd98 7506cfca 6d8322f0 7506d956  
I/DEBUG   (  178):     6d4ddd6c 00000000 41f4f3d8 00000032 41f4ef00  
I/DEBUG   (  178):     6d4ddd7c 783509f8 00000000 6d4dddc0 7506d448  
I/DEBUG   (  178):     6d4ddd8c 6d82f710 7506cfca 00000000 41f4ef00  
I/DEBUG   (  178):     6d4ddd9c 783509f8 00000000 41f15290 41f39e50  
I/DEBUG   (  178):     6d4dddac 6d4ddde0 7506d42c 6d8331c0 7506d448  
I/DEBUG   (  178):     6d4dddbc 00000000 41f15290 41f156d0 41f39e50  
I/DEBUG   (  178):     6d4dddcc 6d4dddfc 6edccb64 6d833188 7506d42c  
I/DEBUG   (  178):     6d4ddddc 00000000 41f156d0 41f39e50 6d4dde1c  
I/DEBUG   (  178):     6d4dddec 6edccb14 6d623658 6edccb64 00000000  
I/DEBUG   (  178):     6d4dddfc 00000000 41f156d0 41f39e50 6d4dde38  
I/DEBUG   (  178):     6d4dde0c 6ef3cb9e 6d6235e8 6edccb14 00000000  
I/DEBUG   (  178):     6d4dde1c 41f156d0 41f39e50 6d4dde64 6ed4ff04  
I/DEBUG   (  178): 
I/DEBUG   (  178): memory near sl:
I/DEBUG   (  178):     415733f8 00000000 00000000 00000000 0000045b  
I/DEBUG   (  178):     41573408 6ed745e2 6d4ddd48 6d8322f0 75012000  
I/DEBUG   (  178):     41573418 00000000 00000000 beb05638 00000000  
I/DEBUG   (  178):     41573428 beb0568c 00000001 00000000 41591d40  
I/DEBUG   (  178):     41573438 00000000 00000000 6c8a7b70 6d4d8300  
I/DEBUG   (  178):     41573448 00000000 00000000 00000001 00006000  
I/DEBUG   (  178):     41573458 00000000 4010d154 41591d40 41596c00  
I/DEBUG   (  178):     41573468 00000000 4159acfc 4159ad70 4159ac20  
I/DEBUG   (  178):     41573478 4159ac40 4159ac9c 00000000 00000000  
I/DEBUG   (  178):     41573488 763c5d78 00000028 00000000 00000000  
I/DEBUG   (  178):     41573498 00000000 00000006 00002000 4162391c  
I/DEBUG   (  178):     415734a8 417bd560 6d560410 00000010 7146c600  
I/DEBUG   (  178):     415734b8 00000001 00000080 00000200 00000001  
I/DEBUG   (  178):     415734c8 00000003 6ed7d916 6ed7d914 00000001  
I/DEBUG   (  178):     415734d8 6ed7f60c 6d576f50 707e761c c36cb315  
I/DEBUG   (  178):     415734e8 de5af6d9 837aafea 6506502b df2cfc43  
I/DEBUG   (  178): 
I/DEBUG   (  178): memory near fp:
I/DEBUG   (  178):     beb05464 00000001 00000001 77488e54 773ce708  
I/DEBUG   (  178):     beb05474 3f000000 6d4ddd5c beb054e0 beb054b4  
I/DEBUG   (  178):     beb05484 773b4f4c 00000000 01b284e0 75680868  
I/DEBUG   (  178):     beb05494 783509f8 00000000 7569e870 6d832f68  
I/DEBUG   (  178):     beb054a4 6d832f68 41573408 00000007 beb054d4  
I/DEBUG   (  178):     beb054b4 772869c4 783509f8 00000000 783509f8  
I/DEBUG   (  178):     beb054c4 00000000 54e00019 41571f68 beb054f4  
I/DEBUG   (  178):     beb054d4 41591bd0 00000032 00000032 6d4ddd48  
I/DEBUG   (  178):     beb054e4 00000001 00000000 41f4f3d8 41f0f15c  
I/DEBUG   (  178):     beb054f4 415c2127 6d4ddd48 7509fbbc 772868ec  
I/DEBUG   (  178):     beb05504 41573418 7834f749 78345c50 00000000  
I/DEBUG   (  178):     beb05514 00000000 7834fbc0 40170384 772868ec  
I/DEBUG   (  178):     beb05524 40133257 4016c000 7834f720 00000000  
I/DEBUG   (  178):     beb05534 7834fbc0 00000000 4012fc0d 75a7e24c  
I/DEBUG   (  178):     beb05544 415c3d53 beb055cc 00000000 41573408  
I/DEBUG   (  178):     beb05554 6d4dddb8 415ddbf5 beb055a8 41f4ed48  
I/DEBUG   (  178): 
I/DEBUG   (  178): memory near ip:
I/DEBUG   (  178):     6d4ddd3c 6d832f68 00000006 00000000 54e00019  
I/DEBUG   (  178):     6d4ddd4c 783509f8 00000000 00000032 00000032  
I/DEBUG   (  178):     6d4ddd5c 6d4ddd98 7506cfca 6d8322f0 7506d956  
I/DEBUG   (  178):     6d4ddd6c 00000000 41f4f3d8 00000032 41f4ef00  
I/DEBUG   (  178):     6d4ddd7c 783509f8 00000000 6d4dddc0 7506d448  
I/DEBUG   (  178):     6d4ddd8c 6d82f710 7506cfca 00000000 41f4ef00  
I/DEBUG   (  178):     6d4ddd9c 783509f8 00000000 41f15290 41f39e50  
I/DEBUG   (  178):     6d4dddac 6d4ddde0 7506d42c 6d8331c0 7506d448  
I/DEBUG   (  178):     6d4dddbc 00000000 41f15290 41f156d0 41f39e50  
I/DEBUG   (  178):     6d4dddcc 6d4dddfc 6edccb64 6d833188 7506d42c  
I/DEBUG   (  178):     6d4ddddc 00000000 41f156d0 41f39e50 6d4dde1c  
I/DEBUG   (  178):     6d4dddec 6edccb14 6d623658 6edccb64 00000000  
I/DEBUG   (  178):     6d4dddfc 00000000 41f156d0 41f39e50 6d4dde38  
I/DEBUG   (  178):     6d4dde0c 6ef3cb9e 6d6235e8 6edccb14 00000000  
I/DEBUG   (  178):     6d4dde1c 41f156d0 41f39e50 6d4dde64 6ed4ff04  
I/DEBUG   (  178):     6d4dde2c 6d6e6f40 6ef3cb9e 00000000 41f39e70  
I/DEBUG   (  178): 
I/DEBUG   (  178): memory near sp:
I/DEBUG   (  178):     beb053d8 00000000 00000000 77488e54 beb05410  
I/DEBUG   (  178):     beb053e8 beb0542c 773c3980 00000000 00000010  
I/DEBUG   (  178):     beb053f8 00000008 0000000b 000004e9 6d4ddd5c  
I/DEBUG   (  178):     beb05408 6d4ddd5c 40134fe5 00000008 78350998  
I/DEBUG   (  178):     beb05418 3f000000 401351f9 77488e54 77437640  
I/DEBUG   (  178):     beb05428 00000000 773ce954 00000000 401dc3d3  
I/DEBUG   (  178):     beb05438 75680868 00000000 00000000 7569e870  
I/DEBUG   (  178):     beb05448 7833e100 00000000 00000000 00000001  
I/DEBUG   (  178):     beb05458 3f800000 78350998 7833d998 00000001  
I/DEBUG   (  178):     beb05468 00000001 77488e54 773ce708 3f000000  
I/DEBUG   (  178):     beb05478 6d4ddd5c beb054e0 beb054b4 773b4f4c  
I/DEBUG   (  178):     beb05488 00000000 01b284e0 75680868 783509f8  
I/DEBUG   (  178):     beb05498 00000000 7569e870 6d832f68 6d832f68  
I/DEBUG   (  178):     beb054a8 41573408 00000007 beb054d4 772869c4  
I/DEBUG   (  178):     beb054b8 783509f8 00000000 783509f8 00000000  
I/DEBUG   (  178):     beb054c8 54e00019 41571f68 beb054f4 41591bd0  
I/DEBUG   (  178): 
I/DEBUG   (  178): code around pc:
I/DEBUG   (  178):     40143f70 e8bd00f0 e3700a01 912fff1e e2600000  
I/DEBUG   (  178):     40143f80 ea006d81 e92d50f0 e3a07f43 ef000000  
I/DEBUG   (  178):     40143f90 e8bd50f0 e3700a01 912fff1e e2600000  
I/DEBUG   (  178):     40143fa0 ea006d79 e92d50f0 e3a070ee ef000000  
I/DEBUG   (  178):     40143fb0 e8bd50f0 e3700a01 912fff1e e2600000  
I/DEBUG   (  178):     40143fc0 ea006d71 f200429a bf008069 f040f891  
I/DEBUG   (  178):     40143fd0 4001e92d d3412a10 0300f1c0 030ff013  
I/DEBUG   (  178):     40143fe0 eba2d01d ea5f0203 bf447cc3 eb01f811  
I/DEBUG   (  178):     40143ff0 eb01f800 f811bf21 f811cb01 f800eb01  
I/DEBUG   (  178):     40144000 f800cb01 ea5feb01 da037c43 030df9a1  
I/DEBUG   (  178):     40144010 031df980 f921d303 f900070d 3a40071d  
I/DEBUG   (  178):     40144020 f921d30b f921020d f891420d 3a40f100  
I/DEBUG   (  178):     40144030 022df900 422df900 3220d2f3 f921d305  
I/DEBUG   (  178):     40144040 f1a2020d f9000220 f102022d f0120220  
I/DEBUG   (  178):     40144050 d0030f10 0a0df921 0a2df900 7c42ea5f  
I/DEBUG   (  178):     40144060 f921d303 f900070d da03070d 030df9a1  
I/DEBUG   (  178): 
I/DEBUG   (  178): code around lr:
I/DEBUG   (  178):     40134fc4 447b4b13 42b3e010 6a1ed10e 44784811  
I/DEBUG   (  178):     40134fd4 ec84f7fb ea0ef00d 46224631 efd0f00e  
I/DEBUG   (  178):     40134fe4 d00a3001 e00b2400 2b00681b 480ad1eb  
I/DEBUG   (  178):     40134ff4 44782403 ec72f7fb f001e002 6804fa23  
I/DEBUG   (  178):     40135004 fa20f001 46206005 bf00bd70 0003b3de  
I/DEBUG   (  178):     40135014 0003b3d2 0003b3ca 0003b3a6 bf7ef7ff  
I/DEBUG   (  178):     40135024 4a3e4b3d e92d447b b08b43f0 4606589c  
I/DEBUG   (  178):     40135034 6823460d 930946a1 fa04f001 8000f8d0  
I/DEBUG   (  178):     40135044 d0482d00 f00f4628 280fff9b d8444604  
I/DEBUG   (  178):     40135054 ffe4f7ff d1064286 4629200f e8d8f00d  
I/DEBUG   (  178):     40135064 d03c2800 482ee02e f7fb4478 482debb6  
I/DEBUG   (  178):     40135074 e0154478 d11342b0 482b6a06 f7fb4478  
I/DEBUG   (  178):     40135084 4a2aec2e 46332120 a801447a f83af013  
I/DEBUG   (  178):     40135094 a8012101 fb54f01a 46061c42 e011d104  
I/DEBUG   (  178):     401350a4 28006800 e02cd1e6 46294630 f00d4622  
I/DEBUG   (  178):     401350b4 1c43e914 d11e4607 f9c4f001 29046801  
D/pan     ( 1257): 1969752168
D/pan     ( 1257): ADevice-setBackColor: 255 255 255 255
D/pan     ( 1257): ADevice-setTextColor: 255 0 0 0
D/pan     ( 1257): ADevice-setPenColor: 255 0 0 0
D/pan     ( 1257): CONVERTING (
D/pan     ( 1257): 28
D/pan     ( 1257): ADevice-drawText: ( 50.0 50.0
D/pan     ( 1257): ADevice-setBackColor: 255 255 255 255
D/pan     ( 1257): ADevice-setTextColor: 255 0 0 0
D/pan     ( 1257): ADevice-setPenColor: 255 0 0 0
D/pan     ( 1257): CONVERTING 
D/pan     ( 1257): ADevice-drawText:  74.0 50.0
I/BootReceiver(  564): Copying /data/tombstones/tombstone_06 to DropBox (SYSTEM_TOMBSTONE)
D/pan     ( 1257): ADevice-setBackColor: 255 255 255 255
D/pan     ( 1257): ADevice-setTextColor: 255 0 0 0
D/pan     ( 1257): ADevice-setPenColor: 255 0 0 0
D/pan     ( 1257): CONVERTING  
D/pan     ( 1257): 20
D/pan     ( 1257): ADevice-drawText:   68.0 50.0
W/ActivityManager(  564):   Force finishing activity com.mathbrush/.MathBrush
D/dalvikvm(  564): GC_FOR_ALLOC freed 2115K, 15% free 26922K/31624K, paused 85ms, total 86ms
D/dalvikvm(  564): GC_FOR_ALLOC freed 673K, 16% free 26809K/31624K, paused 77ms, total 77ms
I/ActivityManager(  564): Killing 18752:com.google.android.deskclock/u0a41 (adj 15): empty #17
D/audio_hw_primary(  182): select_devices: out_snd_device(3: speaker-reverse) in_snd_device(0: )
D/ACDB-LOADER(  182): ACDB -> send_afe_cal
I/ActivityManager(  564): Start proc com.evernote for service com.evernote/.client.ReminderService: pid=1323 uid=10112 gids={50112, 3003, 1028, 1015}
D/dalvikvm( 2245): GC_FOR_ALLOC freed 367K, 10% free 11265K/12500K, paused 22ms, total 22ms
I/ActivityManager(  564): Start proc com.google.android.deskclock for broadcast com.google.android.deskclock/com.android.alarmclock.DigitalAppWidgetProvider: pid=1351 uid=10041 gids={50041, 1028}
D/dalvikvm( 1323): GC_CONCURRENT freed 181K, 3% free 9376K/9588K, paused 2ms+3ms, total 20ms
D/dalvikvm( 1323): WAIT_FOR_CONCURRENT_GC blocked 1ms
I/ActivityManager(  564): Killing 28134:com.google.android.gallery3d/u0a45 (adj 15): empty #17
D/dalvikvm( 1323): GC_CONCURRENT freed 145K, 2% free 9720K/9912K, paused 1ms+2ms, total 14ms
D/EN      ( 1323): MemoryMapAppender.ctor()
D/EN      ( 1323): MemoryMapAppender.ctor-end()
I/ReleaseProperties( 1323): Current app is: evernote
I/ReleaseProperties( 1323): propFile: release is now loaded
I/ReleaseProperties( 1323): propFile: play is now loaded
I/ReleaseProperties( 1323): propFile: base is now loaded
D/dalvikvm( 1323): GC_CONCURRENT freed 264K, 4% free 9947K/10260K, paused 1ms+1ms, total 15ms
D/dalvikvm( 1323): WAIT_FOR_CONCURRENT_GC blocked 5ms
I/ReleaseProperties( 1323): propFile: override is now loaded
D/MarketUtils( 1323): isPackageInstalled() - com.android.vending is installed
D/MarketUtils( 1323): isPackageInstalled() - com.android.vending is installed
D/MarketUtils( 1323): isPackageInstalled() - com.android.vending is installed
D/ReleaseProperties( 1323): getReferralPersistencePath():: old=false:: path=/storage/emulated/0/.enref
D/MarketUtils( 1323): isPackageInstalled() - com.android.vending is installed
I/ReleaseProperties( 1323): ReleaseProperties: 
I/ReleaseProperties( 1323):   bundleName=continuous-integration
I/ReleaseProperties( 1323):   revision=AM_585_1151
I/ReleaseProperties( 1323):   type=public
I/ReleaseProperties( 1323):   gitHash=7f8f27764c7c0395bd63b1be1d5911ef90a2bc8b
I/ReleaseProperties( 1323):   baseSearchUri=market://search?q=
D/MarketUtils( 1323): isPackageInstalled() - com.android.vending is installed
I/ReleaseProperties( 1323): From file referralCode=android
D/dalvikvm( 1323): GC_CONCURRENT freed 374K, 5% free 10032K/10452K, paused 2ms+2ms, total 17ms
D/MarketUtils( 1323): isPackageInstalled() - com.android.vending is installed
D/MarketUtils( 1323): isPackageInstalled() - com.android.vending is installed
I/Crashlytics( 1323): Initializing Crashlytics 1.1.8.10
D/MarketUtils( 1323): isPackageInstalled() - com.android.vending is installed
D/MarketUtils( 1323): isPackageInstalled() - com.android.vending is installed
D/dalvikvm( 2245): GC_CONCURRENT freed 694K, 11% free 11242K/12500K, paused 3ms+2ms, total 36ms
I/ActivityManager(  564): Killing 785:com.android.defcontainer/u0a5 (adj 15): empty #17
D/dalvikvm( 1323): GC_CONCURRENT freed 416K, 5% free 10118K/10572K, paused 3ms+2ms, total 25ms
D/dalvikvm( 2245): GC_CONCURRENT freed 627K, 10% free 11348K/12500K, paused 2ms+2ms, total 32ms
D/dalvikvm(  801): GC_EXPLICIT freed 367K, 6% free 10081K/10628K, paused 1ms+3ms, total 22ms
D/GCoreUlr(  943): Throttling analytics event: entity, location_received, 2
D/GCoreUlr(  943): Throttling analytics event: entity, LocationRecordStore:save_attempt, 1
D/GCoreUlr(  943): Throttling analytics event: entity, LocationRecordStore:saved, 1
D/GCoreUlr(  943): Throttling analytics event: entity, LocationRecordStore:save_attempt, 1
D/GCoreUlr(  943): Throttling analytics event: entity, LocationRecordStore:saved, 1
I/GCoreUlr(  943): Successfully inserted location
I/GCoreUlr(  943): Not calling LocationReportingService, hasMoved: false, elapsed millis: 1428663, request: Tablet
D/dalvikvm( 1323): GC_CONCURRENT freed 231K, 4% free 10304K/10652K, paused 7ms+3ms, total 43ms
D/dalvikvm( 1323): GC_CONCURRENT freed 420K, 5% free 10285K/10740K, paused 7ms+2ms, total 41ms
W/ContextImpl( 1323): Implicit intents with startService are not safe: Intent { act=com.android.vending.billing.InAppBillingService.BIND } android.content.ContextWrapper.bindService:517 com.evernote.billing.BillingUtil.initializeGoogleIAPBilling:473 com.evernote.Evernote.v:339 
D/Finsky  ( 1892): [132] InAppBillingUtils.pickAccount: com.evernote: Account determined from installer data - [1ms_NS4tsAWLsD8fjynSrqhnZik]
D/dalvikvm(  943): GC_CONCURRENT freed 396K, 32% free 10654K/15528K, paused 2ms+3ms, total 31ms
D/dalvikvm(  943): GC_CONCURRENT freed 375K, 31% free 10721K/15528K, paused 4ms+3ms, total 44ms
D/GCoreUlr(  943): Throttling analytics event: entity, activity_received, 2
D/GCoreUlr(  943): Throttling analytics event: entity, DetectedActivityStore:save_attempt, 1
D/GCoreUlr(  943): Throttling analytics event: entity, DetectedActivityStore:saved, 1
D/GCoreUlr(  943): Throttling analytics event: entity, DetectedActivityStore:save_attempt, 1
D/GCoreUlr(  943): Throttling analytics event: entity, DetectedActivityStore:saved, 1
D/dalvikvm( 1323): GC_CONCURRENT freed 331K, 4% free 10344K/10740K, paused 3ms+3ms, total 27ms
D/dalvikvm(28156): GC_FOR_ALLOC freed 84K, 63% free 12840K/34492K, paused 22ms, total 23ms
D/dalvikvm(28156): GC_FOR_ALLOC freed 122K, 60% free 13803K/34492K, paused 14ms, total 15ms
D/dalvikvm(10669): GC_CONCURRENT freed 414K, 6% free 9187K/9712K, paused 5ms+3ms, total 38ms
D/dalvikvm( 1003): GC_CONCURRENT freed 527K, 7% free 11029K/11752K, paused 8ms+2ms, total 93ms
D/GCoreUlr(  943): Throttling analytics event: entity, location_received, 2
D/GCoreUlr(  943): Throttling analytics event: entity, wifi_received, 2
D/GCoreUlr(  943): Throttling analytics event: entity, LocationRecordStore:save_attempt, 1
D/GCoreUlr(  943): Throttling analytics event: entity, LocationRecordStore:saved, 1
D/GCoreUlr(  943): Throttling analytics event: entity, LocationRecordStore:save_attempt, 1
D/GCoreUlr(  943): Throttling analytics event: entity, LocationRecordStore:saved, 1
I/GCoreUlr(  943): Successfully inserted location
I/GCoreUlr(  943): Not calling LocationReportingService, hasMoved: false, elapsed millis: 1488788, request: Tablet
D/dalvikvm( 3272): GC_CONCURRENT freed 407K, 6% free 9520K/10088K, paused 2ms+2ms, total 37ms
I/libboot (10618): #####encodeRequest begin#####
I/libboot (10618): Sign State = 1
I/libboot (10618): ssodata init 36769245 
I/libboot (10618): ssodata set Simple true
I/libboot (10618): A2 Simple true
I/libboot (10618): IMEI Simple true
I/libboot (10618): Ksid Simple true
I/libboot (10618): uin = 36769245, servicecmd = StatSvc.get lower = statsvc.get
I/libboot (10618): Account size = 1
I/libboot (10618): Account uin: 36769245
I/libboot (10618): encyped by key
I/libboot (10618): #####encode end#######
I/libboot (10618): ParseRecvData begin
I/libboot (10618): totalsize = 190
I/libboot (10618): m_RetCode: 0
I/libboot (10618): ssoData deserialize done
I/libboot (10618): uin = 36769245, cmd = StatSvc.get, recvSize = 190
I/libboot (10618): Parse Other Resp
I/libboot (10618): onResponse done
I/libboot (10618): buffer size is 0, end!
I/libboot (10618): ParseRecvData end
I/PowerManagerService(  564): Going to sleep due to screen timeout...
D/SurfaceFlinger(  179): Screen released, type=0 flinger=0xb835c450
D/SurfaceControl(  564): Excessive delay in blankDisplay() while turning screen off: 262ms
D/NfcService(  839): NFC-C OFF
D/MoPub   (23595): Screen sleep but ad in background; refresh should already be disabled
W/IdleConnectionHandler(10737): Removing a connection that never existed!
V/KeyguardHostView(  631): Initial transport state: 1, pbstate=0
V/KeyguardHostView(  631): music state changed: 0
W/View    (  631): requestLayout() improperly called by android.widget.TextClock{436ae0d0 V.ED.... ......ID 157,0-671,375 #7f0a0047 app:id/clock_view} during layout: running second layout pass
W/View    (  631): requestLayout() improperly called by android.widget.TextClock{4397e508 V.ED.... ......ID 327,0-500,43 #7f0a004c app:id/date_view} during layout: running second layout pass
D/PhoneStatusBar(  631): disable: < expand icons alerts ticker system_info BACK* HOME* RECENT* CLOCK* search >
D/ConnectivityService(  564): Sampling interval elapsed, updating statistics ..
D/ConnectivityService(  564): Done.
D/ConnectivityService(  564): Setting timer for 720seconds
I/ProcessStatsService(  564): Prepared write state in 43ms
D/dalvikvm(  943): GC_CONCURRENT freed 648K, 32% free 10634K/15528K, paused 6ms+2ms, total 71ms
D/dalvikvm(  943): WAIT_FOR_CONCURRENT_GC blocked 16ms
D/GCoreUlr(  943): Throttling analytics event: entity, location_received, 2
D/GCoreUlr(  943): Throttling analytics event: entity, wifi_received, 2
D/GCoreUlr(  943): Throttling analytics event: entity, wifi_attached, 2
D/GCoreUlr(  943): Throttling analytics event: entity, LocationRecordStore:save_attempt, 1
D/GCoreUlr(  943): Throttling analytics event: entity, LocationRecordStore:saved, 1
D/GCoreUlr(  943): Throttling analytics event: entity, LocationRecordStore:save_attempt, 1
D/GCoreUlr(  943): Throttling analytics event: entity, LocationRecordStore:saved, 1
I/GCoreUlr(  943): Successfully inserted location
I/GCoreUlr(  943): Not calling LocationReportingService, hasMoved: false, elapsed millis: 1548794, request: Tablet
D/dalvikvm( 3272): GC_CONCURRENT freed 451K, 6% free 9526K/10088K, paused 2ms+1ms, total 13ms
D/dalvikvm(  564): GC_EXPLICIT freed 2262K, 17% free 26439K/31624K, paused 9ms+8ms, total 142ms
D/dalvikvm(  943): GC_CONCURRENT freed 428K, 31% free 10736K/15528K, paused 4ms+2ms, total 29ms
D/dalvikvm(  943): WAIT_FOR_CONCURRENT_GC blocked 15ms
D/GCoreUlr(  943): Throttling analytics event: entity, activity_received, 2
D/GCoreUlr(  943): Throttling analytics event: entity, DetectedActivityStore:save_attempt, 1
D/GCoreUlr(  943): Throttling analytics event: entity, DetectedActivityStore:saved, 1
D/GCoreUlr(  943): Throttling analytics event: entity, DetectedActivityStore:save_attempt, 1
D/GCoreUlr(  943): Throttling analytics event: entity, DetectedActivityStore:saved, 1
I/dalvikvm(10618): Jit: resizing JitTable from 4096 to 8192
D/dalvikvm(  943): GC_CONCURRENT freed 692K, 32% free 10610K/15528K, paused 2ms+2ms, total 26ms
D/dalvikvm(  943): WAIT_FOR_CONCURRENT_GC blocked 11ms
D/GCoreUlr(  943): Throttling analytics event: entity, location_received, 2
D/GCoreUlr(  943): Throttling analytics event: entity, wifi_received, 2
D/GCoreUlr(  943): Throttling analytics event: entity, LocationRecordStore:save_attempt, 1
D/GCoreUlr(  943): Throttling analytics event: entity, LocationRecordStore:saved, 1
D/GCoreUlr(  943): Throttling analytics event: entity, LocationRecordStore:save_attempt, 1
D/GCoreUlr(  943): Throttling analytics event: entity, LocationRecordStore:saved, 1
I/GCoreUlr(  943): Successfully inserted location
I/GCoreUlr(  943): Not calling LocationReportingService, hasMoved: false, elapsed millis: 1608767, request: Tablet
D/dalvikvm( 3272): GC_CONCURRENT freed 506K, 6% free 9530K/10088K, paused 2ms+2ms, total 26ms
D/dalvikvm( 3272): WAIT_FOR_CONCURRENT_GC blocked 5ms
D/dalvikvm(  943): GC_CONCURRENT freed 405K, 32% free 10617K/15528K, paused 2ms+2ms, total 22ms
D/GCoreUlr(  943): Throttling analytics event: entity, location_received, 2
D/GCoreUlr(  943): Throttling analytics event: entity, wifi_received, 2
D/GCoreUlr(  943): Throttling analytics event: entity, LocationRecordStore:save_attempt, 1
D/GCoreUlr(  943): Throttling analytics event: entity, LocationRecordStore:saved, 1
D/GCoreUlr(  943): Throttling analytics event: entity, LocationRecordStore:save_attempt, 1
D/GCoreUlr(  943): Throttling analytics event: entity, LocationRecordStore:saved, 1
I/GCoreUlr(  943): Successfully inserted location
I/GCoreUlr(  943): Not calling LocationReportingService, hasMoved: false, elapsed millis: 1680126, request: Tablet
D/GCoreUlr(  943): Throttling analytics event: entity, location_received, 2
D/GCoreUlr(  943): Throttling analytics event: entity, wifi_received, 2
D/GCoreUlr(  943): Throttling analytics event: entity, wifi_attached, 2
D/GCoreUlr(  943): Throttling analytics event: entity, LocationRecordStore:save_attempt, 1
D/dalvikvm(  943): GC_CONCURRENT freed 431K, 32% free 10656K/15528K, paused 1ms+3ms, total 21ms
D/GCoreUlr(  943): Throttling analytics event: entity, LocationRecordStore:saved, 1
D/GCoreUlr(  943): Throttling analytics event: entity, LocationRecordStore:save_attempt, 1
D/GCoreUlr(  943): Throttling analytics event: entity, LocationRecordStore:saved, 1
I/GCoreUlr(  943): Successfully inserted location
I/GCoreUlr(  943): Not calling LocationReportingService, hasMoved: false, elapsed millis: 1740430, request: Tablet
D/dalvikvm(  943): GC_CONCURRENT freed 458K, 32% free 10693K/15528K, paused 3ms+2ms, total 28ms
D/GCoreUlr(  943): Throttling analytics event: entity, activity_received, 2
D/GCoreUlr(  943): Throttling analytics event: entity, DetectedActivityStore:save_attempt, 1
D/GCoreUlr(  943): Throttling analytics event: entity, DetectedActivityStore:saved, 1
D/GCoreUlr(  943): Throttling analytics event: entity, DetectedActivityStore:save_attempt, 1
D/GCoreUlr(  943): Throttling analytics event: entity, DetectedActivityStore:saved, 1
D/dalvikvm( 3272): GC_CONCURRENT freed 405K, 6% free 9515K/10088K, paused 1ms+3ms, total 43ms
D/GCoreUlr(  943): Throttling analytics event: entity, location_received, 2
D/GCoreUlr(  943): Throttling analytics event: entity, wifi_received, 2
D/GCoreUlr(  943): Throttling analytics event: entity, LocationRecordStore:save_attempt, 1
D/GCoreUlr(  943): Throttling analytics event: entity, LocationRecordStore:saved, 1
D/GCoreUlr(  943): Throttling analytics event: entity, LocationRecordStore:save_attempt, 1
D/GCoreUlr(  943): Throttling analytics event: entity, LocationRecordStore:saved, 1
I/GCoreUlr(  943): Successfully inserted location
I/GCoreUlr(  943): Not calling LocationReportingService, hasMoved: false, elapsed millis: 1800396, request: Tablet
I/libboot (10618): #####encodeRequest begin#####
I/libboot (10618): Sign State = 1
I/libboot (10618): ssodata init 36769245 
I/libboot (10618): ssodata set Simple true
I/libboot (10618): A2 Simple true
I/libboot (10618): IMEI Simple true
I/libboot (10618): Ksid Simple true
I/libboot (10618): uin = 36769245, servicecmd = StatSvc.get lower = statsvc.get
I/libboot (10618): Account size = 1
I/libboot (10618): Account uin: 36769245
I/libboot (10618): encyped by key
I/libboot (10618): #####encode end#######
I/libboot (10618): ParseRecvData begin
I/libboot (10618): totalsize = 190
I/libboot (10618): m_RetCode: 0
I/libboot (10618): ssoData deserialize done
I/libboot (10618): uin = 36769245, cmd = StatSvc.get, recvSize = 190
I/libboot (10618): Parse Other Resp
I/libboot (10618): onResponse done
I/libboot (10618): buffer size is 0, end!
I/libboot (10618): ParseRecvData end
D/dalvikvm(  943): GC_CONCURRENT freed 610K, 32% free 10635K/15528K, paused 2ms+2ms, total 29ms
D/dalvikvm(  943): WAIT_FOR_CONCURRENT_GC blocked 10ms
D/GCoreUlr(  943): Throttling analytics event: entity, location_received, 2
D/GCoreUlr(  943): Throttling analytics event: entity, wifi_received, 2
D/GCoreUlr(  943): Throttling analytics event: entity, LocationRecordStore:save_attempt, 1
D/GCoreUlr(  943): Throttling analytics event: entity, LocationRecordStore:saved, 1
D/dalvikvm( 3272): GC_CONCURRENT freed 480K, 6% free 9525K/10088K, paused 1ms+1ms, total 13ms
D/GCoreUlr(  943): Throttling analytics event: entity, LocationRecordStore:save_attempt, 1
D/GCoreUlr(  943): Throttling analytics event: entity, LocationRecordStore:saved, 1
I/GCoreUlr(  943): Successfully inserted location
I/GCoreUlr(  943): Not calling LocationReportingService, hasMoved: false, elapsed millis: 1860309, request: Tablet
D/GCM     (  801): Message class jwi
D/ConnectivityService(  564): handleInetConditionHoldEnd: net=1, condition=100, published condition=100
W/Uploader( 1003): No account for auth token provided
I/jvq     ( 1003): I/O exception (org.apache.http.NoHttpResponseException) caught when processing request: The target server failed to respond
I/jvq     ( 1003): Retrying request
D/dalvikvm(  943): GC_CONCURRENT freed 493K, 32% free 10628K/15528K, paused 12ms+2ms, total 57ms
D/dalvikvm(  564): GC_EXPLICIT freed 1294K, 17% free 26313K/31624K, paused 3ms+8ms, total 117ms
D/GCoreUlr(  943): Throttling analytics event: entity, location_received, 2
D/GCoreUlr(  943): Throttling analytics event: entity, wifi_received, 2
D/GCoreUlr(  943): Throttling analytics event: entity, wifi_attached, 2
D/GCoreUlr(  943): Throttling analytics event: entity, LocationRecordStore:save_attempt, 1
D/GCoreUlr(  943): Throttling analytics event: entity, LocationRecordStore:saved, 1
D/dalvikvm( 1003): GC_FOR_ALLOC freed 366K, 7% free 10929K/11752K, paused 17ms, total 17ms
W/Uploader( 1003): No account for auth token provided
D/GCoreUlr(  943): Throttling analytics event: entity, LocationRecordStore:save_attempt, 1
D/GCoreUlr(  943): Throttling analytics event: entity, LocationRecordStore:saved, 1
I/GCoreUlr(  943): Successfully inserted location
I/GCoreUlr(  943): Not calling LocationReportingService, hasMoved: false, elapsed millis: 1921411, request: Tablet
W/GLSUser (  801): GoogleAccountDataService.getToken()
D/dalvikvm( 1003): GC_FOR_ALLOC freed 112K, 8% free 10918K/11752K, paused 20ms, total 20ms
D/dalvikvm(  943): GC_CONCURRENT freed 426K, 31% free 10730K/15528K, paused 3ms+2ms, total 22ms
D/dalvikvm(  943): WAIT_FOR_CONCURRENT_GC blocked 10ms
I/GCoreUlr(  943): Received powerMode change from NLP: com.google.android.location.activity.LOW_POWER_MODE_ENABLED
I/GCoreUlr(  943): Starting service, intent=Intent { act=com.google.android.location.reporting.ACTION_UPDATE_ACTIVE_STATE cmp=com.google.android.gms/com.google.android.location.reporting.service.DispatchingService }, extras=null
D/GCoreUlr(  943): Throttling analytics event: db, restrict_to:attempt, 1
D/GCoreUlr(  943): Throttling analytics event: db, restrict_to:attempt, 1
D/GCoreUlr(  943): Throttling analytics event: db, restrict_to:attempt, 1
I/GCoreUlr(  943): Ensuring that reporting is active for [account#10#, account#15#]
I/GCoreUlr(  943): Starting service, intent=Intent { act=com.google.android.location.reporting.ACTION_LOCATION_STATUS cmp=com.google.android.gms/com.google.android.location.reporting.service.DispatchingService (has extras) }, extras=Bundle[{status=LocationStatus[cell status: STATUS_SUCCESSFUL, wifi status: STATUS_SUCCESSFUL, elapsed realtime ns: 84895308894870]}]
D/GCoreUlr(  943): Throttling analytics event: entity, metadata_created, 2
D/GCoreUlr(  943): Throttling analytics event: entity, ApiMetadataStore:save_attempt, 1
D/GCoreUlr(  943): Throttling analytics event: entity, ApiMetadataStore:saved, 1
D/GCoreUlr(  943): Throttling analytics event: entity, ApiMetadataStore:save_attempt, 1
D/GCoreUlr(  943): Throttling analytics event: entity, ApiMetadataStore:saved, 1
I/GCoreUlr(  943): GMS FLP location and AR updates requested: {"timestampMs":1404169697399,"description":"stationary","samplePeriodMs":1080000,"sampleSource":"internal","sampleReason":"stationary"}
D/GCoreUlr(  943): Throttling analytics event: entity, activity_received, 2
D/GCoreUlr(  943): Throttling analytics event: entity, DetectedActivityStore:save_attempt, 1
D/GCoreUlr(  943): Throttling analytics event: entity, DetectedActivityStore:saved, 1
D/GCoreUlr(  943): Throttling analytics event: entity, DetectedActivityStore:save_attempt, 1
D/GCoreUlr(  943): Throttling analytics event: entity, DetectedActivityStore:saved, 1
D/GCoreUlr(  943): Throttling analytics event: entity, ApiMetadataStore:save_attempt, 1
D/GCoreUlr(  943): Throttling analytics event: entity, ApiMetadataStore:saved, 1
D/GCoreUlr(  943): Throttling analytics event: entity, ApiMetadataStore:save_attempt, 1
D/GCoreUlr(  943): Throttling analytics event: entity, ApiMetadataStore:saved, 1
D/dalvikvm(  943): GC_CONCURRENT freed 563K, 31% free 10732K/15528K, paused 2ms+16ms, total 39ms
D/dalvikvm(  943): WAIT_FOR_CONCURRENT_GC blocked 2ms
D/dalvikvm( 3272): GC_CONCURRENT freed 505K, 6% free 9530K/10088K, paused 4ms+1ms, total 65ms
D/dalvikvm( 3272): WAIT_FOR_CONCURRENT_GC blocked 6ms
D/GCoreUlr(  943): Throttling analytics event: entity, location_received, 2
D/GCoreUlr(  943): Throttling analytics event: entity, wifi_received, 2
D/GCoreUlr(  943): Throttling analytics event: entity, LocationRecordStore:save_attempt, 1
D/GCoreUlr(  943): Throttling analytics event: entity, LocationRecordStore:saved, 1
D/GCoreUlr(  943): Throttling analytics event: entity, LocationRecordStore:save_attempt, 1
D/GCoreUlr(  943): Throttling analytics event: entity, LocationRecordStore:saved, 1
I/GCoreUlr(  943): Successfully inserted location
I/GCoreUlr(  943): Not calling LocationReportingService, hasMoved: false, elapsed millis: 1981794, request: Tablet
D/dalvikvm(  801): GC_EXPLICIT freed 201K, 6% free 10077K/10628K, paused 2ms+3ms, total 22ms
D/dalvikvm(28156): GC_FOR_ALLOC freed 34K, 57% free 15101K/34492K, paused 15ms, total 15ms
D/dalvikvm(28156): GC_FOR_ALLOC freed 131K, 52% free 16724K/34492K, paused 14ms, total 14ms
D/dalvikvm( 3272): GC_CONCURRENT freed 404K, 6% free 9515K/10088K, paused 1ms+23ms, total 35ms
D/GCoreUlr(  943): Throttling analytics event: entity, activity_received, 2
D/GCoreUlr(  943): Throttling analytics event: entity, DetectedActivityStore:save_attempt, 1
D/GCoreUlr(  943): Throttling analytics event: entity, DetectedActivityStore:saved, 1
D/GCoreUlr(  943): Throttling analytics event: entity, DetectedActivityStore:save_attempt, 1
D/GCoreUlr(  943): Throttling analytics event: entity, DetectedActivityStore:saved, 1
I/libboot (10618): #####encodeRequest begin#####
I/libboot (10618): Sign State = 1
I/libboot (10618): ssodata init 36769245 
I/libboot (10618): ssodata set Simple true
I/libboot (10618): A2 Simple true
I/libboot (10618): IMEI Simple true
I/libboot (10618): Ksid Simple true
I/libboot (10618): uin = 36769245, servicecmd = StatSvc.get lower = statsvc.get
I/libboot (10618): Account size = 1
I/libboot (10618): Account uin: 36769245
I/libboot (10618): encyped by key
I/libboot (10618): #####encode end#######
I/libboot (10618): ParseRecvData begin
I/libboot (10618): totalsize = 190
I/libboot (10618): m_RetCode: 0
I/libboot (10618): ssoData deserialize done
I/libboot (10618): uin = 36769245, cmd = StatSvc.get, recvSize = 190
I/libboot (10618): Parse Other Resp
I/libboot (10618): onResponse done
I/libboot (10618): buffer size is 0, end!
I/libboot (10618): ParseRecvData end
D/dalvikvm( 3272): GC_CONCURRENT freed 375K, 6% free 9524K/10088K, paused 3ms+1ms, total 14ms
I/EventLogService( 1003): Aggregate from 1404168139689 (log), 1404168139689 (data)
W/Settings(10737): Setting wifi_sleep_policy has moved from android.provider.Settings.System to android.provider.Settings.Global, returning read-only value.
D/dalvikvm( 1003): GC_FOR_ALLOC freed 83K, 8% free 10915K/11752K, paused 18ms, total 18ms
I/ServiceDumpSys( 1003): dumping service [account]
D/dalvikvm(10669): GC_CONCURRENT freed 388K, 5% free 9185K/9640K, paused 5ms+4ms, total 39ms
D/dalvikvm( 3272): GC_CONCURRENT freed 397K, 6% free 9512K/10088K, paused 2ms+1ms, total 13ms
V/KeyguardServiceDelegate(  564): onScreenTurnedOn(showListener = com.android.internal.policy.impl.PhoneWindowManager$17@428d2280)
I/PowerManagerService(  564): Waking up from sleep...
V/KeyguardServiceDelegate(  564): **** SHOWN CALLED ****
I/WindowManager(  564): Lock screen displayed!
D/DisplayPowerController(  564): Unblocked screen on after 87320773 ms
D/SurfaceFlinger(  179): Screen acquired, type=0 flinger=0xb835c450
D/dalvikvm( 1106): GC_CONCURRENT freed 743K, 7% free 12177K/12956K, paused 3ms+2ms, total 32ms
D/SurfaceControl(  564): Excessive delay in unblankDisplay() while turning screen on: 232ms
D/MoPub   (23595): Screen wake but ad in background; don't enable refresh
D/PhoneStatusBar(  631): disable: < expand icons alerts ticker system_info back* home* recent* clock* search >
V/Nextpeer( 5110): Nextpeer push service requires internet connection. Your AndroidManifest.xml file should include 'android.permission.RECEIVE_BOOT_COMPLETED' permission
W/InputMethodManagerService(  564): Window already focused, ignoring focus gain of: com.android.internal.view.IInputMethodClient$Stub$Proxy@42d21970 attribute=android.view.inputmethod.EditorInfo@42faf430, token = android.os.BinderProxy@41f3f398
D/NfcService(  839): NFC-C ON
I/USERIAL_LINUX(  839): USERIAL_Open(): enter
I/USERIAL_LINUX(  839): USERIAL_Open() device: /dev/bcm2079x-i2c port=5, uart_port=0 WAKE_DELAY(20) WRITE_DELAY(20) POWER_ON_DELAY(0) PRE_POWER_OFF_DELAY(10) POST_POWER_OFF_DELAY(0)
I/USERIAL_LINUX(  839): USERIAL_Open(): exit
I/ActivityManager(  564): START u0 {act=android.intent.action.MAIN cat=[android.intent.category.LAUNCHER] flg=0x10200000 cmp=com.mathbrush/.MathBrush bnds=[740,753][916,929]} from pid 853
D/audio_hw_primary(  182): select_devices: out_snd_device(3: speaker-reverse) in_snd_device(0: )
D/ACDB-LOADER(  182): ACDB -> send_afe_cal
I/ActivityManager(  564): Displayed com.mathbrush/.MathBrush: +161ms
D/dalvikvm( 1257): Trying to load lib /data/app-lib/com.mathbrush-2/libwrappers.so 0x41f14188
D/dalvikvm( 1257): Shared lib '/data/app-lib/com.mathbrush-2/libwrappers.so' already loaded in same CL 0x41f14188
D/dalvikvm( 1257): Trying to load lib /data/app-lib/com.mathbrush-2/libwrappers.so 0x41f14188
D/dalvikvm( 1257): Shared lib '/data/app-lib/com.mathbrush-2/libwrappers.so' already loaded in same CL 0x41f14188
D/pan     ( 1257): ADevice-createFont: times 60.0
D/pan     ( 1257): 1983485320
D/dalvikvm( 1257): GC_FOR_ALLOC freed 87K, 1% free 17575K/17696K, paused 12ms, total 12ms
I/dalvikvm-heap( 1257): Grow heap (frag case) to 24.091MB for 7234576-byte allocation
D/dalvikvm( 1257): GC_FOR_ALLOC freed 6K, 1% free 24633K/24764K, paused 12ms, total 12ms
D/dalvikvm( 1257): GC_CONCURRENT freed 5K, 1% free 25879K/26016K, paused 3ms+3ms, total 16ms
D/pan     ( 1257): ANDROID DETECTED
D/pan     ( 1257): exprTree2001163000
D/pan     ( 1257): CSymbolFence::createBox 0 0
D/pan     ( 1257): CSymbolBasic::createBox 0 0
D/pan     ( 1257): CONVERTING (
D/pan     ( 1257): 28
D/pan     ( 1257): ADevice-getStringBox: (
D/pan     ( 1257): ADevice-getStringBox-return: 16 54
D/pan     ( 1257): CSymbolBasic::createBox 18 0
D/pan     ( 1257): CONVERTING 1
D/pan     ( 1257): 31
D/pan     ( 1257): ADevice-getStringBox: 1
D/pan     ( 1257): ADevice-getStringBox-return: 26 44
D/pan     ( 1257): CSymbolBasic::createBox 48 0
D/pan     ( 1257): CONVERTING 
D/pan     ( 1257): ADevice-getStringBox: 
D/pan     ( 1257): ADevice-getStringBox-return: 0 0
I/ActivityManager(  564): Process com.mathbrush (pid 1257) has died.
W/ActivityManager(  564): Force removing ActivityRecord{42bde270 u0 com.mathbrush/.MathBrush t56}: app died, no saved state
I/WindowState(  564): WIN DEATH: Window{42a46150 u0 com.mathbrush/com.mathbrush.MathBrush}
W/Binder  (  761): Caught a RuntimeException from the binder stub implementation.
W/Binder  (  761): java.lang.NullPointerException
W/Binder  (  761): 	at android.inputmethodservice.IInputMethodWrapper.setSessionEnabled(IInputMethodWrapper.java:280)
W/Binder  (  761): 	at com.android.internal.view.IInputMethod$Stub.onTransact(IInputMethod.java:129)
W/Binder  (  761): 	at android.os.Binder.execTransact(Binder.java:404)
W/Binder  (  761): 	at dalvik.system.NativeStart.run(Native Method)
W/InputMethodManagerService(  564): Got RemoteException sending setActive(false) notification to pid 1257 uid 10121
D/Zygote  (  180): Process 1257 terminated by signal (8)
D/dalvikvm(  631): GC_CONCURRENT freed 6445K, 23% free 29867K/38576K, paused 2ms+9ms, total 76ms
D/ConnectivityService(  564): Sampling interval elapsed, updating statistics ..
D/ConnectivityService(  564): Done.
D/ConnectivityService(  564): Setting timer for 720seconds
I/CheckinService( 1003): Preparing to send checkin request
I/EventLogService( 1003): Accumulating logs since 1404169939874
D/dalvikvm( 1003): GC_FOR_ALLOC freed 72K, 8% free 10915K/11752K, paused 25ms, total 25ms
I/GoogleHttpClient( 1003): Falling back to old http client 0 java.lang.NoSuchMethodException: <init> [class android.content.Context, class java.lang.String, boolean]
D/dalvikvm(  564): GC_EXPLICIT freed 2183K, 19% free 25868K/31624K, paused 3ms+9ms, total 115ms
W/GLSUser (  801): GoogleAccountDataService.getToken()
W/GLSUser (  801): GoogleAccountDataService.getToken()
D/dalvikvm( 1003): GC_FOR_ALLOC freed 224K, 7% free 10966K/11752K, paused 17ms, total 18ms
I/CheckinTask( 1003): Sending checkin request (3008 bytes)
D/dalvikvm(  943): GC_CONCURRENT freed 596K, 32% free 10653K/15528K, paused 3ms+2ms, total 32ms
D/GCoreUlr(  943): Throttling analytics event: entity, location_received, 2
D/GCoreUlr(  943): Throttling analytics event: entity, wifi_received, 2
D/GCoreUlr(  943): Throttling analytics event: entity, wifi_attached, 2
D/GCoreUlr(  943): Throttling analytics event: entity, LocationRecordStore:save_attempt, 1
D/GCoreUlr(  943): Throttling analytics event: entity, LocationRecordStore:saved, 1
D/GCoreUlr(  943): Throttling analytics event: entity, LocationRecordStore:save_attempt, 1
D/GCoreUlr(  943): Throttling analytics event: entity, LocationRecordStore:saved, 1
I/GCoreUlr(  943): Successfully inserted location
I/GCoreUlr(  943): Not calling LocationReportingService, hasMoved: false, elapsed millis: 2266566, request: Tablet
I/CheckinResponseProcessor( 1003): From server: 2 gservices updates and 0 deletes
D/BackupManagerService(  564): Now staging backup of com.android.providers.settings
I/GservicesProvider(  801): main difference update completed
I/ActivityManager(  564): Start proc com.google.android.configupdater for broadcast com.google.android.configupdater/.CertPin.CertPinUpdateRequestReceiver: pid=1996 uid=10002 gids={50002, 3003, 2001}
W/GLSUser (  801): GoogleAccountDataService.getToken()
W/ContextImpl( 1996): Implicit intents with startService are not safe: Intent { act=com.google.android.configupdater.CertPin.START (has extras) } android.content.ContextWrapper.startService:494 android.content.ContextWrapper.startService:494 com.google.android.configupdater.UpdateRequestReceiver.startUpdate:219 
I/UpdateFetcherService( 1996): Update started
D/dalvikvm(  801): GC_CONCURRENT freed 437K, 6% free 10052K/10628K, paused 3ms+2ms, total 22ms
E/UpdateRequestReceiver( 1996): Received malformed URL while handling Gservices.CHANGED_ACTION
I/ActivityManager(  564): Delay finish: com.google.android.configupdater/.IntentFirewall.IntentFirewallUpdateRequestReceiver
W/GLSUser (  801): GoogleAccountDataService.getToken()
I/ActivityManager(  564): Resuming delayed broadcast
I/CheckinTask( 1003): Checkin success: https://android.clients.google.com/checkin (1 requests sent)
D/dalvikvm( 1996): GC_CONCURRENT freed 374K, 5% free 9106K/9516K, paused 1ms+18ms, total 46ms
D/dalvikvm( 1003): GC_FOR_ALLOC freed 505K, 7% free 10950K/11752K, paused 30ms, total 30ms
W/ContextImpl( 1996): Implicit intents with startService are not safe: Intent { act=com.google.android.configupdater.SmsShortCodes.START (has extras) } android.content.ContextWrapper.startService:494 android.content.ContextWrapper.startService:494 com.google.android.configupdater.UpdateRequestReceiver.startUpdate:219 
I/UpdateFetcherService( 1996): Update started
W/ContextImpl( 1996): Implicit intents with startService are not safe: Intent { act=com.google.android.configupdater.TZInfo.START (has extras) } android.content.ContextWrapper.startService:494 android.content.ContextWrapper.startService:494 com.google.android.configupdater.UpdateRequestReceiver.startUpdate:219 
I/UpdateFetcherService( 1996): Update started
D/dalvikvm( 1996): GC_CONCURRENT freed 391K, 5% free 9140K/9580K, paused 2ms+1ms, total 14ms
D/dalvikvm(19329): GC_CONCURRENT freed 452K, 6% free 9894K/10432K, paused 2ms+2ms, total 21ms
E/UpdateRequestReceiver( 1996): Received malformed URL while handling Gservices.CHANGED_ACTION
E/UpdateRequestReceiver( 1996): Received malformed URL while handling Gservices.CHANGED_ACTION
I/ActivityManager(  564): Delay finish: com.google.android.partnersetup/.GservicesChangedReceiver
I/ActivityManager(  564): Resuming delayed broadcast
I/ActivityManager(  564): Delay finish: com.google.android.gms/.analytics.internal.GServicesChangedReceiver
V/GA-SERVICE( 1003): Thread[IntentService[RefreshEnabledStateService],5,main]: Update service enabled state to: 1
I/ActivityManager(  564): Resuming delayed broadcast
I/ActivityManager(  564): Delay finish: com.google.android.gms/.checkin.CheckinService$Receiver
I/ActivityManager(  564): Resuming delayed broadcast
I/SystemUpdateService( 1003): acquiring wakelock
I/SystemUpdateService( 1003): onCreate
I/ActivityManager(  564): Delay finish: com.google.android.gms/.update.SystemUpdateService$Receiver
D/dalvikvm(19329): GC_CONCURRENT freed 293K, 5% free 10004K/10432K, paused 3ms+3ms, total 20ms
D/GCM     (  801): GcmService start Intent { act=com.google.gservices.intent.action.GSERVICES_CHANGED flg=0x10 cmp=com.google.android.gms/.gcm.GcmService } com.google.gservices.intent.action.GSERVICES_CHANGED
I/ActivityManager(  564): Resuming delayed broadcast
I/ActivityManager(  564): Delay finish: com.google.android.gms/.icing.service.SystemEventReceiver
I/GCM     (  801): GCM config loaded
I/ActivityManager(  564): Resuming delayed broadcast
D/SystemEventReceiver( 1003): Received GSERVICES_CHANGED broadcast
I/SystemUpdateService( 1003): network: NetworkInfo: type: WIFI[], state: CONNECTED/CONNECTED, reason: (unspecified), extra: "Barbarian", roaming: false, failover: false, isAvailable: true, isConnectedToProvisioningNetwork: false; metered: false; mobile allowed: true
I/SystemUpdateService( 1003): now status is 0 (complete)
I/SystemUpdateService( 1003): processDownloadedFile /cache/86e0364f260bbcf45ae6bcefce1ab8fca2e13acf.signed-razor-KTU84P-from-KTU84L.86e0364f.zip
I/SystemUpdateService( 1003): file has been verified
I/SystemUpdateService( 1003): OTA package size = 2494996
D/dalvikvm( 1003): GC_FOR_ALLOC freed 163K, 7% free 10940K/11752K, paused 17ms, total 17ms
I/SystemUpdateService( 1003): showing system update notification
I/OcrUtils( 1003): Updating ocr activity enabled=false
I/GCoreUlr(  943): Starting service, intent=Intent { act=com.google.android.location.reporting.ACTION_UPDATE_WORLD cmp=com.google.android.gms/com.google.android.location.reporting.service.DispatchingService (has extras) }, extras=Bundle[{receiverAction=com.google.gservices.intent.action.GSERVICES_CHANGED}]
