I/InputReader(  564): Reconfiguring input devices.  changes=0x00000004
I/InputReader(  564): Device reconfigured: id=6, name='elan-touchscreen', size 1200x1920, orientation 0, mode 1, display id 0
D/PhoneStatusBar(  631): mSettingsPanelGravity = 8388661
I/WindowManager(  564): Screen frozen for +260ms due to Window{41f2c820 u0 StatusBar}
D/dalvikvm(10581): GC_FOR_ALLOC freed 2397K, 69% free 12058K/38748K, paused 29ms, total 29ms
I/InputReader(  564): Reconfiguring input devices.  changes=0x00000004
I/InputReader(  564): Device reconfigured: id=6, name='elan-touchscreen', size 1200x1920, orientation 3, mode 1, display id 0
I/InputReader(  564): Reconfiguring input devices.  changes=0x00000004
I/ActivityManager(  564): Config changes=480 {1.0 302mcc?mnc zh_CN ldltr sw600dp w960dp h527dp 320dpi lrg land finger -keyb/v/h -nav/h s.34}
D/PhoneStatusBar(  631): mSettingsPanelGravity = 8388661
I/WindowManager(  564): Screen frozen for +217ms due to Window{41f2c820 u0 StatusBar}
D/dalvikvm(10581): GC_FOR_ALLOC freed 901K, 69% free 12022K/38748K, paused 25ms, total 25ms
I/dalvikvm-heap(10581): Grow heap (frag case) to 13.074MB for 1367056-byte allocation
D/dalvikvm(10581): GC_CONCURRENT freed 1K, 66% free 13356K/38748K, paused 1ms+3ms, total 22ms
D/dalvikvm(10581): WAIT_FOR_CONCURRENT_GC blocked 21ms
D/dalvikvm(10581): WAIT_FOR_CONCURRENT_GC blocked 21ms
D/dalvikvm(  943): GC_CONCURRENT freed 484K, 32% free 10670K/15528K, paused 2ms+1ms, total 21ms
D/dalvikvm(  564): GC_EXPLICIT freed 752K, 17% free 26258K/31624K, paused 4ms+10ms, total 116ms
D/dalvikvm(  943): GC_CONCURRENT freed 484K, 32% free 10672K/15528K, paused 2ms+2ms, total 30ms
D/dalvikvm( 3272): GC_CONCURRENT freed 393K, 6% free 9532K/10088K, paused 3ms+1ms, total 15ms
I/ActivityManager(  564): Killing 26994:com.com2us.acefishing.normal.freefull.google.global.android.common/u0a107 (adj 15): empty for 1802s
I/GCoreUlr(  943): Starting service, intent=Intent { act=com.google.android.location.reporting.ACTION_LOCATION_STATUS cmp=com.google.android.gms/com.google.android.location.reporting.service.DispatchingService (has extras) }, extras=Bundle[{status=LocationStatus[cell status: STATUS_SUCCESSFUL, wifi status: STATUS_SUCCESSFUL, elapsed realtime ns: 84895308894870]}]
D/GCoreUlr(  943): Throttling analytics event: entity, location_received, 2
D/GCoreUlr(  943): Throttling analytics event: entity, LocationRecordStore:save_attempt, 1
D/GCoreUlr(  943): Throttling analytics event: entity, LocationRecordStore:saved, 1
D/GCoreUlr(  943): Throttling analytics event: entity, LocationRecordStore:save_attempt, 1
D/GCoreUlr(  943): Throttling analytics event: entity, LocationRecordStore:saved, 1
I/GCoreUlr(  943): Successfully inserted location
I/GCoreUlr(  943): Not calling LocationReportingService, hasMoved: false, elapsed millis: 3427140, request: Tablet
D/GCoreUlr(  943): Throttling analytics event: entity, ApiMetadataStore:save_attempt, 1
D/GCoreUlr(  943): Throttling analytics event: entity, ApiMetadataStore:saved, 1
D/dalvikvm(  943): GC_CONCURRENT freed 489K, 32% free 10616K/15528K, paused 2ms+2ms, total 22ms
D/GCoreUlr(  943): Throttling analytics event: entity, ApiMetadataStore:save_attempt, 1
D/GCoreUlr(  943): Throttling analytics event: entity, ApiMetadataStore:saved, 1
D/dalvikvm(  943): GC_CONCURRENT freed 423K, 32% free 10680K/15528K, paused 3ms+2ms, total 35ms
D/dalvikvm(  943): GC_CONCURRENT freed 489K, 32% free 10673K/15528K, paused 2ms+6ms, total 48ms
D/dalvikvm(  943): GC_CONCURRENT freed 507K, 32% free 10679K/15528K, paused 3ms+1ms, total 33ms
D/GCoreUlr(  943): Throttling analytics event: entity, activity_received, 2
D/GCoreUlr(  943): Throttling analytics event: entity, DetectedActivityStore:save_attempt, 1
D/GCoreUlr(  943): Throttling analytics event: entity, DetectedActivityStore:saved, 1
D/GCoreUlr(  943): Throttling analytics event: entity, DetectedActivityStore:save_attempt, 1
D/GCoreUlr(  943): Throttling analytics event: entity, DetectedActivityStore:saved, 1
D/GCM     (  801): Message class jwi
D/ConnectivityService(  564): handleInetConditionHoldEnd: net=1, condition=100, published condition=100
D/GCoreUlr(  943): Throttling analytics event: entity, location_received, 2
D/GCoreUlr(  943): Throttling analytics event: entity, wifi_received, 2
D/GCoreUlr(  943): Throttling analytics event: entity, wifi_attached, 2
D/GCoreUlr(  943): Throttling analytics event: entity, LocationRecordStore:save_attempt, 1
D/dalvikvm(  943): GC_CONCURRENT freed 507K, 32% free 10647K/15528K, paused 2ms+2ms, total 23ms
D/GCoreUlr(  943): Throttling analytics event: entity, LocationRecordStore:saved, 1
D/GCoreUlr(  943): Throttling analytics event: entity, LocationRecordStore:save_attempt, 1
D/GCoreUlr(  943): Throttling analytics event: entity, LocationRecordStore:saved, 1
I/GCoreUlr(  943): Successfully inserted location
I/GCoreUlr(  943): Not calling LocationReportingService, hasMoved: false, elapsed millis: 3487175, request: Tablet
I/Icing   ( 1003): Indexing EA74D7F7D729106F64A8DEA33695DF96AD0CFBAC from com.android.chrome
I/Icing   ( 1003): Indexing done EA74D7F7D729106F64A8DEA33695DF96AD0CFBAC
D/audio_hw_primary(  182): select_devices: out_snd_device(3: speaker-reverse) in_snd_device(0: )
D/ACDB-LOADER(  182): ACDB -> send_afe_cal
D/dalvikvm(10581): GC_FOR_ALLOC freed 952K, 66% free 13410K/38748K, paused 23ms, total 23ms
I/dalvikvm-heap(10581): Grow heap (frag case) to 14.737MB for 1689616-byte allocation
D/dalvikvm(10581): GC_FOR_ALLOC freed 3K, 62% free 15057K/38748K, paused 26ms, total 26ms
D/dalvikvm(10581): GC_CONCURRENT freed 159K, 61% free 15273K/38748K, paused 2ms+4ms, total 46ms
D/audio_hw_primary(  182): select_devices: out_snd_device(3: speaker-reverse) in_snd_device(0: )
D/ACDB-LOADER(  182): ACDB -> send_afe_cal
D/dalvikvm( 3272): GC_CONCURRENT freed 501K, 6% free 9528K/10088K, paused 2ms+1ms, total 14ms
D/dalvikvm(  564): GC_EXPLICIT freed 976K, 18% free 26234K/31624K, paused 3ms+8ms, total 98ms
D/GCoreUlr(  943): Throttling analytics event: entity, location_received, 2
D/GCoreUlr(  943): Throttling analytics event: entity, wifi_received, 2
D/GCoreUlr(  943): Throttling analytics event: entity, LocationRecordStore:save_attempt, 1
D/GCoreUlr(  943): Throttling analytics event: entity, LocationRecordStore:saved, 1
D/GCoreUlr(  943): Throttling analytics event: entity, LocationRecordStore:save_attempt, 1
D/GCoreUlr(  943): Throttling analytics event: entity, LocationRecordStore:saved, 1
I/GCoreUlr(  943): Successfully inserted location
I/GCoreUlr(  943): Not calling LocationReportingService, hasMoved: false, elapsed millis: 3547203, request: Tablet
I/Icing   ( 1003): Indexing EA74D7F7D729106F64A8DEA33695DF96AD0CFBAC from com.android.chrome
I/Icing   ( 1003): Indexing done EA74D7F7D729106F64A8DEA33695DF96AD0CFBAC
D/audio_hw_primary(  182): select_devices: out_snd_device(3: speaker-reverse) in_snd_device(0: )
D/ACDB-LOADER(  182): ACDB -> send_afe_cal
V/RenderScript(10581): Application requested CPU execution
V/RenderScript(10581): 0x8224b2a0 Launching thread(s), CPUs 4
V/PanelView(  631): animationTick called with dtms=0; nothing to do (h=599.1071 v=3045.6504)
D/PhoneStatusBar(  631): disable: < expand ICONS* alerts TICKER* system_info back home recent CLOCK* search >
V/PanelView(  631): animationTick called with dtms=-4; nothing to do (h=599.1071 v=3045.6504)
I/ActivityManager(  564): START u0 {flg=0x24000000 cmp=com.supercell.clashofclans/.GameApp bnds=[96,432][988,560]} from pid -1
W/ActivityManager(  564): startActivity called from non-Activity context; forcing Intent.FLAG_ACTIVITY_NEW_TASK for: Intent { flg=0x24000000 cmp=com.supercell.clashofclans/.GameApp bnds=[96,432][988,560] }
D/dalvikvm(  564): GC_FOR_ALLOC freed 656K, 18% free 26207K/31624K, paused 95ms, total 95ms
W/ScreenOrientationListener(10581): Removing an inexistent observer!
V/PanelView(  631): animationTick called with dtms=0; nothing to do (h=752.0 v=-4000.0)
D/dalvikvm(29163): Trying to load lib /data/app-lib/com.supercell.clashofclans-2/libg.so 0x41f0e3b0
D/dalvikvm(29163): Added shared lib /data/app-lib/com.supercell.clashofclans-2/libg.so 0x41f0e3b0
W/l       (10581): [TiclService] Ticl being stopped: Client: com.google.protos.ipc.invalidation.ClientProtocol$ApplicationClientIdP@42529b28, \n\006\n\004\010\003\020\001\022\022\t\366\216@\370\004\312\047\200\021VA\047K\370c\010\276\032\007\010\202,\020\003\030\013, <RunState: STARTED>
I/ActivityManager(  564): Process com.android.chrome:sandboxed_process2 (pid 32762) has died.
W/ActivityManager(  564): Scheduling restart of crashed service com.android.chrome/org.chromium.content.app.SandboxedProcessService2 in 1000ms
F/ProcessStats(  564): Starting service ServiceState{428b46f8 org.chromium.content.app.SandboxedProcessService2 pkg=com.android.chrome proc=428b46f8} without owner
W/ManagedEGLContext(23595): doTerminate failed: EGL count is 2 but managed count is 1
W/ChildProcessConnection(10581): onServiceDisconnected (crash or killed by oom): pid=32762
D/ChildProcessLauncher(10581): stopping child connection: pid=32762
D/PhoneStatusBar(  631): disable: < expand icons* alerts ticker* system_info back home recent clock* search >
D/dalvikvm(29163): GC_CONCURRENT freed 330K, 4% free 9213K/9576K, paused 3ms+2ms, total 48ms
D/dalvikvm(28156): GC_FOR_ALLOC freed 254K, 3% free 9537K/9824K, paused 73ms, total 75ms
I/dalvikvm-heap(28156): Grow heap (frag case) to 13.913MB for 4792336-byte allocation
D/dalvikvm(28156): GC_FOR_ALLOC freed 1K, 3% free 14216K/14508K, paused 18ms, total 18ms
W/ContextImpl(29163): Implicit intents with startService are not safe: Intent { act=com.android.vending.billing.InAppBillingService.BIND } android.content.ContextWrapper.bindService:517 com.supercell.titan.cf.f:-1 com.supercell.titan.cf.<init>:-1 
D/dalvikvm(28156): GC_CONCURRENT freed <1K, 3% free 14217K/14508K, paused 2ms+22ms, total 41ms
D/dalvikvm(10581): GC_CONCURRENT freed 3766K, 66% free 13486K/38748K, paused 6ms+3ms, total 39ms
D/Finsky  ( 1892): [133] InAppBillingUtils.pickAccount: com.supercell.clashofclans: Account determined from installer data - [1ms_NS4tsAWLsD8fjynSrqhnZik]
D/Finsky  ( 1892): [133] InAppBillingUtils.pickAccount: com.supercell.clashofclans: Account determined from installer data - [1ms_NS4tsAWLsD8fjynSrqhnZik]
I/Adreno-EGL(29163): <qeglDrvAPI_eglInitialize:320>: EGL 1.4 QUALCOMM Build: I0404c4692afb8623f95c43aeb6d5e13ed4b30ddbDate: 11/06/13
D/dalvikvm( 1003): GC_CONCURRENT freed 559K, 7% free 10994K/11752K, paused 1ms+7ms, total 28ms
D/OpenGLRenderer(29163): Enabling debug mode 0
W/GLSUser (  801): GoogleAccountDataService.getToken()
I/qtaguid ( 1003): Failed write_ctrl(u 73) res=-1 errno=22
I/qtaguid ( 1003): Untagging socket 73 failed errno=-22
W/NetworkManagementSocketTagger( 1003): untagSocket(73) failed with errno -22
I/jvq     ( 1003): I/O exception (org.apache.http.NoHttpResponseException) caught when processing request: The target server failed to respond
I/jvq     ( 1003): Retrying request
D/dalvikvm(29163): GC_CONCURRENT freed 205K, 3% free 9489K/9728K, paused 2ms+3ms, total 20ms
W/IInputConnectionWrapper(10581): showStatusIcon on inactive InputConnection
I/ActivityManager(  564): Displayed com.supercell.clashofclans/.GameApp: +689ms
D/dalvikvm(29163): GC_CONCURRENT freed 463K, 6% free 9470K/9972K, paused 5ms+1ms, total 20ms
D/dalvikvm(29163): GC_FOR_ALLOC freed 169K, 5% free 9485K/9972K, paused 18ms, total 18ms
D/dalvikvm(29163): GC_CONCURRENT freed 230K, 3% free 9696K/9972K, paused 2ms+3ms, total 16ms
D/Finsky  ( 1892): [132] InAppBillingUtils.pickAccount: com.supercell.clashofclans: Account determined from installer data - [1ms_NS4tsAWLsD8fjynSrqhnZik]
D/Finsky  ( 1892): [132] InAppBillingUtils.pickAccount: com.supercell.clashofclans: Account determined from installer data - [1ms_NS4tsAWLsD8fjynSrqhnZik]
D/dalvikvm(29163): GC_CONCURRENT freed 267K, 3% free 9944K/10232K, paused 2ms+4ms, total 34ms
W/GLSUser (  801): GoogleAccountDataService.getToken()
W/l       (10581): [TiclService] Ticl being stopped: Client: com.google.protos.ipc.invalidation.ClientProtocol$ApplicationClientIdP@420c1cc0, \n\006\n\004\010\003\020\001\022\022\t\366\216@\370\004\312\047\200\021VA\047K\370c\010\276\032\007\010\202,\020\003\030\013, <RunState: STARTED>
I/GCM     (  801): GCM message com.android.chrome 0:1404167722310299%0#0f493ae6f9fd7ecd
V/GCMBroadcastReceiver(10581): onReceive: com.google.android.c2dm.intent.RECEIVE
V/GCMBroadcastReceiver(10581): GCM IntentService class: com.google.ipc.invalidation.external.client.contrib.MultiplexingGcmListener
V/GCMBaseIntentService(10581): Acquiring wakelock
V/GCMBaseIntentService(10581): Intent service name: GCMIntentService-DynamicSenderIds-41
V/GCMBaseIntentService(10581): Releasing wakelock
D/ConnectivityService(  564): handleInetConditionHoldEnd: net=1, condition=100, published condition=100
D/dalvikvm(29163): GC_CONCURRENT freed 367K, 4% free 10082K/10484K, paused 2ms+4ms, total 21ms
D/dalvikvm(29163): WAIT_FOR_CONCURRENT_GC blocked 5ms
E/ActivityThread(29163): Failed to find provider info for com.supercell.clashofclans
V/WebViewChromiumFactoryProvider(29163): Binding Chromium to main looper Looper (main, tid 1) {41f0a060}
I/LibraryLoader(29163): Expected native library version number "",actual native library version number ""
I/chromium(29163): [INFO:library_loader_hooks.cc(116)] Chromium logging enabled: level = 0, default verbosity = 0
I/BrowserStartupController(29163): Initializing chromium process, renderers=0
E/AudioManagerAndroid(29163): BLUETOOTH permission is missing!
D/dalvikvm(29163): GC_CONCURRENT freed 606K, 7% free 9909K/10552K, paused 3ms+2ms, total 17ms
W/chromium(29163): [WARNING:proxy_service.cc(890)] PAC support disabled because there is no system implementation
D/dalvikvm(29163): GC_CONCURRENT freed 606K, 8% free 9775K/10552K, paused 2ms+4ms, total 19ms
D/dalvikvm( 1003): GC_CONCURRENT freed 635K, 7% free 10992K/11752K, paused 3ms+3ms, total 25ms
D/dalvikvm(29163): GC_CONCURRENT freed 437K, 7% free 9819K/10552K, paused 3ms+4ms, total 22ms
D/dalvikvm( 1003): GC_CONCURRENT freed 603K, 7% free 10994K/11752K, paused 2ms+3ms, total 27ms
D/dalvikvm(  564): GC_EXPLICIT freed 880K, 17% free 26294K/31624K, paused 3ms+7ms, total 94ms
D/dalvikvm( 1003): GC_CONCURRENT freed 643K, 7% free 10988K/11752K, paused 3ms+3ms, total 28ms
D/dalvikvm( 1003): GC_CONCURRENT freed 621K, 7% free 11001K/11752K, paused 2ms+2ms, total 27ms
D/dalvikvm( 1003): GC_CONCURRENT freed 603K, 7% free 10984K/11752K, paused 2ms+3ms, total 25ms
D/dalvikvm(29163): GC_CONCURRENT freed 416K, 8% free 9788K/10552K, paused 1ms+1ms, total 18ms
D/dalvikvm(29163): GC_CONCURRENT freed 503K, 8% free 9797K/10552K, paused 2ms+1ms, total 17ms
D/dalvikvm(29163): WAIT_FOR_CONCURRENT_GC blocked 11ms
D/dalvikvm(29163): GC_FOR_ALLOC freed 513K, 8% free 9795K/10552K, paused 14ms, total 14ms
D/dalvikvm(29163): GC_CONCURRENT freed 458K, 8% free 9798K/10552K, paused 2ms+1ms, total 17ms
D/dalvikvm(29163): WAIT_FOR_CONCURRENT_GC blocked 10ms
D/dalvikvm(29163): GC_CONCURRENT freed 448K, 8% free 9798K/10552K, paused 1ms+1ms, total 15ms
D/dalvikvm(29163): WAIT_FOR_CONCURRENT_GC blocked 14ms
D/dalvikvm(29163): GC_CONCURRENT freed 404K, 8% free 9804K/10552K, paused 1ms+1ms, total 16ms
D/dalvikvm(29163): GC_CONCURRENT freed 389K, 7% free 9845K/10552K, paused 4ms+2ms, total 28ms
D/dalvikvm(29163): GC_CONCURRENT freed 399K, 7% free 9830K/10552K, paused 1ms+2ms, total 17ms
D/dalvikvm(29163): GC_CONCURRENT freed 396K, 7% free 9835K/10552K, paused 2ms+1ms, total 39ms
D/dalvikvm( 1003): GC_CONCURRENT freed 637K, 7% free 10997K/11752K, paused 1ms+3ms, total 41ms
D/dalvikvm( 1003): WAIT_FOR_CONCURRENT_GC blocked 13ms
D/dalvikvm(  564): GC_EXPLICIT freed 239K, 18% free 26240K/31624K, paused 2ms+8ms, total 106ms
D/dalvikvm( 1003): GC_CONCURRENT freed 641K, 7% free 10992K/11752K, paused 2ms+3ms, total 24ms
D/dalvikvm( 1003): GC_CONCURRENT freed 643K, 7% free 10984K/11752K, paused 2ms+2ms, total 26ms
D/dalvikvm( 1003): GC_CONCURRENT freed 639K, 7% free 11002K/11752K, paused 2ms+2ms, total 30ms
D/dalvikvm(29163): GC_CONCURRENT freed 387K, 7% free 9831K/10552K, paused 3ms+1ms, total 19ms
D/dalvikvm(  943): GC_CONCURRENT freed 493K, 32% free 10645K/15528K, paused 1ms+5ms, total 30ms
D/dalvikvm(  564): GC_EXPLICIT freed 172K, 18% free 26234K/31624K, paused 3ms+8ms, total 114ms
D/GCoreUlr(  943): Throttling analytics event: entity, location_received, 2
D/GCoreUlr(  943): Throttling analytics event: entity, wifi_received, 2
D/GCoreUlr(  943): Throttling analytics event: entity, LocationRecordStore:save_attempt, 1
D/GCoreUlr(  943): Throttling analytics event: entity, LocationRecordStore:saved, 1
D/GCoreUlr(  943): Throttling analytics event: entity, LocationRecordStore:save_attempt, 1
D/GCoreUlr(  943): Throttling analytics event: entity, LocationRecordStore:saved, 1
I/GCoreUlr(  943): Successfully inserted location
D/GCoreUlr(  943): Throttling analytics event: upload, prev_location:has_accuracy, 2
D/GCoreUlr(  943): Throttling analytics event: upload, location:has_accuracy, 2
D/GCoreUlr(  943): Throttling analytics event: upload, request:jqy:stationary:sufficient_accuracy, 2
D/GCoreUlr(  943): Throttling analytics event: entity, metadata_created, 2
D/GCoreUlr(  943): Throttling analytics event: entity, ApiMetadataStore:save_attempt, 1
D/GCoreUlr(  943): Throttling analytics event: entity, ApiMetadataStore:saved, 1
D/GCoreUlr(  943): Throttling analytics event: entity, ApiMetadataStore:save_attempt, 1
D/GCoreUlr(  943): Throttling analytics event: entity, ApiMetadataStore:saved, 1
I/GCoreUlr(  943): Starting service, intent=Intent { cmp=com.google.android.gms/com.google.android.location.reporting.LocationReportingService }, extras=null
E/GCoreUlr(  943): Error deleting /data/data/com.google.android.gms/files/flog
E/GCoreUlr(  943): Error deleting /data/data/com.google.android.gms/files/flog
E/GCoreUlr(  943): Error deleting /data/data/com.google.android.gms/files/flog
E/GCoreUlr(  943): Error deleting /data/data/com.google.android.gms/files/flog
E/GCoreUlr(  943): Error deleting /data/data/com.google.android.gms/files/flog
E/GCoreUlr(  943): Error deleting /data/data/com.google.android.gms/files/flog
E/GCoreUlr(  943): Error deleting /data/data/com.google.android.gms/files/flog
E/GCoreUlr(  943): Error deleting /data/data/com.google.android.gms/files/flog
E/GCoreUlr(  943): Error deleting /data/data/com.google.android.gms/files/flog
E/GCoreUlr(  943): Error deleting /data/data/com.google.android.gms/files/flog
E/GCoreUlr(  943): Error deleting /data/data/com.google.android.gms/files/flog
E/GCoreUlr(  943): Error deleting /data/data/com.google.android.gms/files/flog
E/GCoreUlr(  943): Error deleting /data/data/com.google.android.gms/files/flog
E/GCoreUlr(  943): Error deleting /data/data/com.google.android.gms/files/flog
E/GCoreUlr(  943): Error deleting /data/data/com.google.android.gms/files/flog
E/GCoreUlr(  943): Error deleting /data/data/com.google.android.gms/files/flog
D/dalvikvm(  943): GC_CONCURRENT freed 514K, 32% free 10635K/15528K, paused 2ms+2ms, total 26ms
D/GCoreUlr(  943): Throttling analytics event: db, restrict_to:attempt, 1
D/GCoreUlr(  943): Throttling analytics event: db, restrict_to:attempt, 1
D/GCoreUlr(  943): Throttling analytics event: db, restrict_to:attempt, 1
D/GCoreUlr(  943): Throttling analytics event: upload, attempt, 2
D/GCoreUlr(  943): Throttling analytics event: db, retrieve_entity:attempt, 1
D/GCoreUlr(  943): Throttling analytics event: entity, LocationRecordStore:deserialize_attempt, 603
D/dalvikvm(  943): GC_CONCURRENT freed 441K, 31% free 10727K/15528K, paused 2ms+3ms, total 27ms
D/dalvikvm(  943): WAIT_FOR_CONCURRENT_GC blocked 15ms
D/dalvikvm(  943): WAIT_FOR_CONCURRENT_GC blocked 7ms
D/dalvikvm(  943): GC_CONCURRENT freed 430K, 31% free 10861K/15528K, paused 1ms+2ms, total 30ms
D/dalvikvm(  943): WAIT_FOR_CONCURRENT_GC blocked 19ms
D/dalvikvm(  943): WAIT_FOR_CONCURRENT_GC blocked 10ms
D/dalvikvm(  943): GC_CONCURRENT freed 516K, 30% free 10954K/15528K, paused 2ms+3ms, total 29ms
D/dalvikvm(  943): WAIT_FOR_CONCURRENT_GC blocked 16ms
D/GCoreUlr(  943): Throttling analytics event: entity, LocationRecordStore:deserialized, 603
D/GCoreUlr(  943): Throttling analytics event: db, retrieve_entity:attempt, 1
D/GCoreUlr(  943): Throttling analytics event: entity, DetectedActivityStore:deserialize_attempt, 465
D/dalvikvm(  943): GC_CONCURRENT freed 570K, 29% free 11025K/15528K, paused 2ms+2ms, total 29ms
D/dalvikvm(  943): WAIT_FOR_CONCURRENT_GC blocked 14ms
D/dalvikvm(  943): GC_CONCURRENT freed 632K, 29% free 11055K/15528K, paused 2ms+3ms, total 27ms
D/dalvikvm(  943): WAIT_FOR_CONCURRENT_GC blocked 13ms
D/GCoreUlr(  943): Throttling analytics event: entity, DetectedActivityStore:deserialized, 465
D/GCoreUlr(  943): Throttling analytics event: db, retrieve_entity:attempt, 1
D/GCoreUlr(  943): Throttling analytics event: entity, ApiMetadataStore:deserialize_attempt, 262
D/dalvikvm(  943): GC_CONCURRENT freed 570K, 29% free 11154K/15528K, paused 1ms+2ms, total 28ms
D/dalvikvm(  943): WAIT_FOR_CONCURRENT_GC blocked 17ms
D/dalvikvm(  943): GC_CONCURRENT freed 650K, 28% free 11207K/15528K, paused 2ms+5ms, total 31ms
D/dalvikvm(  943): WAIT_FOR_CONCURRENT_GC blocked 20ms
D/dalvikvm(  943): GC_CONCURRENT freed 694K, 28% free 11237K/15528K, paused 2ms+3ms, total 29ms
D/dalvikvm(  943): WAIT_FOR_CONCURRENT_GC blocked 15ms
D/dalvikvm(  943): GC_CONCURRENT freed 688K, 28% free 11281K/15528K, paused 2ms+3ms, total 28ms
D/dalvikvm(  943): WAIT_FOR_CONCURRENT_GC blocked 15ms
D/dalvikvm(  943): GC_CONCURRENT freed 711K, 28% free 11314K/15528K, paused 3ms+4ms, total 30ms
D/dalvikvm(  943): WAIT_FOR_CONCURRENT_GC blocked 18ms
D/dalvikvm(  943): GC_CONCURRENT freed 721K, 27% free 11346K/15528K, paused 2ms+4ms, total 27ms
D/dalvikvm(  943): WAIT_FOR_CONCURRENT_GC blocked 16ms
D/GCoreUlr(  943): Throttling analytics event: entity, ApiMetadataStore:deserialized, 262
D/dalvikvm(  943): GC_CONCURRENT freed 232K, 24% free 11883K/15528K, paused 3ms+3ms, total 34ms
D/dalvikvm(  943): WAIT_FOR_CONCURRENT_GC blocked 17ms
D/dalvikvm(  943): WAIT_FOR_CONCURRENT_GC blocked 26ms
D/dalvikvm(  943): GC_CONCURRENT freed 98K, 18% free 12734K/15528K, paused 1ms+3ms, total 37ms
D/dalvikvm(  943): WAIT_FOR_CONCURRENT_GC blocked 29ms
D/dalvikvm(  943): WAIT_FOR_CONCURRENT_GC blocked 14ms
W/GLSUser (  801): GoogleAccountDataService.getToken()
D/BackupManagerService(  564): Now staging backup of android
D/dalvikvm(  801): GC_CONCURRENT freed 404K, 6% free 10073K/10640K, paused 3ms+3ms, total 19ms
W/GLSUser (  801): [asb][asb] Permission for com.google.android.gms to access oauth2:https://www.googleapis.com/auth/userlocation.reporting will be managed locally.
D/dalvikvm(  943): GC_CONCURRENT freed 813K, 16% free 13154K/15528K, paused 1ms+3ms, total 40ms
D/dalvikvm(  943): WAIT_FOR_CONCURRENT_GC blocked 27ms
D/dalvikvm(  943): WAIT_FOR_CONCURRENT_GC blocked 16ms
D/dalvikvm(  943): GC_CONCURRENT freed 1212K, 15% free 13239K/15528K, paused 2ms+3ms, total 39ms
D/dalvikvm(  943): WAIT_FOR_CONCURRENT_GC blocked 33ms
D/dalvikvm(  943): GC_FOR_ALLOC freed 1122K, 15% free 13303K/15528K, paused 36ms, total 37ms
I/dalvikvm-heap(  943): Grow heap (frag case) to 13.347MB for 342494-byte allocation
D/dalvikvm(  943): GC_FOR_ALLOC freed 222K, 16% free 13415K/15864K, paused 42ms, total 42ms
D/dalvikvm(  943): GC_CONCURRENT freed 1344K, 16% free 13426K/15864K, paused 4ms+3ms, total 45ms
D/dalvikvm(  943): WAIT_FOR_CONCURRENT_GC blocked 39ms
I/dalvikvm-heap(  943): Grow heap (frag case) to 13.630MB for 513736-byte allocation
D/dalvikvm(  943): GC_FOR_ALLOC freed 341K, 17% free 13587K/16368K, paused 39ms, total 39ms
D/dalvikvm(  943): GC_CONCURRENT freed 1487K, 17% free 13617K/16368K, paused 2ms+2ms, total 49ms
D/dalvikvm(  943): WAIT_FOR_CONCURRENT_GC blocked 35ms
D/dalvikvm(  943): GC_FOR_ALLOC freed 191K, 17% free 13607K/16368K, paused 40ms, total 40ms
I/dalvikvm-heap(  943): Grow heap (frag case) to 14.052MB for 770600-byte allocation
D/dalvikvm(  943): GC_FOR_ALLOC freed 10K, 17% free 14349K/17124K, paused 38ms, total 38ms
D/dalvikvm(  943): GC_CONCURRENT freed 2184K, 19% free 13936K/17124K, paused 1ms+3ms, total 50ms
D/dalvikvm(  943): WAIT_FOR_CONCURRENT_GC blocked 17ms
D/dalvikvm(  943): WAIT_FOR_CONCURRENT_GC blocked 36ms
D/dalvikvm(  943): GC_FOR_ALLOC freed 960K, 19% free 13885K/17124K, paused 40ms, total 41ms
I/dalvikvm-heap(  943): Grow heap (frag case) to 14.691MB for 1155896-byte allocation
D/dalvikvm(  943): GC_FOR_ALLOC freed 758K, 22% free 14255K/18256K, paused 40ms, total 40ms
D/dalvikvm(  943): GC_FOR_ALLOC freed 1733K, 24% free 13878K/18256K, paused 35ms, total 35ms
D/dalvikvm(29163): GC_CONCURRENT freed 384K, 7% free 9832K/10552K, paused 2ms+1ms, total 19ms
D/dalvikvm(  943): GC_FOR_ALLOC freed 840K, 25% free 13804K/18256K, paused 33ms, total 33ms
D/dalvikvm(  943): GC_FOR_ALLOC freed 764K, 23% free 14188K/18256K, paused 34ms, total 34ms
D/GCoreUlr(  943): Throttling analytics event: entity, activity_received, 2
D/GCoreUlr(  943): Throttling analytics event: entity, DetectedActivityStore:save_attempt, 1
D/GCoreUlr(  943): Throttling analytics event: entity, DetectedActivityStore:saved, 1
I/qtaguid (  943): Failed write_ctrl(u 78) res=-1 errno=22
I/qtaguid (  943): Untagging socket 78 failed errno=-22
W/NetworkManagementSocketTagger(  943): untagSocket(78) failed with errno -22
I/jvq     (  943): I/O exception (javax.net.ssl.SSLException) caught when processing request: Write error: ssl=0x787faf38: I/O error during system call, Broken pipe
I/jvq     (  943): Retrying request
D/GCoreUlr(  943): Throttling analytics event: entity, DetectedActivityStore:save_attempt, 1
D/GCoreUlr(  943): Throttling analytics event: entity, DetectedActivityStore:saved, 1
I/GCoreUlr(  943): Starting service, intent=Intent { act=com.google.android.location.reporting.ACTION_UPDATE_ACTIVE_STATE cmp=com.google.android.gms/com.google.android.location.reporting.service.DispatchingService }, extras=null
I/GCoreUlr(  943): Server reports setting change occurred after 1398796607616, requesting sync: GetSettingsResults{mModMillis=1398656112589, mReportingEnabled=true, mHistoryEnabled=true, mUserRestriction=0, mSource=3}
D/GCoreUlr(  943): Throttling analytics event: db, retrieve_entity:attempt, 1
D/GCoreUlr(  943): Throttling analytics event: entity, LocationRecordStore:deserialize_attempt, 23
D/GCoreUlr(  943): Throttling analytics event: entity, LocationRecordStore:deserialized, 23
D/GCoreUlr(  943): Throttling analytics event: db, retrieve_entity:attempt, 1
D/GCoreUlr(  943): Throttling analytics event: entity, DetectedActivityStore:deserialize_attempt, 21
D/GCoreUlr(  943): Throttling analytics event: db, restrict_to:attempt, 1
D/GCoreUlr(  943): Throttling analytics event: entity, DetectedActivityStore:deserialized, 21
D/GCoreUlr(  943): Throttling analytics event: db, retrieve_entity:attempt, 1
D/GCoreUlr(  943): Throttling analytics event: entity, ApiMetadataStore:deserialize_attempt, 18
D/dalvikvm(  943): GC_CONCURRENT freed 5216K, 32% free 10689K/15528K, paused 2ms+3ms, total 39ms
D/dalvikvm(  943): WAIT_FOR_CONCURRENT_GC blocked 27ms
D/dalvikvm(  943): WAIT_FOR_CONCURRENT_GC blocked 23ms
D/GCoreUlr(  943): Throttling analytics event: entity, ApiMetadataStore:deserialized, 18
D/GCoreUlr(  943): Throttling analytics event: db, restrict_to:attempt, 1
W/GLSUser (  801): GoogleAccountDataService.getToken()
D/dalvikvm(28156): GC_FOR_ALLOC freed 29K, 3% free 14191K/14504K, paused 22ms, total 22ms
I/dalvikvm-heap(28156): Grow heap (frag case) to 18.458MB for 4792336-byte allocation
D/GCoreUlr(  943): Throttling analytics event: db, restrict_to:attempt, 1
D/dalvikvm(28156): GC_FOR_ALLOC freed 0K, 2% free 18871K/19188K, paused 32ms, total 32ms
D/dalvikvm(  801): GC_CONCURRENT freed 437K, 6% free 10050K/10652K, paused 3ms+3ms, total 43ms
D/dalvikvm(  943): GC_CONCURRENT freed 475K, 31% free 10766K/15528K, paused 2ms+3ms, total 25ms
D/dalvikvm(  943): WAIT_FOR_CONCURRENT_GC blocked 12ms
E/GCoreUlr(  943): Error deleting /data/data/com.google.android.gms/files/flog
E/GCoreUlr(  943): Error deleting /data/data/com.google.android.gms/files/flog
I/GCoreUlr(  943): Ensuring that reporting is active for [account#10#, account#15#]
I/GCoreUlr(  943): Starting service, intent=Intent { act=com.google.android.location.reporting.ACTION_LOCATION_STATUS cmp=com.google.android.gms/com.google.android.location.reporting.service.DispatchingService (has extras) }, extras=Bundle[{status=LocationStatus[cell status: STATUS_SUCCESSFUL, wifi status: STATUS_SUCCESSFUL, elapsed realtime ns: 84895308894870]}]
D/dalvikvm(28156): GC_CONCURRENT freed 68K, 2% free 18901K/19188K, paused 7ms+3ms, total 32ms
E/GCoreUlr(  943): Error deleting /data/data/com.google.android.gms/files/flog
E/GCoreUlr(  943): Error deleting /data/data/com.google.android.gms/files/flog
E/GCoreUlr(  943): Error deleting /data/data/com.google.android.gms/files/flog
E/GCoreUlr(  943): Error deleting /data/data/com.google.android.gms/files/flog
E/GCoreUlr(  943): Error deleting /data/data/com.google.android.gms/files/flog
E/GCoreUlr(  943): Error deleting /data/data/com.google.android.gms/files/flog
D/dalvikvm(28156): GC_FOR_ALLOC freed 2K, 2% free 18898K/19188K, paused 16ms, total 16ms
E/GCoreUlr(  943): Error deleting /data/data/com.google.android.gms/files/flog
E/GCoreUlr(  943): Error deleting /data/data/com.google.android.gms/files/flog
I/dalvikvm-heap(28156): Grow heap (frag case) to 23.055MB for 4792336-byte allocation
D/GCoreUlr(  943): Throttling analytics event: entity, ApiMetadataStore:save_attempt, 1
D/dalvikvm(28156): GC_FOR_ALLOC freed 0K, 2% free 23578K/23872K, paused 14ms, total 14ms
D/GCoreUlr(  943): Throttling analytics event: entity, ApiMetadataStore:saved, 1
D/dalvikvm(28156): GC_CONCURRENT freed <1K, 2% free 23581K/23872K, paused 3ms+2ms, total 17ms
D/dalvikvm(  943): GC_CONCURRENT freed 474K, 31% free 10765K/15528K, paused 3ms+2ms, total 29ms
D/dalvikvm(28156): GC_FOR_ALLOC freed 2K, 2% free 23579K/23872K, paused 13ms, total 13ms
I/dalvikvm-heap(28156): Grow heap (frag case) to 27.625MB for 4792336-byte allocation
W/GLSUser (  801): GoogleAccountDataService.getToken()
D/dalvikvm(28156): GC_FOR_ALLOC freed 0K, 2% free 28259K/28556K, paused 12ms, total 12ms
I/qtaguid (  943): Failed write_ctrl(u 66) res=-1 errno=22
I/qtaguid (  943): Untagging socket 66 failed errno=-22
W/NetworkManagementSocketTagger(  943): untagSocket(66) failed with errno -22
I/jvq     (  943): I/O exception (org.apache.http.NoHttpResponseException) caught when processing request: The target server failed to respond
I/jvq     (  943): Retrying request
I/qtaguid (  943): Failed write_ctrl(u 78) res=-1 errno=22
I/qtaguid (  943): Untagging socket 78 failed errno=-22
W/NetworkManagementSocketTagger(  943): untagSocket(78) failed with errno -22
D/GCoreUlr(  943): Throttling analytics event: entity, ApiMetadataStore:save_attempt, 1
D/GCoreUlr(  943): Throttling analytics event: entity, ApiMetadataStore:saved, 1
I/GCoreUlr(  943): Starting service, intent=Intent { act=com.google.android.location.reporting.ACTION_UPDATE_ACTIVE_STATE cmp=com.google.android.gms/com.google.android.location.reporting.service.DispatchingService }, extras=null
D/GCoreUlr(  943): Throttling analytics event: entity, location_sent, 23
D/GCoreUlr(  943): Throttling analytics event: entity, wifi_sent, 12
D/GCoreUlr(  943): Throttling analytics event: entity, activity_sent, 21
D/GCoreUlr(  943): Throttling analytics event: entity, metadata_sent, 18
I/GCoreUlr(  943): Batch Location Update succeeded for account account#15#
D/GCoreUlr(  943): Throttling analytics event: upload, success, 1
D/GCoreUlr(  943): Throttling analytics event: entity, location_uploaded, 23
D/GCoreUlr(  943): Throttling analytics event: entity, activity_uploaded, 21
D/GCoreUlr(  943): Throttling analytics event: entity, metadata_uploaded, 18
D/GCoreUlr(  943): Throttling analytics event: db, clear_store:attempt, 1
D/GCoreUlr(  943): Throttling analytics event: entity, LocationRecordStore:deleted_after_use, 23
I/GCoreUlr(  943): Starting service, intent=Intent { act=com.google.android.location.reporting.ACTION_UPDATE_ACTIVE_STATE cmp=com.google.android.gms/com.google.android.location.reporting.service.DispatchingService }, extras=null
D/GCoreUlr(  943): Throttling analytics event: sync, not_dirty:success, 1
I/GCoreUlr(  943): sync() rejecting stale server values for account account#10#: GetSettingsResults{mModMillis=1398656112589, mReportingEnabled=true, mHistoryEnabled=true, mUserRestriction=0, mSource=0}; local: 1398796607616
W/GLSUser (  801): GoogleAccountDataService.getToken()
D/dalvikvm(28156): Trying to load lib /data/app-lib/com.google.android.apps.plus-1/libnetjni.so 0x41f1af18
D/dalvikvm(28156): Added shared lib /data/app-lib/com.google.android.apps.plus-1/libnetjni.so 0x41f1af18
D/GCoreUlr(  943): Throttling analytics event: db, clear_store:attempt, 1
W/chromium(28156): [0630/183618:WARNING:proxy_service.cc(888)] PAC support disabled because there is no system implementation
D/GCoreUlr(  943): Throttling analytics event: entity, DetectedActivityStore:deleted_after_use, 20
D/GCoreUlr(  943): Throttling analytics event: db, clear_store:attempt, 1
D/GCoreUlr(  943): Throttling analytics event: entity, ApiMetadataStore:deleted_after_use, 17
D/dalvikvm(  943): GC_CONCURRENT freed 540K, 32% free 10683K/15528K, paused 2ms+3ms, total 25ms
D/GCoreUlr(  943): Throttling analytics event: db, restrict_to:attempt, 1
D/GCoreUlr(  943): Throttling analytics event: db, restrict_to:attempt, 1
D/GCoreUlr(  943): Throttling analytics event: db, restrict_to:attempt, 1
I/GCoreUlr(  943): Ensuring that reporting is active for [account#10#, account#15#]
I/GCoreUlr(  943): Starting service, intent=Intent { act=com.google.android.location.reporting.ACTION_LOCATION_STATUS cmp=com.google.android.gms/com.google.android.location.reporting.service.DispatchingService (has extras) }, extras=Bundle[{status=LocationStatus[cell status: STATUS_SUCCESSFUL, wifi status: STATUS_SUCCESSFUL, elapsed realtime ns: 84895308894870]}]
D/dalvikvm(  564): GC_EXPLICIT freed 907K, 17% free 26260K/31624K, paused 3ms+8ms, total 112ms
D/GCoreUlr(  943): Throttling analytics event: db, restrict_to:attempt, 1
D/GCoreUlr(  943): Throttling analytics event: db, restrict_to:attempt, 1
D/GCoreUlr(  943): Throttling analytics event: db, restrict_to:attempt, 1
I/GCoreUlr(  943): Ensuring that reporting is active for [account#10#, account#15#]
I/GCoreUlr(  943): Starting service, intent=Intent { act=com.google.android.location.reporting.ACTION_LOCATION_STATUS cmp=com.google.android.gms/com.google.android.location.reporting.service.DispatchingService (has extras) }, extras=Bundle[{status=LocationStatus[cell status: STATUS_SUCCESSFUL, wifi status: STATUS_SUCCESSFUL, elapsed realtime ns: 84895308894870]}]
D/GCoreUlr(  943): Throttling analytics event: entity, ApiMetadataStore:save_attempt, 1
D/GCoreUlr(  943): Throttling analytics event: entity, ApiMetadataStore:saved, 1
D/GCoreUlr(  943): Throttling analytics event: entity, ApiMetadataStore:save_attempt, 1
D/GCoreUlr(  943): Throttling analytics event: entity, ApiMetadataStore:saved, 1
D/GCoreUlr(  943): Throttling analytics event: entity, ApiMetadataStore:save_attempt, 1
D/GCoreUlr(  943): Throttling analytics event: entity, ApiMetadataStore:saved, 1
D/GCoreUlr(  943): Throttling analytics event: entity, ApiMetadataStore:save_attempt, 1
D/GCoreUlr(  943): Throttling analytics event: entity, ApiMetadataStore:saved, 1
I/libboot (10618): #####encodeRequest begin#####
I/libboot (10618): Sign State = 1
I/libboot (10618): ssodata init 36769245 
I/libboot (10618): ssodata set Simple true
I/libboot (10618): A2 Simple true
I/libboot (10618): IMEI Simple true
I/libboot (10618): Ksid Simple true
I/libboot (10618): uin = 36769245, servicecmd = StatSvc.get lower = statsvc.get
I/libboot (10618): Account size = 1
I/libboot (10618): Account uin: 36769245
I/libboot (10618): encyped by key
I/libboot (10618): #####encode end#######
I/libboot (10618): ParseRecvData begin
I/libboot (10618): totalsize = 190
I/libboot (10618): m_RetCode: 0
I/libboot (10618): ssoData deserialize done
I/libboot (10618): uin = 36769245, cmd = StatSvc.get, recvSize = 190
I/libboot (10618): Parse Other Resp
I/libboot (10618): onResponse done
I/libboot (10618): buffer size is 0, end!
I/libboot (10618): ParseRecvData end
D/dalvikvm( 3272): GC_CONCURRENT freed 467K, 6% free 9532K/10088K, paused 2ms+2ms, total 18ms
D/dalvikvm(  943): GC_CONCURRENT freed 524K, 32% free 10677K/15528K, paused 3ms+6ms, total 57ms
D/GCoreUlr(  943): Throttling analytics event: entity, location_received, 2
D/GCoreUlr(  943): Throttling analytics event: entity, wifi_received, 2
D/GCoreUlr(  943): Throttling analytics event: entity, wifi_attached, 2
D/GCoreUlr(  943): Throttling analytics event: entity, LocationRecordStore:save_attempt, 1
D/GCoreUlr(  943): Throttling analytics event: entity, LocationRecordStore:saved, 1
D/GCoreUlr(  943): Throttling analytics event: entity, LocationRecordStore:save_attempt, 1
D/GCoreUlr(  943): Throttling analytics event: entity, LocationRecordStore:saved, 1
I/GCoreUlr(  943): Successfully inserted location
I/GCoreUlr(  943): Not calling LocationReportingService, hasMoved: false, elapsed millis: 59882, request: Tablet
D/dalvikvm( 3272): GC_CONCURRENT freed 427K, 6% free 9525K/10088K, paused 2ms+1ms, total 19ms
D/ConnectivityService(  564): Sampling interval elapsed, updating statistics ..
D/ConnectivityService(  564): Done.
D/ConnectivityService(  564): Setting timer for 720seconds
D/dalvikvm( 1003): GC_CONCURRENT freed 656K, 7% free 11001K/11752K, paused 3ms+2ms, total 42ms
D/dalvikvm( 1003): WAIT_FOR_CONCURRENT_GC blocked 5ms
D/dalvikvm( 1003): GC_CONCURRENT freed 610K, 7% free 11012K/11752K, paused 2ms+2ms, total 27ms
D/dalvikvm(  564): GC_EXPLICIT freed 617K, 17% free 26264K/31624K, paused 3ms+8ms, total 107ms
D/dalvikvm( 1003): GC_CONCURRENT freed 629K, 7% free 10994K/11752K, paused 1ms+2ms, total 27ms
D/dalvikvm( 1003): GC_CONCURRENT freed 663K, 7% free 10983K/11752K, paused 3ms+3ms, total 36ms
D/dalvikvm( 1003): WAIT_FOR_CONCURRENT_GC blocked 8ms
D/dalvikvm(  943): GC_CONCURRENT freed 513K, 32% free 10615K/15528K, paused 2ms+2ms, total 42ms
D/GCoreUlr(  943): Throttling analytics event: entity, location_received, 2
D/GCoreUlr(  943): Throttling analytics event: entity, wifi_received, 2
D/GCoreUlr(  943): Throttling analytics event: entity, LocationRecordStore:save_attempt, 1
D/GCoreUlr(  943): Throttling analytics event: entity, LocationRecordStore:saved, 1
D/GCoreUlr(  943): Throttling analytics event: entity, LocationRecordStore:save_attempt, 1
D/GCoreUlr(  943): Throttling analytics event: entity, LocationRecordStore:saved, 1
I/GCoreUlr(  943): Successfully inserted location
I/GCoreUlr(  943): Not calling LocationReportingService, hasMoved: false, elapsed millis: 119857, request: Tablet
D/dalvikvm(29163): GC_CONCURRENT freed 384K, 7% free 9832K/10552K, paused 1ms+2ms, total 17ms
D/dalvikvm(29163): GC_CONCURRENT freed 385K, 7% free 9831K/10552K, paused 1ms+3ms, total 19ms
D/dalvikvm(29163): GC_CONCURRENT freed 385K, 7% free 9831K/10552K, paused 1ms+2ms, total 21ms
D/dalvikvm(29163): GC_CONCURRENT freed 385K, 7% free 9831K/10552K, paused 2ms+3ms, total 21ms
D/dalvikvm(29163): GC_CONCURRENT freed 384K, 7% free 9831K/10552K, paused 1ms+1ms, total 20ms
D/dalvikvm(10669): GC_CONCURRENT freed 388K, 5% free 9185K/9640K, paused 1ms+1ms, total 14ms
D/dalvikvm(29163): GC_CONCURRENT freed 384K, 7% free 9831K/10552K, paused 2ms+2ms, total 20ms
D/dalvikvm(29163): GC_CONCURRENT freed 384K, 7% free 9831K/10552K, paused 1ms+1ms, total 17ms
D/GCoreUlr(  943): Throttling analytics event: entity, location_received, 2
D/GCoreUlr(  943): Throttling analytics event: entity, wifi_received, 2
D/GCoreUlr(  943): Throttling analytics event: entity, LocationRecordStore:save_attempt, 1
D/dalvikvm(  943): GC_CONCURRENT freed 406K, 32% free 10630K/15528K, paused 3ms+3ms, total 32ms
D/GCoreUlr(  943): Throttling analytics event: entity, LocationRecordStore:saved, 1
D/GCoreUlr(  943): Throttling analytics event: entity, LocationRecordStore:save_attempt, 1
D/GCoreUlr(  943): Throttling analytics event: entity, LocationRecordStore:saved, 1
I/GCoreUlr(  943): Successfully inserted location
I/GCoreUlr(  943): Not calling LocationReportingService, hasMoved: false, elapsed millis: 179934, request: Tablet
D/dalvikvm(  943): GC_CONCURRENT freed 427K, 32% free 10699K/15528K, paused 1ms+2ms, total 27ms
D/dalvikvm(  801): GC_EXPLICIT freed 234K, 6% free 10080K/10628K, paused 2ms+5ms, total 29ms
D/GCoreUlr(  943): Throttling analytics event: entity, activity_received, 2
D/GCoreUlr(  943): Throttling analytics event: entity, DetectedActivityStore:save_attempt, 1
D/GCoreUlr(  943): Throttling analytics event: entity, DetectedActivityStore:saved, 1
D/GCoreUlr(  943): Throttling analytics event: entity, DetectedActivityStore:save_attempt, 1
D/GCoreUlr(  943): Throttling analytics event: entity, DetectedActivityStore:saved, 1
D/dalvikvm(29163): GC_CONCURRENT freed 384K, 7% free 9831K/10552K, paused 2ms+4ms, total 20ms
D/dalvikvm(29163): GC_CONCURRENT freed 384K, 7% free 9830K/10552K, paused 3ms+3ms, total 20ms
D/dalvikvm(29163): GC_CONCURRENT freed 384K, 7% free 9830K/10552K, paused 1ms+1ms, total 18ms
D/dalvikvm(29163): GC_CONCURRENT freed 384K, 7% free 9830K/10552K, paused 1ms+2ms, total 17ms
D/dalvikvm(29163): GC_CONCURRENT freed 384K, 7% free 9831K/10552K, paused 1ms+3ms, total 20ms
D/dalvikvm( 3272): GC_CONCURRENT freed 495K, 6% free 9529K/10088K, paused 1ms+2ms, total 18ms
D/dalvikvm(29163): GC_CONCURRENT freed 384K, 7% free 9831K/10552K, paused 1ms+3ms, total 19ms
D/dalvikvm(29163): GC_CONCURRENT freed 384K, 7% free 9830K/10552K, paused 1ms+1ms, total 17ms
D/GCoreUlr(  943): Throttling analytics event: entity, location_received, 2
D/GCoreUlr(  943): Throttling analytics event: entity, wifi_received, 2
D/GCoreUlr(  943): Throttling analytics event: entity, wifi_attached, 2
D/GCoreUlr(  943): Throttling analytics event: entity, LocationRecordStore:save_attempt, 1
D/GCoreUlr(  943): Throttling analytics event: entity, LocationRecordStore:saved, 1
D/dalvikvm(  943): GC_CONCURRENT freed 539K, 32% free 10657K/15528K, paused 2ms+3ms, total 28ms
D/GCoreUlr(  943): Throttling analytics event: entity, LocationRecordStore:save_attempt, 1
D/GCoreUlr(  943): Throttling analytics event: entity, LocationRecordStore:saved, 1
I/GCoreUlr(  943): Successfully inserted location
I/GCoreUlr(  943): Not calling LocationReportingService, hasMoved: false, elapsed millis: 239955, request: Tablet
D/dalvikvm(29163): GC_CONCURRENT freed 384K, 7% free 9830K/10552K, paused 1ms+1ms, total 20ms
D/dalvikvm(29163): GC_CONCURRENT freed 384K, 7% free 9830K/10552K, paused 2ms+1ms, total 16ms
D/dalvikvm(10618): GC_CONCURRENT freed 384K, 5% free 10013K/10460K, paused 2ms+3ms, total 20ms
D/dalvikvm(29163): GC_CONCURRENT freed 384K, 7% free 9831K/10552K, paused 2ms+2ms, total 18ms
D/dalvikvm(  564): GC_EXPLICIT freed 774K, 17% free 26258K/31624K, paused 4ms+7ms, total 128ms
D/GCoreUlr(  943): Throttling analytics event: entity, location_received, 2
D/GCoreUlr(  943): Throttling analytics event: entity, wifi_received, 2
D/GCoreUlr(  943): Throttling analytics event: entity, LocationRecordStore:save_attempt, 1
D/GCoreUlr(  943): Throttling analytics event: entity, LocationRecordStore:saved, 1
D/GCoreUlr(  943): Throttling analytics event: entity, LocationRecordStore:save_attempt, 1
D/GCoreUlr(  943): Throttling analytics event: entity, LocationRecordStore:saved, 1
I/GCoreUlr(  943): Successfully inserted location
I/GCoreUlr(  943): Not calling LocationReportingService, hasMoved: false, elapsed millis: 306398, request: Tablet
I/libboot (10618): #####encodeRequest begin#####
I/libboot (10618): Sign State = 1
I/libboot (10618): ssodata init 36769245 
I/libboot (10618): ssodata set Simple true
I/libboot (10618): A2 Simple true
I/libboot (10618): IMEI Simple true
I/libboot (10618): Ksid Simple true
I/libboot (10618): uin = 36769245, servicecmd = StatSvc.get lower = statsvc.get
I/libboot (10618): Account size = 1
I/libboot (10618): Account uin: 36769245
I/libboot (10618): encyped by key
I/libboot (10618): #####encode end#######
I/libboot (10618): ParseRecvData begin
I/libboot (10618): totalsize = 190
I/libboot (10618): m_RetCode: 0
I/libboot (10618): ssoData deserialize done
I/libboot (10618): uin = 36769245, cmd = StatSvc.get, recvSize = 190
I/libboot (10618): Parse Other Resp
I/libboot (10618): onResponse done
I/libboot (10618): buffer size is 0, end!
I/libboot (10618): ParseRecvData end
D/dalvikvm( 3272): GC_CONCURRENT freed 496K, 6% free 9521K/10088K, paused 2ms+1ms, total 22ms
D/dalvikvm( 3272): WAIT_FOR_CONCURRENT_GC blocked 15ms
I/Adreno-EGL(28156): <qeglDrvAPI_eglInitialize:320>: EGL 1.4 QUALCOMM Build: I0404c4692afb8623f95c43aeb6d5e13ed4b30ddbDate: 11/06/13
I/EventLogService( 1003): Aggregate from 1404166292985 (log), 1404166292985 (data)
I/ServiceDumpSys( 1003): dumping service [account]
D/dalvikvm(  943): GC_CONCURRENT freed 560K, 32% free 10637K/15528K, paused 3ms+2ms, total 26ms
D/dalvikvm(  943): WAIT_FOR_CONCURRENT_GC blocked 11ms
D/GCoreUlr(  943): Throttling analytics event: entity, location_received, 2
D/GCoreUlr(  943): Throttling analytics event: entity, wifi_received, 2
D/GCoreUlr(  943): Throttling analytics event: entity, LocationRecordStore:save_attempt, 1
D/GCoreUlr(  943): Throttling analytics event: entity, LocationRecordStore:saved, 1
D/GCoreUlr(  943): Throttling analytics event: entity, LocationRecordStore:save_attempt, 1
D/GCoreUlr(  943): Throttling analytics event: entity, LocationRecordStore:saved, 1
I/GCoreUlr(  943): Successfully inserted location
I/GCoreUlr(  943): Not calling LocationReportingService, hasMoved: false, elapsed millis: 367467, request: Tablet
D/dalvikvm(  943): GC_CONCURRENT freed 453K, 31% free 10714K/15528K, paused 3ms+2ms, total 28ms
D/dalvikvm(  943): WAIT_FOR_CONCURRENT_GC blocked 23ms
I/GCoreUlr(  943): Received powerMode change from NLP: com.google.android.location.activity.LOW_POWER_MODE_ENABLED
I/GCoreUlr(  943): Starting service, intent=Intent { act=com.google.android.location.reporting.ACTION_UPDATE_ACTIVE_STATE cmp=com.google.android.gms/com.google.android.location.reporting.service.DispatchingService }, extras=null
D/GCoreUlr(  943): Throttling analytics event: db, restrict_to:attempt, 1
D/GCoreUlr(  943): Throttling analytics event: db, restrict_to:attempt, 1
D/GCoreUlr(  943): Throttling analytics event: db, restrict_to:attempt, 1
I/GCoreUlr(  943): Ensuring that reporting is active for [account#10#, account#15#]
I/GCoreUlr(  943): Starting service, intent=Intent { act=com.google.android.location.reporting.ACTION_LOCATION_STATUS cmp=com.google.android.gms/com.google.android.location.reporting.service.DispatchingService (has extras) }, extras=Bundle[{status=LocationStatus[cell status: STATUS_SUCCESSFUL, wifi status: STATUS_SUCCESSFUL, elapsed realtime ns: 84895308894870]}]
D/GCoreUlr(  943): Throttling analytics event: entity, metadata_created, 2
D/GCoreUlr(  943): Throttling analytics event: entity, ApiMetadataStore:save_attempt, 1
D/GCoreUlr(  943): Throttling analytics event: entity, ApiMetadataStore:saved, 1
D/GCoreUlr(  943): Throttling analytics event: entity, ApiMetadataStore:save_attempt, 1
D/GCoreUlr(  943): Throttling analytics event: entity, ApiMetadataStore:saved, 1
I/GCoreUlr(  943): GMS FLP location and AR updates requested: {"timestampMs":1404168143493,"description":"stationary","samplePeriodMs":1080000,"sampleSource":"internal","sampleReason":"stationary"}
D/GCoreUlr(  943): Throttling analytics event: entity, activity_received, 2
D/GCoreUlr(  943): Throttling analytics event: entity, DetectedActivityStore:save_attempt, 1
D/GCoreUlr(  943): Throttling analytics event: entity, DetectedActivityStore:saved, 1
D/GCoreUlr(  943): Throttling analytics event: entity, DetectedActivityStore:save_attempt, 1
D/GCoreUlr(  943): Throttling analytics event: entity, DetectedActivityStore:saved, 1
D/GCoreUlr(  943): Throttling analytics event: entity, ApiMetadataStore:save_attempt, 1
D/GCoreUlr(  943): Throttling analytics event: entity, ApiMetadataStore:saved, 1
D/GCoreUlr(  943): Throttling analytics event: entity, ApiMetadataStore:save_attempt, 1
D/GCoreUlr(  943): Throttling analytics event: entity, ApiMetadataStore:saved, 1
D/dalvikvm( 3272): GC_CONCURRENT freed 392K, 6% free 9532K/10088K, paused 1ms+2ms, total 18ms
D/dalvikvm(  943): GC_CONCURRENT freed 626K, 32% free 10648K/15528K, paused 8ms+2ms, total 32ms
D/dalvikvm(  943): WAIT_FOR_CONCURRENT_GC blocked 17ms
D/GCoreUlr(  943): Throttling analytics event: entity, location_received, 2
D/GCoreUlr(  943): Throttling analytics event: entity, wifi_received, 2
D/GCoreUlr(  943): Throttling analytics event: entity, wifi_attached, 2
D/GCoreUlr(  943): Throttling analytics event: entity, LocationRecordStore:save_attempt, 1
D/GCoreUlr(  943): Throttling analytics event: entity, LocationRecordStore:saved, 1
D/GCoreUlr(  943): Throttling analytics event: entity, LocationRecordStore:save_attempt, 1
D/GCoreUlr(  943): Throttling analytics event: entity, LocationRecordStore:saved, 1
I/GCoreUlr(  943): Successfully inserted location
I/GCoreUlr(  943): Not calling LocationReportingService, hasMoved: false, elapsed millis: 427613, request: Tablet
D/dalvikvm( 1003): GC_CONCURRENT freed 625K, 7% free 10998K/11752K, paused 1ms+4ms, total 33ms
D/dalvikvm(  564): GC_EXPLICIT freed 926K, 17% free 26264K/31624K, paused 3ms+8ms, total 100ms
D/dalvikvm( 1003): GC_CONCURRENT freed 629K, 7% free 10989K/11752K, paused 1ms+3ms, total 23ms
D/dalvikvm( 1003): GC_CONCURRENT freed 611K, 7% free 10994K/11752K, paused 2ms+3ms, total 24ms
D/dalvikvm( 1003): GC_CONCURRENT freed 646K, 7% free 10983K/11752K, paused 2ms+3ms, total 24ms
